#-----------------------------------------------------------
# Vivado v2024.2 (64-bit)
# SW Build 5239630 on Fri Nov 08 22:35:27 MST 2024
# IP Build 5239520 on Sun Nov 10 16:12:51 MST 2024
# SharedData Build 5239561 on Fri Nov 08 14:39:27 MST 2024
# Start of session at: Thu May 29 10:53:42 2025
# Process ID         : 404
# Current directory  : C:/Users/Facun/Desktop/TD1_TPS_Locales/Exercise_Guide_Chapter_6/guia_6
# Command line       : vivado.exe -gui_launcher_event rodinguilauncherevent10304 C:\Users\Facun\Desktop\TD1_TPS_Locales\Exercise_Guide_Chapter_6\guia_6\guia_6.xpr
# Log file           : C:/Users/Facun/Desktop/TD1_TPS_Locales/Exercise_Guide_Chapter_6/guia_6/vivado.log
# Journal file       : C:/Users/Facun/Desktop/TD1_TPS_Locales/Exercise_Guide_Chapter_6/guia_6\vivado.jou
# Running On         : DESKTOP-38PF9T6
# Platform           : Windows Server 2016 or Windows 10
# Operating System   : 19045
# Processor Detail   : Intel(R) Core(TM) i5-1035G1 CPU @ 1.00GHz
# CPU Frequency      : 1190 MHz
# CPU Physical cores : 4
# CPU Logical cores  : 8
# Host memory        : 8334 MB
# Swap memory        : 8053 MB
# Total Virtual      : 16387 MB
# Available Virtual  : 8345 MB
#-----------------------------------------------------------
start_gui
open_project C:/Users/Facun/Desktop/TD1_TPS_Locales/Exercise_Guide_Chapter_6/guia_6/guia_6.xpr
INFO: [Project 1-313] Project file moved from 'C:/Users/Facun/Desktop/GitLab_UTN _BA/Exercise_Guides_and_Project_TD1/fcostarelli/Exercise_Guide_Chapter_6/guia_6' since last save.
INFO: [filemgmt 56-3] Default IP Output Path : Could not find the directory 'C:/Users/Facun/Desktop/TD1_TPS_Locales/Exercise_Guide_Chapter_6/guia_6/guia_6.gen/sources_1'.
Scanning sources...
Finished scanning sources
INFO: [IP_Flow 19-234] Refreshing IP repositories
INFO: [IP_Flow 19-1704] No user IP repositories specified
INFO: [IP_Flow 19-2313] Loaded Vivado IP repository 'C:/Xilinx/Vivado/2024.2/data/ip'.
update_compile_order -fileset sources_1
add_files -norecurse C:/Users/Facun/Desktop/TD1_TPS_Locales/Exercise_Guide_Chapter_6/guia_6/guia_6.srcs/sources_1/new/deco3a8eEna.vhd
update_compile_order -fileset sources_1
export_ip_user_files -of_objects  [get_files C:/Users/Facun/Desktop/TD1_TPS_Locales/Exercise_Guide_Chapter_6/guia_6/guia_6.srcs/sources_1/new/deco3a8eEna.vhd] -no_script -reset -force -quiet
remove_files  C:/Users/Facun/Desktop/TD1_TPS_Locales/Exercise_Guide_Chapter_6/guia_6/guia_6.srcs/sources_1/new/deco3a8eEna.vhd
remove_files  C:/Users/Facun/Desktop/TD1_TPS_Locales/Exercise_Guide_Chapter_6/guia_6/guia_6.srcs/sources_1/new/deco3a8eEna.vhd
WARNING: [Vivado 12-818] No files matched 'C:/Users/Facun/Desktop/TD1_TPS_Locales/Exercise_Guide_Chapter_6/guia_6/guia_6.srcs/sources_1/new/deco3a8eEna.vhd'
add_files -norecurse C:/Users/Facun/Desktop/TD1_TPS_Locales/Exercise_Guide_Chapter_6/guia_6/guia_6.srcs/sources_1/new/deco3a8eEna.vhd
update_compile_order -fileset sources_1
exit
INFO: [Common 17-206] Exiting Vivado at Thu May 29 11:14:19 2025...
