
*** Running vivado
    with args -log miniAlu.vds -m64 -product Vivado -mode batch -messageDb vivado.pb -notrace -source miniAlu.tcl



****** Vivado v2024.2 (64-bit)
  **** SW Build 5239630 on Fri Nov 08 22:35:27 MST 2024
  **** IP Build 5239520 on Sun Nov 10 16:12:51 MST 2024
  **** SharedData Build 5239561 on Fri Nov 08 14:39:27 MST 2024
  **** Start of session at: Fri Jul  4 16:32:38 2025
    ** Copyright 1986-2022 Xilinx, Inc. All Rights Reserved.
    ** Copyright 2022-2024 Advanced Micro Devices, Inc. All Rights Reserved.

source miniAlu.tcl -notrace
Command: synth_design -top miniAlu -part xc7z010clg400-1
Starting synth_design
Attempting to get a license for feature 'Synthesis' and/or device 'xc7z010'
INFO: [Common 17-349] Got license for feature 'Synthesis' and/or device 'xc7z010'
INFO: [Synth 8-7079] Multithreading enabled for synth_design using a maximum of 2 processes.
INFO: [Synth 8-7078] Launching helper process for spawning children vivado processes
INFO: [Synth 8-7075] Helper process launched with PID 14624
---------------------------------------------------------------------------------
Starting Synthesize : Time (s): cpu = 00:00:08 ; elapsed = 00:00:10 . Memory (MB): peak = 845.305 ; gain = 476.223
---------------------------------------------------------------------------------
INFO: [Synth 8-638] synthesizing module 'miniAlu' [C:/Users/Facun/Desktop/TD1_TPS_Locales/Exercise_Guide_Chapter_8/guia_8/guia_8.srcs/sources_1/new/miniAlu.vhd:41]
	Parameter N bound to: 16 - type: integer 
	Parameter ES_SIGNED bound to: 1 - type: bool 
INFO: [Synth 8-3491] module 'SumadorRestador_N_Bits_SignedUnsigned_CinCoutOverflow' declared at 'C:/Users/Facun/Desktop/TD1_TPS_Locales/Exercise_Guide_Chapter_8/guia_8/guia_8.srcs/sources_1/new/SumadorRestador_N_Bits_SignedUnsigned_CinCoutOverflow.vhd:26' bound to instance 'Inst_FullAdderExtended_N_Bits_SI_UN_CinCoutOv' of component 'SumadorRestador_N_Bits_SignedUnsigned_CinCoutOverflow' [C:/Users/Facun/Desktop/TD1_TPS_Locales/Exercise_Guide_Chapter_8/guia_8/guia_8.srcs/sources_1/new/miniAlu.vhd:91]
INFO: [Synth 8-638] synthesizing module 'SumadorRestador_N_Bits_SignedUnsigned_CinCoutOverflow' [C:/Users/Facun/Desktop/TD1_TPS_Locales/Exercise_Guide_Chapter_8/guia_8/guia_8.srcs/sources_1/new/SumadorRestador_N_Bits_SignedUnsigned_CinCoutOverflow.vhd:42]
	Parameter N bound to: 16 - type: integer 
	Parameter ES_SIGNED bound to: 1 - type: bool 
	Parameter N bound to: 16 - type: integer 
	Parameter ES_SIGNED bound to: 1 - type: bool 
INFO: [Synth 8-3491] module 'Sumador_N_Bits_Cin_Cout' declared at 'C:/Users/Facun/Desktop/TD1_TPS_Locales/Exercise_Guide_Chapter_8/guia_8/guia_8.srcs/sources_1/new/Sumador_N_Bits_Cin_Cout.vhd:25' bound to instance 'Inst_Sumador' of component 'Sumador_N_Bits_Cin_Cout' [C:/Users/Facun/Desktop/TD1_TPS_Locales/Exercise_Guide_Chapter_8/guia_8/guia_8.srcs/sources_1/new/SumadorRestador_N_Bits_SignedUnsigned_CinCoutOverflow.vhd:69]
INFO: [Synth 8-638] synthesizing module 'Sumador_N_Bits_Cin_Cout' [C:/Users/Facun/Desktop/TD1_TPS_Locales/Exercise_Guide_Chapter_8/guia_8/guia_8.srcs/sources_1/new/Sumador_N_Bits_Cin_Cout.vhd:39]
	Parameter N bound to: 16 - type: integer 
	Parameter ES_SIGNED bound to: 1 - type: bool 
INFO: [Synth 8-256] done synthesizing module 'Sumador_N_Bits_Cin_Cout' (0#1) [C:/Users/Facun/Desktop/TD1_TPS_Locales/Exercise_Guide_Chapter_8/guia_8/guia_8.srcs/sources_1/new/Sumador_N_Bits_Cin_Cout.vhd:39]
	Parameter N bound to: 16 - type: integer 
	Parameter ES_SIGNED bound to: 1 - type: bool 
INFO: [Synth 8-3491] module 'Restador_N_Bits_Bin_Bout' declared at 'C:/Users/Facun/Desktop/TD1_TPS_Locales/Exercise_Guide_Chapter_8/guia_8/guia_8.srcs/sources_1/new/Restador_N_Bits_Bin_Bout.vhd:25' bound to instance 'Inst_Restador' of component 'Restador_N_Bits_Bin_Bout' [C:/Users/Facun/Desktop/TD1_TPS_Locales/Exercise_Guide_Chapter_8/guia_8/guia_8.srcs/sources_1/new/SumadorRestador_N_Bits_SignedUnsigned_CinCoutOverflow.vhd:80]
INFO: [Synth 8-638] synthesizing module 'Restador_N_Bits_Bin_Bout' [C:/Users/Facun/Desktop/TD1_TPS_Locales/Exercise_Guide_Chapter_8/guia_8/guia_8.srcs/sources_1/new/Restador_N_Bits_Bin_Bout.vhd:39]
	Parameter N bound to: 16 - type: integer 
	Parameter ES_SIGNED bound to: 1 - type: bool 
INFO: [Synth 8-256] done synthesizing module 'Restador_N_Bits_Bin_Bout' (0#1) [C:/Users/Facun/Desktop/TD1_TPS_Locales/Exercise_Guide_Chapter_8/guia_8/guia_8.srcs/sources_1/new/Restador_N_Bits_Bin_Bout.vhd:39]
INFO: [Synth 8-256] done synthesizing module 'SumadorRestador_N_Bits_SignedUnsigned_CinCoutOverflow' (0#1) [C:/Users/Facun/Desktop/TD1_TPS_Locales/Exercise_Guide_Chapter_8/guia_8/guia_8.srcs/sources_1/new/SumadorRestador_N_Bits_SignedUnsigned_CinCoutOverflow.vhd:42]
INFO: [Synth 8-256] done synthesizing module 'miniAlu' (0#1) [C:/Users/Facun/Desktop/TD1_TPS_Locales/Exercise_Guide_Chapter_8/guia_8/guia_8.srcs/sources_1/new/miniAlu.vhd:41]
---------------------------------------------------------------------------------
Finished Synthesize : Time (s): cpu = 00:00:10 ; elapsed = 00:00:13 . Memory (MB): peak = 950.699 ; gain = 581.617
---------------------------------------------------------------------------------
---------------------------------------------------------------------------------
Finished Constraint Validation : Time (s): cpu = 00:00:11 ; elapsed = 00:00:14 . Memory (MB): peak = 950.699 ; gain = 581.617
---------------------------------------------------------------------------------
---------------------------------------------------------------------------------
Start Loading Part and Timing Information
---------------------------------------------------------------------------------
Loading part: xc7z010clg400-1
---------------------------------------------------------------------------------
Finished Loading Part and Timing Information : Time (s): cpu = 00:00:11 ; elapsed = 00:00:14 . Memory (MB): peak = 950.699 ; gain = 581.617
---------------------------------------------------------------------------------
INFO: [Device 21-403] Loading part xc7z010clg400-1
---------------------------------------------------------------------------------
Finished RTL Optimization Phase 2 : Time (s): cpu = 00:00:12 ; elapsed = 00:00:14 . Memory (MB): peak = 950.699 ; gain = 581.617
---------------------------------------------------------------------------------
No constraint files found.
---------------------------------------------------------------------------------
Start RTL Component Statistics 
---------------------------------------------------------------------------------
Detailed RTL Component Info : 
+---Adders : 
	   2 Input   18 Bit       Adders := 1     
	   3 Input   18 Bit       Adders := 1     
+---XORs : 
	   2 Input     16 Bit         XORs := 1     
+---Muxes : 
	   2 Input   16 Bit        Muxes := 3     
	   4 Input   16 Bit        Muxes := 1     
	   3 Input   15 Bit        Muxes := 1     
	   2 Input    1 Bit        Muxes := 3     
	   3 Input    1 Bit        Muxes := 1     
---------------------------------------------------------------------------------
Finished RTL Component Statistics 
---------------------------------------------------------------------------------
---------------------------------------------------------------------------------
Start Part Resource Summary
---------------------------------------------------------------------------------
Part Resources:
DSPs: 80 (col length:40)
BRAMs: 120 (col length: RAMB18 40 RAMB36 20)
---------------------------------------------------------------------------------
Finished Part Resource Summary
---------------------------------------------------------------------------------
No constraint files found.
---------------------------------------------------------------------------------
Start Cross Boundary and Area Optimization
---------------------------------------------------------------------------------
WARNING: [Synth 8-7080] Parallel synthesis criteria is not met
---------------------------------------------------------------------------------
Finished Cross Boundary and Area Optimization : Time (s): cpu = 00:00:18 ; elapsed = 00:00:35 . Memory (MB): peak = 1175.871 ; gain = 806.789
---------------------------------------------------------------------------------
No constraint files found.
---------------------------------------------------------------------------------
Start Timing Optimization
---------------------------------------------------------------------------------
---------------------------------------------------------------------------------
Finished Timing Optimization : Time (s): cpu = 00:00:18 ; elapsed = 00:00:35 . Memory (MB): peak = 1175.871 ; gain = 806.789
---------------------------------------------------------------------------------
---------------------------------------------------------------------------------
Start Technology Mapping
---------------------------------------------------------------------------------
---------------------------------------------------------------------------------
Finished Technology Mapping : Time (s): cpu = 00:00:18 ; elapsed = 00:00:35 . Memory (MB): peak = 1175.871 ; gain = 806.789
---------------------------------------------------------------------------------
---------------------------------------------------------------------------------
Start IO Insertion
---------------------------------------------------------------------------------
---------------------------------------------------------------------------------
Start Flattening Before IO Insertion
---------------------------------------------------------------------------------
---------------------------------------------------------------------------------
Finished Flattening Before IO Insertion
---------------------------------------------------------------------------------
---------------------------------------------------------------------------------
Start Final Netlist Cleanup
---------------------------------------------------------------------------------
---------------------------------------------------------------------------------
Finished Final Netlist Cleanup
---------------------------------------------------------------------------------
---------------------------------------------------------------------------------
Finished IO Insertion : Time (s): cpu = 00:00:23 ; elapsed = 00:00:40 . Memory (MB): peak = 1358.859 ; gain = 989.777
---------------------------------------------------------------------------------
---------------------------------------------------------------------------------
Start Renaming Generated Instances
---------------------------------------------------------------------------------
---------------------------------------------------------------------------------
Finished Renaming Generated Instances : Time (s): cpu = 00:00:23 ; elapsed = 00:00:40 . Memory (MB): peak = 1358.859 ; gain = 989.777
---------------------------------------------------------------------------------
---------------------------------------------------------------------------------
Start Rebuilding User Hierarchy
---------------------------------------------------------------------------------
---------------------------------------------------------------------------------
Finished Rebuilding User Hierarchy : Time (s): cpu = 00:00:23 ; elapsed = 00:00:40 . Memory (MB): peak = 1358.859 ; gain = 989.777
---------------------------------------------------------------------------------
---------------------------------------------------------------------------------
Start Renaming Generated Ports
---------------------------------------------------------------------------------
---------------------------------------------------------------------------------
Finished Renaming Generated Ports : Time (s): cpu = 00:00:23 ; elapsed = 00:00:40 . Memory (MB): peak = 1358.859 ; gain = 989.777
---------------------------------------------------------------------------------
---------------------------------------------------------------------------------
Start Handling Custom Attributes
---------------------------------------------------------------------------------
---------------------------------------------------------------------------------
Finished Handling Custom Attributes : Time (s): cpu = 00:00:23 ; elapsed = 00:00:40 . Memory (MB): peak = 1358.859 ; gain = 989.777
---------------------------------------------------------------------------------
---------------------------------------------------------------------------------
Start Renaming Generated Nets
---------------------------------------------------------------------------------
---------------------------------------------------------------------------------
Finished Renaming Generated Nets : Time (s): cpu = 00:00:23 ; elapsed = 00:00:40 . Memory (MB): peak = 1358.859 ; gain = 989.777
---------------------------------------------------------------------------------
---------------------------------------------------------------------------------
Start Writing Synthesis Report
---------------------------------------------------------------------------------

Report BlackBoxes: 
+-+--------------+----------+
| |BlackBox name |Instances |
+-+--------------+----------+
+-+--------------+----------+

Report Cell Usage: 
+------+-------+------+
|      |Cell   |Count |
+------+-------+------+
|1     |CARRY4 |    10|
|2     |LUT1   |     1|
|3     |LUT2   |    31|
|4     |LUT3   |     2|
|5     |LUT4   |    21|
|6     |LUT5   |    17|
|7     |LUT6   |    35|
|8     |MUXF7  |     1|
|9     |IBUF   |    38|
|10    |OBUF   |    20|
+------+-------+------+

Report Instance Areas: 
+------+------------------------------------------------+------------------------------------------------------+------+
|      |Instance                                        |Module                                                |Cells |
+------+------------------------------------------------+------------------------------------------------------+------+
|1     |top                                             |                                                      |   176|
|2     |  Inst_FullAdderExtended_N_Bits_SI_UN_CinCoutOv |SumadorRestador_N_Bits_SignedUnsigned_CinCoutOverflow |   118|
|3     |    Inst_Restador                               |Restador_N_Bits_Bin_Bout                              |    27|
|4     |    Inst_Sumador                                |Sumador_N_Bits_Cin_Cout                               |    91|
+------+------------------------------------------------+------------------------------------------------------+------+
---------------------------------------------------------------------------------
Finished Writing Synthesis Report : Time (s): cpu = 00:00:23 ; elapsed = 00:00:41 . Memory (MB): peak = 1358.859 ; gain = 989.777
---------------------------------------------------------------------------------
Synthesis finished with 0 errors, 0 critical warnings and 1 warnings.
Synthesis Optimization Runtime : Time (s): cpu = 00:00:23 ; elapsed = 00:00:41 . Memory (MB): peak = 1358.859 ; gain = 989.777
Synthesis Optimization Complete : Time (s): cpu = 00:00:23 ; elapsed = 00:00:41 . Memory (MB): peak = 1358.859 ; gain = 989.777
INFO: [Project 1-571] Translating synthesized netlist
Netlist sorting complete. Time (s): cpu = 00:00:00 ; elapsed = 00:00:00.005 . Memory (MB): peak = 1372.941 ; gain = 0.000
INFO: [Netlist 29-17] Analyzing 11 Unisim elements for replacement
INFO: [Netlist 29-28] Unisim Transformation completed in 0 CPU seconds
INFO: [Project 1-570] Preparing netlist for logic optimization
INFO: [Opt 31-138] Pushed 0 inverter(s) to 0 load pin(s).
Netlist sorting complete. Time (s): cpu = 00:00:00 ; elapsed = 00:00:00.001 . Memory (MB): peak = 1487.043 ; gain = 0.000
INFO: [Project 1-111] Unisim Transformation Summary:
No Unisim elements were transformed.

Synth Design complete | Checksum: 2ee4a99
INFO: [Common 17-83] Releasing license: Synthesis
23 Infos, 1 Warnings, 0 Critical Warnings and 0 Errors encountered.
synth_design completed successfully
synth_design: Time (s): cpu = 00:00:25 ; elapsed = 00:00:45 . Memory (MB): peak = 1487.043 ; gain = 1119.949
Write ShapeDB Complete: Time (s): cpu = 00:00:01 ; elapsed = 00:00:00.011 . Memory (MB): peak = 1487.043 ; gain = 0.000
INFO: [Common 17-1381] The checkpoint 'C:/Users/Facun/Desktop/TD1_TPS_Locales/Exercise_Guide_Chapter_8/guia_8/guia_8.runs/synth_1/miniAlu.dcp' has been generated.
INFO: [Vivado 12-24828] Executing command : report_utilization -file miniAlu_utilization_synth.rpt -pb miniAlu_utilization_synth.pb
INFO: [Common 17-206] Exiting Vivado at Fri Jul  4 16:33:33 2025...
