C:\Users\Facun\Documents\MCUXpressoIDE_11.10.0_3148\workspace\SPO2_HR/Utils/queue/Queue.h:108:7:Queue::Queue()	16	static
../Drivers_LPC845/esp8266/ESP8266.cpp:31:1:ESP8266::ESP8266(serialCom*)	24	static
../Drivers_LPC845/esp8266/ESP8266.cpp:68:6:static void ESP8266::timer_handler()	8	static
../Drivers_LPC845/esp8266/ESP8266.cpp:88:6:void ESP8266::process_next()	32	static
../Drivers_LPC845/esp8266/ESP8266.cpp:134:6:bool ESP8266::check_response_ok()	32	static
../Drivers_LPC845/esp8266/ESP8266.cpp:203:6:virtual void ESP8266::callback()	16	static
../Drivers_LPC845/esp8266/ESP8266.cpp:222:6:void ESP8266::init_module()	144	static
../Drivers_LPC845/esp8266/ESP8266.cpp:347:6:bool ESP8266::check_wifi_connected()	16	static
../Drivers_LPC845/esp8266/ESP8266.cpp:370:6:void ESP8266::send(uint32_t)	32	static
../Drivers_LPC845/esp8266/ESP8266.cpp:401:6:void send_length_func(uint32_t)	32	static
../Drivers_LPC845/esp8266/ESP8266.cpp:430:6:void ESP8266::send_length(uint8_t)	336	static
../Drivers_LPC845/esp8266/ESP8266.cpp:463:6:void send_data_func(uint32_t)	16	static
../Drivers_LPC845/esp8266/ESP8266.cpp:495:9:uint8_t ESP8266::size_of_digits(int32_t)	24	static
