Copyright 1986-2022 Xilinx, Inc. All Rights Reserved. Copyright 2022-2024 Advanced Micro Devices, Inc. All Rights Reserved.
---------------------------------------------------------------------------------------------------------------------------------------------
| Tool Version : Vivado v.2024.2 (win64) Build 5239630 Fri Nov 08 22:35:27 MST 2024
| Date         : Thu Oct 23 09:59:49 2025
| Host         : DESKTOP-38PF9T6 running 64-bit major release  (build 9200)
| Command      : report_control_sets -verbose -file microIO_control_sets_placed.rpt
| Design       : microIO
| Device       : xc7z010i
---------------------------------------------------------------------------------------------------------------------------------------------

Control Set Information

Table of Contents
-----------------
1. Summary
2. Histogram
3. Flip-Flop Distribution
4. Detailed Control Set Information

1. Summary
----------

+----------------------------------------------------------+-------+
|                          Status                          | Count |
+----------------------------------------------------------+-------+
| Total control sets                                       |    12 |
|    Minimum number of control sets                        |    12 |
|    Addition due to synthesis replication                 |     0 |
|    Addition due to physical synthesis replication        |     0 |
| Unused register locations in slices containing registers |    42 |
+----------------------------------------------------------+-------+
* Control sets can be merged at opt_design using control_set_merge or merge_equivalent_drivers
** Run report_qor_suggestions for automated merging and remapping suggestions


2. Histogram
------------

+--------------------+-------+
|       Fanout       | Count |
+--------------------+-------+
| Total control sets |    12 |
| >= 0 to < 4        |     1 |
| >= 4 to < 6        |     2 |
| >= 6 to < 8        |     2 |
| >= 8 to < 10       |     2 |
| >= 10 to < 12      |     2 |
| >= 12 to < 14      |     0 |
| >= 14 to < 16      |     0 |
| >= 16              |     3 |
+--------------------+-------+
* Control sets can be remapped at either synth_design or opt_design


3. Flip-Flop Distribution
-------------------------

+--------------+-----------------------+------------------------+-----------------+--------------+
| Clock Enable | Synchronous Set/Reset | Asynchronous Set/Reset | Total Registers | Total Slices |
+--------------+-----------------------+------------------------+-----------------+--------------+
| No           | No                    | No                     |               3 |            2 |
| No           | No                    | Yes                    |               0 |            0 |
| No           | Yes                   | No                     |              69 |           27 |
| Yes          | No                    | No                     |               0 |            0 |
| Yes          | No                    | Yes                    |               0 |            0 |
| Yes          | Yes                   | No                     |              78 |           34 |
+--------------+-----------------------+------------------------+-----------------+--------------+


4. Detailed Control Set Information
-----------------------------------

+----------------+-------------------------------------------------+---------------------------------------------------------------+------------------+----------------+--------------+
|  Clock Signal  |                  Enable Signal                  |                        Set/Reset Signal                       | Slice Load Count | Bel Load Count | Bels / Slice |
+----------------+-------------------------------------------------+---------------------------------------------------------------+------------------+----------------+--------------+
|  clk_IBUF_BUFG |                                                 |                                                               |                2 |              3 |         1.50 |
|  clk_IBUF_BUFG | uartInst/Uart_Rx/SamplingCounter_RxData/E[0]    | uartInst/Uart_Rx/RxBitsCounter/cnt_S_U[3]_i_1__2_n_0          |                1 |              4 |         4.00 |
|  clk_IBUF_BUFG | uartInst/Uart_Tx/TransmitingCounter_TxData/E[0] | uartInst/Uart_Tx/TxBitsCounter/cnt_S_U[3]_i_1__0_n_0          |                1 |              4 |         4.00 |
|  clk_IBUF_BUFG |                                                 | uartInst/Uart_Rx/SamplingCounter_RxData/cnt_S_U[6]_i_1__0_n_0 |                3 |              7 |         2.33 |
|  clk_IBUF_BUFG |                                                 | uartInst/Uart_Tx/sckEdgeDetector/SR[0]                        |                2 |              7 |         3.50 |
|  clk_IBUF_BUFG | uartInst/Uart_Rx/dataRd_flag_q_reg_n_0          | rst_IBUF                                                      |                1 |              8 |         8.00 |
|  clk_IBUF_BUFG | uartInst/Uart_Rx/SamplingCounter_RxData/E[0]    | rst_IBUF                                                      |                2 |              9 |         4.50 |
|  clk_IBUF_BUFG | uartInst/Uart_Tx/sckEdgeDetector/ena            | rst_IBUF                                                      |                5 |             10 |         2.00 |
|  clk_IBUF_BUFG | ucInst/E[0]                                     | rst_IBUF                                                      |                7 |             10 |         1.43 |
|  clk_IBUF_BUFG | ucInst/Q[5]                                     | rst_IBUF                                                      |                6 |             16 |         2.67 |
|  clk_IBUF_BUFG | ucInst/Q[1]                                     | rst_IBUF                                                      |               11 |             17 |         1.55 |
|  clk_IBUF_BUFG |                                                 | rst_IBUF                                                      |               22 |             55 |         2.50 |
+----------------+-------------------------------------------------+---------------------------------------------------------------+------------------+----------------+--------------+


