Archive member included to satisfy reference by file (symbol)

C:/nxp/MCUXpressoIDE_11.10.0_3148/ide/plugins/com.nxp.mcuxpresso.tools.win32_11.10.0.202311280810/tools/bin/../lib/gcc/arm-none-eabi/13.2.1/thumb/v6-m/nofp\libgcc.a(_udivsi3.o)
                              ./Utils/strings/strings.o (__aeabi_uidiv)
C:/nxp/MCUXpressoIDE_11.10.0_3148/ide/plugins/com.nxp.mcuxpresso.tools.win32_11.10.0.202311280810/tools/bin/../lib/gcc/arm-none-eabi/13.2.1/thumb/v6-m/nofp\libgcc.a(_divsi3.o)
                              ./src/MdeMAX30102.o (__aeabi_idiv)
C:/nxp/MCUXpressoIDE_11.10.0_3148/ide/plugins/com.nxp.mcuxpresso.tools.win32_11.10.0.202311280810/tools/bin/../lib/gcc/arm-none-eabi/13.2.1/thumb/v6-m/nofp\libgcc.a(_dvmd_tls.o)
                              C:/nxp/MCUXpressoIDE_11.10.0_3148/ide/plugins/com.nxp.mcuxpresso.tools.win32_11.10.0.202311280810/tools/bin/../lib/gcc/arm-none-eabi/13.2.1/thumb/v6-m/nofp\libgcc.a(_udivsi3.o) (__aeabi_idiv0)
C:/nxp/MCUXpressoIDE_11.10.0_3148/ide/plugins/com.nxp.mcuxpresso.tools.win32_11.10.0.202311280810/tools/bin/../lib/gcc/arm-none-eabi/13.2.1/thumb/v6-m/nofp\libc.a(libc_a-malloc.o)
                              ./Drivers_LPC845/cr_cpp_config.o (malloc)
C:/nxp/MCUXpressoIDE_11.10.0_3148/ide/plugins/com.nxp.mcuxpresso.tools.win32_11.10.0.202311280810/tools/bin/../lib/gcc/arm-none-eabi/13.2.1/thumb/v6-m/nofp\libc.a(libc_a-mallocr.o)
                              C:/nxp/MCUXpressoIDE_11.10.0_3148/ide/plugins/com.nxp.mcuxpresso.tools.win32_11.10.0.202311280810/tools/bin/../lib/gcc/arm-none-eabi/13.2.1/thumb/v6-m/nofp\libc.a(libc_a-malloc.o) (_malloc_r)
C:/nxp/MCUXpressoIDE_11.10.0_3148/ide/plugins/com.nxp.mcuxpresso.tools.win32_11.10.0.202311280810/tools/bin/../lib/gcc/arm-none-eabi/13.2.1/thumb/v6-m/nofp\libc.a(libc_a-mlock.o)
                              C:/nxp/MCUXpressoIDE_11.10.0_3148/ide/plugins/com.nxp.mcuxpresso.tools.win32_11.10.0.202311280810/tools/bin/../lib/gcc/arm-none-eabi/13.2.1/thumb/v6-m/nofp\libc.a(libc_a-mallocr.o) (__malloc_lock)
C:/nxp/MCUXpressoIDE_11.10.0_3148/ide/plugins/com.nxp.mcuxpresso.tools.win32_11.10.0.202311280810/tools/bin/../lib/gcc/arm-none-eabi/13.2.1/thumb/v6-m/nofp\libc.a(libc_a-memset.o)
                              ./Drivers_LPC845/esp8266/ESP8266.o (memset)
C:/nxp/MCUXpressoIDE_11.10.0_3148/ide/plugins/com.nxp.mcuxpresso.tools.win32_11.10.0.202311280810/tools/bin/../lib/gcc/arm-none-eabi/13.2.1/thumb/v6-m/nofp\libc.a(libc_a-impure.o)
                              C:/nxp/MCUXpressoIDE_11.10.0_3148/ide/plugins/com.nxp.mcuxpresso.tools.win32_11.10.0.202311280810/tools/bin/../lib/gcc/arm-none-eabi/13.2.1/thumb/v6-m/nofp\libc.a(libc_a-malloc.o) (_impure_ptr)
C:/nxp/MCUXpressoIDE_11.10.0_3148/ide/plugins/com.nxp.mcuxpresso.tools.win32_11.10.0.202311280810/tools/bin/../lib/gcc/arm-none-eabi/13.2.1/thumb/v6-m/nofp\libc.a(libc_a-sbrkr.o)
                              C:/nxp/MCUXpressoIDE_11.10.0_3148/ide/plugins/com.nxp.mcuxpresso.tools.win32_11.10.0.202311280810/tools/bin/../lib/gcc/arm-none-eabi/13.2.1/thumb/v6-m/nofp\libc.a(libc_a-mallocr.o) (_sbrk_r)
C:/nxp/MCUXpressoIDE_11.10.0_3148/ide/plugins/com.nxp.mcuxpresso.tools.win32_11.10.0.202311280810/tools/bin/../lib/gcc/arm-none-eabi/13.2.1/thumb/v6-m/nofp\libc.a(libc_a-init.o)
                              ./Drivers_LPC845/cr_startup_lpc84x.o (__libc_init_array)
C:/nxp/MCUXpressoIDE_11.10.0_3148/ide/plugins/com.nxp.mcuxpresso.tools.win32_11.10.0.202311280810/tools/bin/../lib/gcc/arm-none-eabi/13.2.1/thumb/v6-m/nofp\libc.a(libc_a-lock.o)
                              C:/nxp/MCUXpressoIDE_11.10.0_3148/ide/plugins/com.nxp.mcuxpresso.tools.win32_11.10.0.202311280810/tools/bin/../lib/gcc/arm-none-eabi/13.2.1/thumb/v6-m/nofp\libc.a(libc_a-mlock.o) (__retarget_lock_acquire_recursive)
C:/nxp/MCUXpressoIDE_11.10.0_3148/ide/plugins/com.nxp.mcuxpresso.tools.win32_11.10.0.202311280810/tools/bin/../lib/gcc/arm-none-eabi/13.2.1/thumb/v6-m/nofp\libc.a(libc_a-sysconf.o)
                              C:/nxp/MCUXpressoIDE_11.10.0_3148/ide/plugins/com.nxp.mcuxpresso.tools.win32_11.10.0.202311280810/tools/bin/../lib/gcc/arm-none-eabi/13.2.1/thumb/v6-m/nofp\libc.a(libc_a-mallocr.o) (sysconf)
C:/nxp/MCUXpressoIDE_11.10.0_3148/ide/plugins/com.nxp.mcuxpresso.tools.win32_11.10.0.202311280810/tools/bin/../lib/gcc/arm-none-eabi/13.2.1/thumb/v6-m/nofp\libc.a(libc_a-memcpy-stub.o)
                              ./Drivers_LPC845/sensor/MAX30102.o (memcpy)
C:/nxp/MCUXpressoIDE_11.10.0_3148/ide/plugins/com.nxp.mcuxpresso.tools.win32_11.10.0.202311280810/tools/bin/../lib/gcc/arm-none-eabi/13.2.1/thumb/v6-m/nofp\libc.a(libc_a-freer.o)
                              C:/nxp/MCUXpressoIDE_11.10.0_3148/ide/plugins/com.nxp.mcuxpresso.tools.win32_11.10.0.202311280810/tools/bin/../lib/gcc/arm-none-eabi/13.2.1/thumb/v6-m/nofp\libc.a(libc_a-malloc.o) (_free_r)
[...]
Memory Configuration

Name             Origin             Length             Attributes
MFlash64         0x00000000         0x00010000         xr
RamLoc16         0x10000000         0x00004000         xrw
*default*        0x00000000         0xffffffff

Linker script and memory map

LOAD ./src/MdeMAX30102.o
LOAD ./src/main.o
LOAD ./Utils/strings/strings.o
LOAD ./Utils/queue/Queue.o
LOAD ./Drivers_LPC845/timer/Timer.o
LOAD ./Drivers_LPC845/systick/Systick.o
LOAD ./Drivers_LPC845/sensor/MAX30102.o
LOAD ./Drivers_LPC845/pinInt/PinInt.o
LOAD ./Drivers_LPC845/perifericoTemporizado/PerifericoTemporizado.o
LOAD ./Drivers_LPC845/gpio/entrada.o
LOAD ./Drivers_LPC845/gpio/gpio_in.o
LOAD ./Drivers_LPC845/gpio/gpio_out.o
LOAD ./Drivers_LPC845/gpio/salida.o
LOAD ./Drivers_LPC845/esp8266/ESP8266.o
LOAD ./Drivers_LPC845/dr_init/DR_Init.o
LOAD ./Drivers_LPC845/SerialCom/bufferCirc.o
LOAD ./Drivers_LPC845/SerialCom/serialCom.o
LOAD ./Drivers_LPC845/I2C/I2C.o
LOAD ./Drivers_LPC845/cr_cpp_config.o
LOAD ./Drivers_LPC845/cr_startup_lpc84x.o
START GROUP
LOAD C:/nxp/MCUXpressoIDE_11.10.0_3148/ide/plugins/com.nxp.mcuxpresso.tools.win32_11.10.0.202311280810/tools/bin/../lib/gcc/arm-none-eabi/13.2.1/thumb/v6-m/nofp\libgcc.a
LOAD C:/nxp/MCUXpressoIDE_11.10.0_3148/ide/plugins/com.nxp.mcuxpresso.tools.win32_11.10.0.202311280810/tools/bin/../lib/gcc/arm-none-eabi/13.2.1/thumb/v6-m/nofp\libc.a
LOAD C:/nxp/MCUXpressoIDE_11.10.0_3148/ide/plugins/com.nxp.mcuxpresso.tools.win32_11.10.0.202311280810/tools/bin/../lib/gcc/arm-none-eabi/13.2.1/thumb/v6-m/nofp\libstdc++.a
LOAD C:/nxp/MCUXpressoIDE_11.10.0_3148/ide/plugins/com.nxp.mcuxpresso.tools.win32_11.10.0.202311280810/tools/bin/../lib/gcc/arm-none-eabi/13.2.1/thumb/v6-m/nofp\libm.a
LOAD C:/nxp/MCUXpressoIDE_11.10.0_3148/ide/plugins/com.nxp.mcuxpresso.tools.win32_11.10.0.202311280810/tools/bin/../lib/gcc/arm-none-eabi/13.2.1/../../../../arm-none-eabi/lib/thumb/v6-m/nofp\libcr_newlib_none.a
LOAD C:/nxp/MCUXpressoIDE_11.10.0_3148/ide/plugins/com.nxp.mcuxpresso.tools.win32_11.10.0.202311280810/tools/bin/../lib/gcc/arm-none-eabi/13.2.1/thumb/v6-m/nofp\crti.o
LOAD C:/nxp/MCUXpressoIDE_11.10.0_3148/ide/plugins/com.nxp.mcuxpresso.tools.win32_11.10.0.202311280810/tools/bin/../lib/gcc/arm-none-eabi/13.2.1/thumb/v6-m/nofp\crtn.o
LOAD C:/nxp/MCUXpressoIDE_11.10.0_3148/ide/plugins/com.nxp.mcuxpresso.tools.win32_11.10.0.202311280810/tools/bin/../lib/gcc/arm-none-eabi/13.2.1/thumb/v6-m/nofp\crtbegin.o
LOAD C:/nxp/MCUXpressoIDE_11.10.0_3148/ide/plugins/com.nxp.mcuxpresso.tools.win32_11.10.0.202311280810/tools/bin/../lib/gcc/arm-none-eabi/13.2.1/thumb/v6-m/nofp\crtend.o
END GROUP
                0x00000000                        __base_MFlash64 = 0x0
                0x00000000                        __base_Flash = 0x0
                0x00010000                        __top_MFlash64 = 0x10000
                0x00010000                        __top_Flash = 0x10000
                0x10000000                        __base_RamLoc16 = 0x10000000
                0x10000000                        __base_RAM = 0x10000000
                0x10004000                        __top_RamLoc16 = 0x10004000
                0x10004000                        __top_RAM = 0x10004000

.text           0x00000000     0x4848
 FILL mask 0xff
                0x00000000                        __vectors_start__ = ABSOLUTE (.)
 *(.isr_vector)
 .isr_vector    0x00000000       0xc0 ./Drivers_LPC845/cr_startup_lpc84x.o
                0x00000000                g_pfnVectors
                0x000000c0                        . = ALIGN (0x4)
                0x000000c0                        __section_table_start = .
                0x000000c0                        __data_section_table = .
                0x000000c0        0x4 LONG 0x4850 LOADADDR (.data)
                0x000000c4        0x4 LONG 0x10000000 ADDR (.data)
                0x000000c8        0x4 LONG 0x580 SIZEOF (.data)
                0x000000cc                        __data_section_table_end = .
                0x000000cc                        __bss_section_table = .
                0x000000cc        0x4 LONG 0x10000580 ADDR (.bss)
                0x000000d0        0x4 LONG 0x858 SIZEOF (.bss)
                0x000000d4                        __bss_section_table_end = .
                0x000000d4                        __section_table_end = .
 *(.after_vectors*)
 .after_vectors
                0x000000d4      0x128 ./Drivers_LPC845/cr_startup_lpc84x.o
                0x000000d4                data_init(unsigned int, unsigned int, unsigned int)
                0x00000116                bss_init(unsigned int, unsigned int)
                0x0000014c                ResetISR
                0x000001cc                NMI_Handler
                0x000001d4                HardFault_Handler
                0x000001dc                SVC_Handler
                0x000001e4                PendSV_Handler
                0x000001f4                ADC_SEQB_IRQHandler
                0x000001f4                SPI1_IRQHandler
                0x000001f4                IntDefaultHandler
                0x000001f4                ADC_OVR_IRQHandler
                0x000001f4                I2C1_IRQHandler
                0x000001f4                WKT_IRQHandler
                0x000001f4                ADC_THCMP_IRQHandler
                0x000001f4                BOD_IRQHandler
                0x000001f4                I2C3_IRQHandler
                0x000001f4                SCT_IRQHandler
                0x000001f4                MRT_IRQHandler
                0x000001f4                WDT_IRQHandler
                0x000001f4                I2C2_IRQHandler
                0x000001f4                ADC_SEQA_IRQHandler
                0x000001f4                FAIM_IRQHandler
                0x000001f4                DAC0_IRQHandler
                0x000001f4                SPI0_IRQHandler
                0x000001f4                CMP_IRQHandler
                0x000001f4                DMA_IRQHandler
                0x000001f4                FLASH_IRQHandler
                0x000001f4                CTIMER0_IRQHandler
 *(.text*)
 .text._ZN20Max30102StateMachineC2EP7ESP8266
                0x000001fc       0x40 ./src/MdeMAX30102.o
                0x000001fc                Max30102StateMachine::Max30102StateMachine(ESP8266*)
                0x000001fc                Max30102StateMachine::Max30102StateMachine(ESP8266*)
 .text._ZN20Max30102StateMachine12Mde_MAX30102Ev
                0x0000023c      0x20c ./src/MdeMAX30102.o
                0x0000023c                Max30102StateMachine::Mde_MAX30102()
 .text._ZN20Max30102StateMachine17promediar_valoresEPi
                0x00000448       0x54 ./src/MdeMAX30102.o
                0x00000448                Max30102StateMachine::promediar_valores(int*)
 .text.main     0x0000049c       0x70 ./src/main.o
                0x0000049c                main
 .text._ZN7Cadenas13enteroACadenaEhPh
                0x0000050c       0xdc ./Utils/strings/strings.o
                0x0000050c                Cadenas::enteroACadena(unsigned char, unsigned char*)
 .text._ZN7Cadenas16concatenarCadenaEPhPKh
                0x000005e8       0x78 ./Utils/strings/strings.o
                0x000005e8                Cadenas::concatenarCadena(unsigned char*, unsigned char const*)
 .text._ZN7Cadenas14longitudCadenaEPKh
                0x00000660       0x3a ./Utils/strings/strings.o
                0x00000660                Cadenas::longitudCadena(unsigned char const*)
 .text._ZN5Queue7enqueueEPFvjEj
                0x0000069a       0x74 ./Utils/queue/Queue.o
                0x0000069a                Queue::enqueue(void (*)(unsigned int), unsigned int)
 .text._ZN5Queue7dequeueER4Task
                0x0000070e       0x6a ./Utils/queue/Queue.o
                0x0000070e                Queue::dequeue(Task&)
 .text._ZN5Queue8is_emptyEv
                0x00000778       0x1e ./Utils/queue/Queue.o
                0x00000778                Queue::is_empty()
 *fill*         0x00000796        0x2 ff
 .text._ZN5TimerC2EjPFvvEb
                0x00000798       0x44 ./Drivers_LPC845/timer/Timer.o
                0x00000798                Timer::Timer(unsigned int, void (*)(), bool)
                0x00000798                Timer::Timer(unsigned int, void (*)(), bool)
 .text._ZN5Timer5startEv
                0x000007dc       0x28 ./Drivers_LPC845/timer/Timer.o
                0x000007dc                Timer::start()
 .text._ZN5Timer4stopEv
                0x00000804       0x16 ./Drivers_LPC845/timer/Timer.o
                0x00000804                Timer::stop()
 .text._ZN5Timer8callbackEv
                0x0000081a       0x40 ./Drivers_LPC845/timer/Timer.o
                0x0000081a                Timer::callback()
 *fill*         0x0000085a        0x2 ff
 .text.SysTick_Handler
                0x0000085c       0x1c ./Drivers_LPC845/systick/Systick.o
                0x0000085c                SysTick_Handler
 .text._Z14InstallSystickPFvvE
                0x00000878       0x1c ./Drivers_LPC845/systick/Systick.o
                0x00000878                InstallSystick(void (*)())
 .text._ZN3I2CC2ERKS_
                0x00000894       0x50 ./Drivers_LPC845/sensor/MAX30102.o
                0x00000894                I2C::I2C(I2C const&)
                0x00000894                I2C::I2C(I2C const&)
 .text._ZN8MAX30102C2EP8I2C_Type6mode_th
                0x000008e4       0x62 ./Drivers_LPC845/sensor/MAX30102.o
                0x000008e4                MAX30102::MAX30102(I2C_Type*, mode_t, unsigned char)
                0x000008e4                MAX30102::MAX30102(I2C_Type*, mode_t, unsigned char)
 .text._ZN8MAX3010227ConfiguracionSensorMAX30102E3I2C
                0x00000946      0x17e ./Drivers_LPC845/sensor/MAX30102.o
                0x00000946                MAX30102::ConfiguracionSensorMAX30102(I2C)
 .text._ZN8MAX3010220readRegisterMAX30102EhPh
                0x00000ac4       0x46 ./Drivers_LPC845/sensor/MAX30102.o
                0x00000ac4                MAX30102::readRegisterMAX30102(unsigned char, unsigned char*)
 .text._ZN8MAX3010226readRegisterMAX30102NBytesEhh
                0x00000b0a       0x44 ./Drivers_LPC845/sensor/MAX30102.o
                0x00000b0a                MAX30102::readRegisterMAX30102NBytes(unsigned char, unsigned char)
 .text._ZN8MAX3010221writeRegisterMAX30102Ehh
                0x00000b4e       0x3e ./Drivers_LPC845/sensor/MAX30102.o
                0x00000b4e                MAX30102::writeRegisterMAX30102(unsigned char, unsigned char)
 .text._ZN8MAX3010212readFifoDataEPi
                0x00000b8c      0x15c ./Drivers_LPC845/sensor/MAX30102.o
                0x00000b8c                MAX30102::readFifoData(int*)
 .text._ZN8MAX3010216continue_readingEv
                0x00000ce8       0x24 ./Drivers_LPC845/sensor/MAX30102.o
                0x00000ce8                MAX30102::continue_reading()
 .text._ZN8MAX3010221reset_samples_counterEv
                0x00000d0c       0x1c ./Drivers_LPC845/sensor/MAX30102.o
                0x00000d0c                MAX30102::reset_samples_counter()
 .text._ZN8MAX3010226maxim_sort_indices_descendEPiS0_i
                0x00000d28       0x9c ./Drivers_LPC845/sensor/MAX30102.o
                0x00000d28                MAX30102::maxim_sort_indices_descend(int*, int*, int)
 .text._ZN8MAX3010217maxim_sort_ascendEPii
                0x00000dc4       0x88 ./Drivers_LPC845/sensor/MAX30102.o
                0x00000dc4                MAX30102::maxim_sort_ascend(int*, int)
 .text._ZN8MAX3010224maxim_remove_close_peaksEPiS0_S0_i
                0x00000e4c       0xc2 ./Drivers_LPC845/sensor/MAX30102.o
                0x00000e4c                MAX30102::maxim_remove_close_peaks(int*, int*, int*, int)
 *fill*         0x00000f0e        0x2 ff
 .text._ZN8MAX3010228maxim_peaks_above_min_heightEPiS0_S0_ii
                0x00000f10       0xec ./Drivers_LPC845/sensor/MAX30102.o
                0x00000f10                MAX30102::maxim_peaks_above_min_height(int*, int*, int*, int, int)
 .text._ZN8MAX3010216maxim_find_peaksEPiS0_S0_iiii
                0x00000ffc       0x54 ./Drivers_LPC845/sensor/MAX30102.o
                0x00000ffc                MAX30102::maxim_find_peaks(int*, int*, int*, int, int, int, int)
 .text._ZN8MAX3010238maxim_heart_rate_and_oxygen_saturationEPjiS0_PiPaS1_S2_
                0x00001050      0x698 ./Drivers_LPC845/sensor/MAX30102.o
                0x00001050                MAX30102::maxim_heart_rate_and_oxygen_saturation(unsigned int*, int, unsigned int*, int*, signed char*, int*, signed char*)
 .text._ZN8MAX3010216getArrayIRValuesEv
                0x000016e8       0x18 ./Drivers_LPC845/sensor/MAX30102.o
                0x000016e8                MAX30102::getArrayIRValues()
 .text._ZN8MAX3010215getArrayRValuesEv
                0x00001700       0x18 ./Drivers_LPC845/sensor/MAX30102.o
                0x00001700                MAX30102::getArrayRValues()
 .text._ZN8MAX3010214resetFifoWriteEv
                0x00001718       0x1c ./Drivers_LPC845/sensor/MAX30102.o
                0x00001718                MAX30102::resetFifoWrite()
 .text._ZN8MAX3010219getFifoReadAndWriteEPhS0_
                0x00001734       0x2c ./Drivers_LPC845/sensor/MAX30102.o
                0x00001734                MAX30102::getFifoReadAndWrite(unsigned char*, unsigned char*)
 .text.PININT0_IRQHandler
                0x00001760       0x2c ./Drivers_LPC845/pinInt/PinInt.o
                0x00001760                PININT0_IRQHandler
 .text.PININT1_IRQHandler
                0x0000178c       0x2c ./Drivers_LPC845/pinInt/PinInt.o
                0x0000178c                PININT1_IRQHandler
 .text.PININT2_IRQHandler
                0x000017b8       0x2c ./Drivers_LPC845/pinInt/PinInt.o
                0x000017b8                PININT2_IRQHandler
 .text.PININT3_IRQHandler
                0x000017e4       0x2c ./Drivers_LPC845/pinInt/PinInt.o
                0x000017e4                PININT3_IRQHandler
 .text.PININT4_IRQHandler
                0x00001810       0x2c ./Drivers_LPC845/pinInt/PinInt.o
                0x00001810                PININT4_IRQHandler
 .text.PININT5_IRQHandler
                0x0000183c       0x2c ./Drivers_LPC845/pinInt/PinInt.o
                0x0000183c                PININT5_IRQHandler
 .text.PININT6_IRQHandler
                0x00001868       0x2c ./Drivers_LPC845/pinInt/PinInt.o
                0x00001868                PININT6_IRQHandler
 .text.PININT7_IRQHandler
                0x00001894       0x2c ./Drivers_LPC845/pinInt/PinInt.o
                0x00001894                PININT7_IRQHandler
 .text._ZN21PerifericoTemporizadoC2Ev
                0x000018c0       0xa8 ./Drivers_LPC845/perifericoTemporizado/PerifericoTemporizado.o
                0x000018c0                PerifericoTemporizado::PerifericoTemporizado()
                0x000018c0                PerifericoTemporizado::PerifericoTemporizado()
 .text._ZN5QueueC2Ev
                0x00001968       0x30 ./Drivers_LPC845/esp8266/ESP8266.o
                0x00001968                Queue::Queue()
                0x00001968                Queue::Queue()
 .text._ZN7ESP8266C2EP9serialCom
                0x00001998       0x7c ./Drivers_LPC845/esp8266/ESP8266.o
                0x00001998                ESP8266::ESP8266(serialCom*)
                0x00001998                ESP8266::ESP8266(serialCom*)
 .text._ZN7ESP826613timer_handlerEv
                0x00001a14       0x20 ./Drivers_LPC845/esp8266/ESP8266.o
                0x00001a14                ESP8266::timer_handler()
 .text._ZN7ESP826612process_nextEv
                0x00001a34       0x74 ./Drivers_LPC845/esp8266/ESP8266.o
                0x00001a34                ESP8266::process_next()
 .text._ZN7ESP826617check_response_okEv
                0x00001aa8       0xd4 ./Drivers_LPC845/esp8266/ESP8266.o
                0x00001aa8                ESP8266::check_response_ok()
 .text._ZN7ESP82668callbackEv
                0x00001b7c       0x20 ./Drivers_LPC845/esp8266/ESP8266.o
                0x00001b7c                ESP8266::callback()
 .text._ZN7ESP826611init_moduleEv
                0x00001b9c      0x278 ./Drivers_LPC845/esp8266/ESP8266.o
                0x00001b9c                ESP8266::init_module()
 .text._ZN7ESP826620check_wifi_connectedEv
                0x00001e14       0x1a ./Drivers_LPC845/esp8266/ESP8266.o
                0x00001e14                ESP8266::check_wifi_connected()
 *fill*         0x00001e2e        0x2 ff
 .text._ZN7ESP82664sendEj
                0x00001e30       0x6c ./Drivers_LPC845/esp8266/ESP8266.o
                0x00001e30                ESP8266::send(unsigned int)
 .text._Z16send_length_funcj
                0x00001e9c       0x44 ./Drivers_LPC845/esp8266/ESP8266.o
                0x00001e9c                send_length_func(unsigned int)
 .text._ZN7ESP826611send_lengthEh
                0x00001ee0       0x9c ./Drivers_LPC845/esp8266/ESP8266.o
                0x00001ee0                ESP8266::send_length(unsigned char)
 .text._Z14send_data_funcj
                0x00001f7c       0x38 ./Drivers_LPC845/esp8266/ESP8266.o
                0x00001f7c                send_data_func(unsigned int)
 .text._ZN7ESP826614size_of_digitsEi
                0x00001fb4       0x54 ./Drivers_LPC845/esp8266/ESP8266.o
                0x00001fb4                ESP8266::size_of_digits(int)
 .text._Z14InicializarPLLv
                0x00002008       0xbc ./Drivers_LPC845/dr_init/DR_Init.o
                0x00002008                InicializarPLL()
 .text._Z12recorridoPTsv
                0x000020c4       0x50 ./Drivers_LPC845/dr_init/DR_Init.o
                0x000020c4                recorridoPTs()
 .text._ZN10bufferCircC2Eh
                0x00002114       0x44 ./Drivers_LPC845/SerialCom/bufferCirc.o
                0x00002114                bufferCirc::bufferCirc(unsigned char)
                0x00002114                bufferCirc::bufferCirc(unsigned char)
 .text._ZN10bufferCirc4pushEh
                0x00002158       0x6a ./Drivers_LPC845/SerialCom/bufferCirc.o
                0x00002158                bufferCirc::push(unsigned char)
 .text._ZN10bufferCirc3popEv
                0x000021c2       0x72 ./Drivers_LPC845/SerialCom/bufferCirc.o
                0x000021c2                bufferCirc::pop()
 .text._ZN9serialComC2Ejhh
                0x00002234      0x278 ./Drivers_LPC845/SerialCom/serialCom.o
                0x00002234                serialCom::serialCom(unsigned int, unsigned char, unsigned char)
                0x00002234                serialCom::serialCom(unsigned int, unsigned char, unsigned char)
 .text._ZN9serialCom10TransmitirEPhh
                0x000024ac       0x8e ./Drivers_LPC845/SerialCom/serialCom.o
                0x000024ac                serialCom::Transmitir(unsigned char*, unsigned char)
 .text._ZN9serialCom7RecibirEv
                0x0000253a       0x1c ./Drivers_LPC845/SerialCom/serialCom.o
                0x0000253a                serialCom::Recibir()
 .text._ZN9serialCom18Transmitir_decimalEi
                0x00002556      0x160 ./Drivers_LPC845/SerialCom/serialCom.o
                0x00002556                serialCom::Transmitir_decimal(int)
 *fill*         0x000026b6        0x2 ff
 .text.UART0_IRQHandler
                0x000026b8       0x80 ./Drivers_LPC845/SerialCom/serialCom.o
                0x000026b8                UART0_IRQHandler
 .text.UART1_IRQHandler
                0x00002738       0x84 ./Drivers_LPC845/SerialCom/serialCom.o
                0x00002738                UART1_IRQHandler
 .text.UART2_IRQHandler
                0x000027bc       0x84 ./Drivers_LPC845/SerialCom/serialCom.o
                0x000027bc                UART2_IRQHandler
 .text._Z41__static_initialization_and_destruction_0v
                0x00002840       0x1c ./Drivers_LPC845/SerialCom/serialCom.o
 .text._GLOBAL__sub_I__ZN9serialCom10cant_uartsE
                0x0000285c        0xc ./Drivers_LPC845/SerialCom/serialCom.o
 .text._ZN3I2CC2EhhhhP8I2C_Type6mode_th
                0x00002868      0x264 ./Drivers_LPC845/I2C/I2C.o
                0x00002868                I2C::I2C(unsigned char, unsigned char, unsigned char, unsigned char, I2C_Type*, mode_t, unsigned char)
                0x00002868                I2C::I2C(unsigned char, unsigned char, unsigned char, unsigned char, I2C_Type*, mode_t, unsigned char)
 .text._ZN3I2C17ConfiguracionI2C0Ev
                0x00002acc      0x110 ./Drivers_LPC845/I2C/I2C.o
                0x00002acc                I2C::ConfiguracionI2C0()
 .text._ZN3I2CD2Ev
                0x00002bdc       0x1c ./Drivers_LPC845/I2C/I2C.o
                0x00002bdc                I2C::~I2C()
                0x00002bdc                I2C::~I2C()
 .text._ZN3I2CD0Ev
                0x00002bf8       0x24 ./Drivers_LPC845/I2C/I2C.o
                0x00002bf8                I2C::~I2C()
 .text._ZN3I2C10AssignPinsEv
                0x00002c1c      0x1b0 ./Drivers_LPC845/I2C/I2C.o
                0x00002c1c                I2C::AssignPins()
 .text._ZN3I2C12ClearPresetsEv
                0x00002dcc       0xe8 ./Drivers_LPC845/I2C/I2C.o
                0x00002dcc                I2C::ClearPresets()
 .text._ZN3I2C12EnableClocksEv
                0x00002eb4       0xc4 ./Drivers_LPC845/I2C/I2C.o
                0x00002eb4                I2C::EnableClocks()
 .text._ZN3I2C19EnableNvicInterruptEv
                0x00002f78       0x8c ./Drivers_LPC845/I2C/I2C.o
                0x00002f78                I2C::EnableNvicInterrupt()
 .text._ZN3I2C11SetUpMasterEv
                0x00003004       0x24 ./Drivers_LPC845/I2C/I2C.o
                0x00003004                I2C::SetUpMaster()
 .text._ZN3I2C10SetUpSlaveEv
                0x00003028       0x5c ./Drivers_LPC845/I2C/I2C.o
                0x00003028                I2C::SetUpSlave()
 .text._ZN3I2C11MasterWriteEv
                0x00003084       0x5c ./Drivers_LPC845/I2C/I2C.o
                0x00003084                I2C::MasterWrite()
 .text._ZN3I2C10MasterReadEb
                0x000030e0       0x88 ./Drivers_LPC845/I2C/I2C.o
                0x000030e0                I2C::MasterRead(bool)
 .text._ZN3I2C9SlaveReadEv
                0x00003168       0x38 ./Drivers_LPC845/I2C/I2C.o
                0x00003168                I2C::SlaveRead()
 .text._ZN3I2C10SlaveWriteEv
                0x000031a0       0x78 ./Drivers_LPC845/I2C/I2C.o
                0x000031a0                I2C::SlaveWrite()
 .text._ZN3I2C15StartMasterReadEv
                0x00003218       0x48 ./Drivers_LPC845/I2C/I2C.o
                0x00003218                I2C::StartMasterRead()
 .text._ZN3I2C16StartMasterWriteEv
                0x00003260       0x44 ./Drivers_LPC845/I2C/I2C.o
                0x00003260                I2C::StartMasterWrite()
 .text._ZN3I2C29DisableMasterPendingInterruptEv
                0x000032a4       0x24 ./Drivers_LPC845/I2C/I2C.o
                0x000032a4                I2C::DisableMasterPendingInterrupt()
 .text._ZN3I2C28EnableMasterPendingInterruptEv
                0x000032c8       0x24 ./Drivers_LPC845/I2C/I2C.o
                0x000032c8                I2C::EnableMasterPendingInterrupt()
 .text._ZN3I2C8PushReadEh
                0x000032ec       0x54 ./Drivers_LPC845/I2C/I2C.o
                0x000032ec                I2C::PushRead(unsigned char)
 .text._ZN3I2C7PopReadEPh
                0x00003340       0x68 ./Drivers_LPC845/I2C/I2C.o
                0x00003340                I2C::PopRead(unsigned char*)
 .text._ZN3I2C9PushWriteEh
                0x000033a8       0x54 ./Drivers_LPC845/I2C/I2C.o
                0x000033a8                I2C::PushWrite(unsigned char)
 .text._ZN3I2C8PopWriteEPh
                0x000033fc       0x68 ./Drivers_LPC845/I2C/I2C.o
                0x000033fc                I2C::PopWrite(unsigned char*)
 .text._ZN3I2C5WriteEPvj
                0x00003464       0x70 ./Drivers_LPC845/I2C/I2C.o
                0x00003464                I2C::Write(void*, unsigned int)
 .text._ZN3I2C14TriggerReadingEh
                0x000034d4       0x44 ./Drivers_LPC845/I2C/I2C.o
                0x000034d4                I2C::TriggerReading(unsigned char)
 .text._ZN3I2C4ReadEPvj
                0x00003518       0x64 ./Drivers_LPC845/I2C/I2C.o
                0x00003518                I2C::Read(void*, unsigned int)
 .text._ZN3I2C12ReadNextByteEPh
                0x0000357c       0x44 ./Drivers_LPC845/I2C/I2C.o
                0x0000357c                I2C::ReadNextByte(unsigned char*)
 .text._ZN3I2C4readEv
                0x000035c0       0x2a ./Drivers_LPC845/I2C/I2C.o
                0x000035c0                I2C::read()
 .text._ZN3I2C15writeI2CAndWaitEPvj
                0x000035ea       0x30 ./Drivers_LPC845/I2C/I2C.o
                0x000035ea                I2C::writeI2CAndWait(void*, unsigned int)
 .text._ZN3I2C14readI2CAndWaitEh
                0x0000361a       0x34 ./Drivers_LPC845/I2C/I2C.o
                0x0000361a                I2C::readI2CAndWait(unsigned char)
 *fill*         0x0000364e        0x2 ff
 .text._ZN3I2C10IRQHandlerEv
                0x00003650      0x13c ./Drivers_LPC845/I2C/I2C.o
                0x00003650                I2C::IRQHandler()
 .text.I2C0_IRQHandler
                0x0000378c       0x18 ./Drivers_LPC845/I2C/I2C.o
                0x0000378c                I2C0_IRQHandler
 .text._ZN3I2C15MasterIsReadingEv
                0x000037a4       0x18 ./Drivers_LPC845/I2C/I2C.o
                0x000037a4                I2C::MasterIsReading()
 .text._ZN3I2C15MasterIsWritingEv
                0x000037bc       0x18 ./Drivers_LPC845/I2C/I2C.o
                0x000037bc                I2C::MasterIsWriting()
 .text._ZN3I2C12MasterIsIdleEv
                0x000037d4       0x3c ./Drivers_LPC845/I2C/I2C.o
                0x000037d4                I2C::MasterIsIdle()
 .text._Znwj    0x00003810       0x1a ./Drivers_LPC845/cr_cpp_config.o
                0x00003810                operator new(unsigned int)
 .text._Znaj    0x0000382a       0x1a ./Drivers_LPC845/cr_cpp_config.o
                0x0000382a                operator new[](unsigned int)
 .text._ZdlPv   0x00003844       0x18 ./Drivers_LPC845/cr_cpp_config.o
                0x00003844                operator delete(void*)
 .text._ZdaPv   0x0000385c       0x18 ./Drivers_LPC845/cr_cpp_config.o
                0x0000385c                operator delete[](void*)
 .text          0x00003874      0x114 C:/nxp/MCUXpressoIDE_11.10.0_3148/ide/plugins/com.nxp.mcuxpresso.tools.win32_11.10.0.202311280810/tools/bin/../lib/gcc/arm-none-eabi/13.2.1/thumb/v6-m/nofp\libgcc.a(_udivsi3.o)
                0x00003874                __aeabi_uidiv
                0x00003874                __udivsi3
                0x00003980                __aeabi_uidivmod
 .text          0x00003988      0x1d4 C:/nxp/MCUXpressoIDE_11.10.0_3148/ide/plugins/com.nxp.mcuxpresso.tools.win32_11.10.0.202311280810/tools/bin/../lib/gcc/arm-none-eabi/13.2.1/thumb/v6-m/nofp\libgcc.a(_divsi3.o)
                0x00003988                __divsi3
                0x00003988                __aeabi_idiv
                0x00003b54                __aeabi_idivmod
 .text          0x00003b5c        0x4 C:/nxp/MCUXpressoIDE_11.10.0_3148/ide/plugins/com.nxp.mcuxpresso.tools.win32_11.10.0.202311280810/tools/bin/../lib/gcc/arm-none-eabi/13.2.1/thumb/v6-m/nofp\libgcc.a(_dvmd_tls.o)
                0x00003b5c                __aeabi_idiv0
                0x00003b5c                __aeabi_ldiv0
 .text.malloc   0x00003b60       0x14 C:/nxp/MCUXpressoIDE_11.10.0_3148/ide/plugins/com.nxp.mcuxpresso.tools.win32_11.10.0.202311280810/tools/bin/../lib/gcc/arm-none-eabi/13.2.1/thumb/v6-m/nofp\libc.a(libc_a-malloc.o)
                0x00003b60                malloc
 .text.free     0x00003b74       0x14 C:/nxp/MCUXpressoIDE_11.10.0_3148/ide/plugins/com.nxp.mcuxpresso.tools.win32_11.10.0.202311280810/tools/bin/../lib/gcc/arm-none-eabi/13.2.1/thumb/v6-m/nofp\libc.a(libc_a-malloc.o)
                0x00003b74                free
 .text._malloc_r
                0x00003b88      0x5c4 C:/nxp/MCUXpressoIDE_11.10.0_3148/ide/plugins/com.nxp.mcuxpresso.tools.win32_11.10.0.202311280810/tools/bin/../lib/gcc/arm-none-eabi/13.2.1/thumb/v6-m/nofp\libc.a(libc_a-mallocr.o)
                0x00003b88                _malloc_r
 .text.__malloc_lock
                0x0000414c       0x10 C:/nxp/MCUXpressoIDE_11.10.0_3148/ide/plugins/com.nxp.mcuxpresso.tools.win32_11.10.0.202311280810/tools/bin/../lib/gcc/arm-none-eabi/13.2.1/thumb/v6-m/nofp\libc.a(libc_a-mlock.o)
                0x0000414c                __malloc_lock
 .text.__malloc_unlock
                0x0000415c       0x10 C:/nxp/MCUXpressoIDE_11.10.0_3148/ide/plugins/com.nxp.mcuxpresso.tools.win32_11.10.0.202311280810/tools/bin/../lib/gcc/arm-none-eabi/13.2.1/thumb/v6-m/nofp\libc.a(libc_a-mlock.o)
                0x0000415c                __malloc_unlock
 .text.memset   0x0000416c       0xa8 C:/nxp/MCUXpressoIDE_11.10.0_3148/ide/plugins/com.nxp.mcuxpresso.tools.win32_11.10.0.202311280810/tools/bin/../lib/gcc/arm-none-eabi/13.2.1/thumb/v6-m/nofp\libc.a(libc_a-memset.o)
                0x0000416c                memset
 .text._sbrk_r  0x00004214       0x24 C:/nxp/MCUXpressoIDE_11.10.0_3148/ide/plugins/com.nxp.mcuxpresso.tools.win32_11.10.0.202311280810/tools/bin/../lib/gcc/arm-none-eabi/13.2.1/thumb/v6-m/nofp\libc.a(libc_a-sbrkr.o)
                0x00004214                _sbrk_r
 .text.__libc_init_array
                0x00004238       0x48 C:/nxp/MCUXpressoIDE_11.10.0_3148/ide/plugins/com.nxp.mcuxpresso.tools.win32_11.10.0.202311280810/tools/bin/../lib/gcc/arm-none-eabi/13.2.1/thumb/v6-m/nofp\libc.a(libc_a-init.o)
                0x00004238                __libc_init_array
 .text.__retarget_lock_acquire_recursive
                0x00004280        0x4 C:/nxp/MCUXpressoIDE_11.10.0_3148/ide/plugins/com.nxp.mcuxpresso.tools.win32_11.10.0.202311280810/tools/bin/../lib/gcc/arm-none-eabi/13.2.1/thumb/v6-m/nofp\libc.a(libc_a-lock.o)
                0x00004280                __retarget_lock_acquire_recursive
 .text.__retarget_lock_release_recursive
                0x00004284        0x4 C:/nxp/MCUXpressoIDE_11.10.0_3148/ide/plugins/com.nxp.mcuxpresso.tools.win32_11.10.0.202311280810/tools/bin/../lib/gcc/arm-none-eabi/13.2.1/thumb/v6-m/nofp\libc.a(libc_a-lock.o)
                0x00004284                __retarget_lock_release_recursive
 .text.sysconf  0x00004288       0x1c C:/nxp/MCUXpressoIDE_11.10.0_3148/ide/plugins/com.nxp.mcuxpresso.tools.win32_11.10.0.202311280810/tools/bin/../lib/gcc/arm-none-eabi/13.2.1/thumb/v6-m/nofp\libc.a(libc_a-sysconf.o)
                0x00004288                sysconf
 .text.memcpy   0x000042a4       0x8c C:/nxp/MCUXpressoIDE_11.10.0_3148/ide/plugins/com.nxp.mcuxpresso.tools.win32_11.10.0.202311280810/tools/bin/../lib/gcc/arm-none-eabi/13.2.1/thumb/v6-m/nofp\libc.a(libc_a-memcpy-stub.o)
                0x000042a4                memcpy
 .text._malloc_trim_r
                0x00004330       0xb4 C:/nxp/MCUXpressoIDE_11.10.0_3148/ide/plugins/com.nxp.mcuxpresso.tools.win32_11.10.0.202311280810/tools/bin/../lib/gcc/arm-none-eabi/13.2.1/thumb/v6-m/nofp\libc.a(libc_a-freer.o)
                0x00004330                _malloc_trim_r
 .text._free_r  0x000043e4      0x1d4 C:/nxp/MCUXpressoIDE_11.10.0_3148/ide/plugins/com.nxp.mcuxpresso.tools.win32_11.10.0.202311280810/tools/bin/../lib/gcc/arm-none-eabi/13.2.1/thumb/v6-m/nofp\libc.a(libc_a-freer.o)
                0x000043e4                _free_r
 .text.__errno  0x000045b8        0xc C:/nxp/MCUXpressoIDE_11.10.0_3148/ide/plugins/com.nxp.mcuxpresso.tools.win32_11.10.0.202311280810/tools/bin/../lib/gcc/arm-none-eabi/13.2.1/thumb/v6-m/nofp\libc.a(libc_a-errno.o)
                0x000045b8                __errno
 .text._ZdlPvj  0x000045c4        0x8 C:/nxp/MCUXpressoIDE_11.10.0_3148/ide/plugins/com.nxp.mcuxpresso.tools.win32_11.10.0.202311280810/tools/bin/../lib/gcc/arm-none-eabi/13.2.1/thumb/v6-m/nofp\libstdc++.a(del_ops.o)
                0x000045c4                operator delete(void*, unsigned int)
 .text._sbrk    0x000045cc       0x40 C:/nxp/MCUXpressoIDE_11.10.0_3148/ide/plugins/com.nxp.mcuxpresso.tools.win32_11.10.0.202311280810/tools/bin/../lib/gcc/arm-none-eabi/13.2.1/../../../../arm-none-eabi/lib/thumb/v6-m/nofp\libcr_newlib_none.a(_cr_sbrk.o)
                0x000045cc                _sbrk
 .text.__check_heap_overflow
                0x0000460c       0x18 C:/nxp/MCUXpressoIDE_11.10.0_3148/ide/plugins/com.nxp.mcuxpresso.tools.win32_11.10.0.202311280810/tools/bin/../lib/gcc/arm-none-eabi/13.2.1/../../../../arm-none-eabi/lib/thumb/v6-m/nofp\libcr_newlib_none.a(_cr_check_heap.o)
                0x0000460c                __check_heap_overflow
 .text.register_tm_clones
                0x00004624       0x28 C:/nxp/MCUXpressoIDE_11.10.0_3148/ide/plugins/com.nxp.mcuxpresso.tools.win32_11.10.0.202311280810/tools/bin/../lib/gcc/arm-none-eabi/13.2.1/thumb/v6-m/nofp\crtbegin.o
 .text.frame_dummy
                0x0000464c       0x24 C:/nxp/MCUXpressoIDE_11.10.0_3148/ide/plugins/com.nxp.mcuxpresso.tools.win32_11.10.0.202311280810/tools/bin/../lib/gcc/arm-none-eabi/13.2.1/thumb/v6-m/nofp\crtbegin.o
 *(.rodata .rodata.* .constdata .constdata.*)
 .rodata._ZTV5Timer
                0x00004670        0xc ./Drivers_LPC845/timer/Timer.o
                0x00004670                vtable for Timer
 .rodata._ZL14uch_spo2_table
                0x0000467c       0xb8 ./Drivers_LPC845/sensor/MAX30102.o
 .rodata._ZTV21PerifericoTemporizado
                0x00004734        0xc ./Drivers_LPC845/perifericoTemporizado/PerifericoTemporizado.o
                0x00004734                vtable for PerifericoTemporizado
 .rodata._ZN7ESP826611init_moduleEv.str1.4
                0x00004740       0x64 ./Drivers_LPC845/esp8266/ESP8266.o
                                 0x56 (size before relaxing)
 .rodata        0x000047a4       0x4f ./Drivers_LPC845/esp8266/ESP8266.o
 *fill*         0x000047f3        0x1 ff
 .rodata._ZN7ESP826611init_moduleEv
                0x000047f4       0x18 ./Drivers_LPC845/esp8266/ESP8266.o
 .rodata._ZN7ESP826611send_lengthEh.str1.4
                0x0000480c        0xc ./Drivers_LPC845/esp8266/ESP8266.o
 .rodata._ZTV7ESP8266
                0x0000480c        0xc ./Drivers_LPC845/esp8266/ESP8266.o
                0x0000480c                vtable for ESP8266
 .rodata._ZTV3I2C
                0x00004818       0x10 ./Drivers_LPC845/I2C/I2C.o
                0x00004818                vtable for I2C
                0x00004828                        . = ALIGN (0x4)
                0x00004828                        . = ALIGN (0x4)
 *(.init)
 .init          0x00004828        0x4 C:/nxp/MCUXpressoIDE_11.10.0_3148/ide/plugins/com.nxp.mcuxpresso.tools.win32_11.10.0.202311280810/tools/bin/../lib/gcc/arm-none-eabi/13.2.1/thumb/v6-m/nofp\crti.o
                0x00004828                _init
 .init          0x0000482c        0x8 C:/nxp/MCUXpressoIDE_11.10.0_3148/ide/plugins/com.nxp.mcuxpresso.tools.win32_11.10.0.202311280810/tools/bin/../lib/gcc/arm-none-eabi/13.2.1/thumb/v6-m/nofp\crtn.o
                0x00004834                        . = ALIGN (0x4)
                0x00004834                        __preinit_array_start = .
 *(.preinit_array)
                0x00004834                        __preinit_array_end = .
                0x00004834                        . = ALIGN (0x4)
                0x00004834                        __init_array_start = .
 *(SORT_BY_NAME(.init_array.*))
 *(.init_array)
 .init_array    0x00004834        0x4 ./Drivers_LPC845/SerialCom/serialCom.o
 .init_array    0x00004838        0x4 C:/nxp/MCUXpressoIDE_11.10.0_3148/ide/plugins/com.nxp.mcuxpresso.tools.win32_11.10.0.202311280810/tools/bin/../lib/gcc/arm-none-eabi/13.2.1/thumb/v6-m/nofp\crtbegin.o
                0x0000483c                        __init_array_end = .
 *(.fini)
 .fini          0x0000483c        0x4 C:/nxp/MCUXpressoIDE_11.10.0_3148/ide/plugins/com.nxp.mcuxpresso.tools.win32_11.10.0.202311280810/tools/bin/../lib/gcc/arm-none-eabi/13.2.1/thumb/v6-m/nofp\crti.o
                0x0000483c                _fini
 .fini          0x00004840        0x8 C:/nxp/MCUXpressoIDE_11.10.0_3148/ide/plugins/com.nxp.mcuxpresso.tools.win32_11.10.0.202311280810/tools/bin/../lib/gcc/arm-none-eabi/13.2.1/thumb/v6-m/nofp\crtn.o
                0x00004848                        . = ALIGN (0x4)
 *crtbegin.o(.ctors)
 *(EXCLUDE_FILE(*crtend.o) .ctors)
 *(SORT_BY_NAME(.ctors.*))
 *crtend.o(.ctors)
                0x00004848                        . = ALIGN (0x4)
 *crtbegin.o(.dtors)
 *(EXCLUDE_FILE(*crtend.o) .dtors)
 *(SORT_BY_NAME(.dtors.*))
 *crtend.o(.dtors)
                0x00004848                        . = ALIGN (0x4)

.glue_7         0x00004848        0x0
 .glue_7        0x00004848        0x0 linker stubs

.glue_7t        0x00004848        0x0
 .glue_7t       0x00004848        0x0 linker stubs

.vfp11_veneer   0x00004848        0x0
 .vfp11_veneer  0x00004848        0x0 linker stubs

.v4_bx          0x00004848        0x0
 .v4_bx         0x00004848        0x0 linker stubs

.iplt           0x00004848        0x0
 .iplt          0x00004848        0x0 ./src/MdeMAX30102.o

.ARM.extab
 *(.ARM.extab* .gnu.linkonce.armextab.*)

.ARM.exidx      0x00004848        0x8
                0x00004848                        __exidx_start = .
 *(.ARM.exidx* .gnu.linkonce.armexidx.*)
 .ARM.exidx.text._ZdlPvj
                0x00004848        0x8 C:/nxp/MCUXpressoIDE_11.10.0_3148/ide/plugins/com.nxp.mcuxpresso.tools.win32_11.10.0.202311280810/tools/bin/../lib/gcc/arm-none-eabi/13.2.1/thumb/v6-m/nofp\libstdc++.a(del_ops.o)
                0x00004850                        __exidx_end = .
                0x00004850                        _etext = .

.rel.dyn        0x00004850        0x0
 .rel.iplt      0x00004850        0x0 ./src/MdeMAX30102.o

.eh_frame       0x00004850        0x0
 .eh_frame      0x00004850        0x0 C:/nxp/MCUXpressoIDE_11.10.0_3148/ide/plugins/com.nxp.mcuxpresso.tools.win32_11.10.0.202311280810/tools/bin/../lib/gcc/arm-none-eabi/13.2.1/thumb/v6-m/nofp\crtbegin.o

.mtb_buffer_default
 *(.mtb*)

.uninit_RESERVED
                0x10000000        0x0
                0x10000000                        _start_uninit_RESERVED = .
 *(.bss.$RESERVED*)
                0x10000000                        . = ALIGN (0x4)
                0x10000000                        _end_uninit_RESERVED = .

.data           0x10000000      0x580 load address 0x00004850
 FILL mask 0xff
                0x10000000                        _data = .
                [!provide]                        PROVIDE (__start_data_RAM = .)
                [!provide]                        PROVIDE (__start_data_RamLoc16 = .)
 *(vtable)
 *(.ramfunc*)
 *(CodeQuickAccess)
 *(DataQuickAccess)
 *(RamFunction)
 *(.data*)
 .data._ZZN7ESP826611init_moduleEvE21flag_primer_iteracion
                0x10000000        0x1 ./Drivers_LPC845/esp8266/ESP8266.o
 .data._ZZN7ESP826611init_moduleEvE25flag_primer_iteracion_rst
                0x10000001        0x1 ./Drivers_LPC845/esp8266/ESP8266.o
 *fill*         0x10000002        0x2 ff
 .data.fro_set_frec
                0x10000004        0x4 ./Drivers_LPC845/dr_init/DR_Init.o
                0x10000004                fro_set_frec
 .data.IOCON_INDEX
                0x10000008       0x40 ./Drivers_LPC845/I2C/I2C.o
                0x10000008                IOCON_INDEX
 .data.__malloc_sbrk_base
                0x10000048        0x4 C:/nxp/MCUXpressoIDE_11.10.0_3148/ide/plugins/com.nxp.mcuxpresso.tools.win32_11.10.0.202311280810/tools/bin/../lib/gcc/arm-none-eabi/13.2.1/thumb/v6-m/nofp\libc.a(libc_a-mallocr.o)
                0x10000048                __malloc_sbrk_base
 .data.__malloc_trim_threshold
                0x1000004c        0x4 C:/nxp/MCUXpressoIDE_11.10.0_3148/ide/plugins/com.nxp.mcuxpresso.tools.win32_11.10.0.202311280810/tools/bin/../lib/gcc/arm-none-eabi/13.2.1/thumb/v6-m/nofp\libc.a(libc_a-mallocr.o)
                0x1000004c                __malloc_trim_threshold
 .data.__malloc_av_
                0x10000050      0x408 C:/nxp/MCUXpressoIDE_11.10.0_3148/ide/plugins/com.nxp.mcuxpresso.tools.win32_11.10.0.202311280810/tools/bin/../lib/gcc/arm-none-eabi/13.2.1/thumb/v6-m/nofp\libc.a(libc_a-mallocr.o)
                0x10000050                __malloc_av_
 .data._impure_ptr
                0x10000458        0x4 C:/nxp/MCUXpressoIDE_11.10.0_3148/ide/plugins/com.nxp.mcuxpresso.tools.win32_11.10.0.202311280810/tools/bin/../lib/gcc/arm-none-eabi/13.2.1/thumb/v6-m/nofp\libc.a(libc_a-impure.o)
                0x10000458                _impure_ptr
 *fill*         0x1000045c        0x4 ff
 .data._impure_data
                0x10000460      0x120 C:/nxp/MCUXpressoIDE_11.10.0_3148/ide/plugins/com.nxp.mcuxpresso.tools.win32_11.10.0.202311280810/tools/bin/../lib/gcc/arm-none-eabi/13.2.1/thumb/v6-m/nofp\libc.a(libc_a-impure.o)
                0x10000460                _impure_data
                0x10000580                        . = ALIGN (0x4)
                0x10000580                        _edata = .
                [!provide]                        PROVIDE (__end_data_RAM = .)
                [!provide]                        PROVIDE (__end_data_RamLoc16 = .)

.igot.plt       0x10000580        0x0 load address 0x00004dd0
 .igot.plt      0x10000580        0x0 ./src/MdeMAX30102.o

.tm_clone_table
                0x10000580        0x0 load address 0x00004dd0
 .tm_clone_table
                0x10000580        0x0 C:/nxp/MCUXpressoIDE_11.10.0_3148/ide/plugins/com.nxp.mcuxpresso.tools.win32_11.10.0.202311280810/tools/bin/../lib/gcc/arm-none-eabi/13.2.1/thumb/v6-m/nofp\crtbegin.o
 .tm_clone_table
                0x10000580        0x0 C:/nxp/MCUXpressoIDE_11.10.0_3148/ide/plugins/com.nxp.mcuxpresso.tools.win32_11.10.0.202311280810/tools/bin/../lib/gcc/arm-none-eabi/13.2.1/thumb/v6-m/nofp\crtend.o

.bss            0x10000580      0x858
                0x10000580                        _bss = .
                [!provide]                        PROVIDE (__start_bss_RAM = .)
                [!provide]                        PROVIDE (__start_bss_RamLoc16 = .)
 *(.bss*)
 .bss._ZZN20Max30102StateMachine12Mde_MAX30102EvE5state
                0x10000580        0x1 ./src/MdeMAX30102.o
 *fill*         0x10000581        0x3 
 .bss._ZZN20Max30102StateMachine12Mde_MAX30102EvE21NUM_AVAILABLE_SAMPLES
                0x10000584        0x4 ./src/MdeMAX30102.o
 .bss.funcSystick
                0x10000588        0x4 ./Drivers_LPC845/systick/Systick.o
                0x10000588                funcSystick
 .bss._ZL4an_x  0x1000058c      0x190 ./Drivers_LPC845/sensor/MAX30102.o
 .bss._ZL4an_y  0x1000071c      0x190 ./Drivers_LPC845/sensor/MAX30102.o
 .bss.sense     0x100008ac      0x324 ./Drivers_LPC845/sensor/MAX30102.o
                0x100008ac                sense
 .bss.cant_samples
                0x10000bd0        0x4 ./Drivers_LPC845/sensor/MAX30102.o
                0x10000bd0                cant_samples
 .bss._ZN6PinInt8handlersE
                0x10000bd4       0x20 ./Drivers_LPC845/pinInt/PinInt.o
                0x10000bd4                PinInt::handlers
 .bss._ZN21PerifericoTemporizado7cant_ptE
                0x10000bf4        0x1 ./Drivers_LPC845/perifericoTemporizado/PerifericoTemporizado.o
                0x10000bf4                PerifericoTemporizado::cant_pt
 *fill*         0x10000bf5        0x3 
 .bss.perifericosTemp
                0x10000bf8        0x4 ./Drivers_LPC845/perifericoTemporizado/PerifericoTemporizado.o
                0x10000bf8                perifericosTemp
 .bss.esp8266   0x10000bfc        0x4 ./Drivers_LPC845/esp8266/ESP8266.o
                0x10000bfc                esp8266
 .bss._ZZN7ESP826617check_response_okEvE6estado
                0x10000c00        0x1 ./Drivers_LPC845/esp8266/ESP8266.o
 .bss._ZN9serialCom10cant_uartsE
                0x10000c01        0x1 ./Drivers_LPC845/SerialCom/serialCom.o
                0x10000c01                serialCom::cant_uarts
 *fill*         0x10000c02        0x2 
 .bss.uarts     0x10000c04        0x4 ./Drivers_LPC845/SerialCom/serialCom.o
                0x10000c04                uarts
 .bss.g_I2CVector
                0x10000c08       0x10 ./Drivers_LPC845/I2C/I2C.o
                0x10000c08                g_I2CVector
 .bss.m_FlagWrite
                0x10000c18        0x1 ./Drivers_LPC845/I2C/I2C.o
                0x10000c18                m_FlagWrite
 .bss.m_FlagRead
                0x10000c19        0x1 ./Drivers_LPC845/I2C/I2C.o
                0x10000c19                m_FlagRead
 *fill*         0x10000c1a        0x2 
 .bss.m_I2C     0x10000c1c        0x4 ./Drivers_LPC845/I2C/I2C.o
                0x10000c1c                m_I2C
 .bss.m_Error   0x10000c20        0x1 ./Drivers_LPC845/I2C/I2C.o
                0x10000c20                m_Error
 .bss.m_NACK    0x10000c21        0x1 ./Drivers_LPC845/I2C/I2C.o
                0x10000c21                m_NACK
 .bss.m_Bytes   0x10000c22        0x1 ./Drivers_LPC845/I2C/I2C.o
                0x10000c22                m_Bytes
 .bss.m_SlaveAddress
                0x10000c23        0x1 ./Drivers_LPC845/I2C/I2C.o
                0x10000c23                m_SlaveAddress
 .bss.m_BufferRead
                0x10000c24        0x4 ./Drivers_LPC845/I2C/I2C.o
                0x10000c24                m_BufferRead
 .bss.m_IndexReadIn
                0x10000c28        0x4 ./Drivers_LPC845/I2C/I2C.o
                0x10000c28                m_IndexReadIn
 .bss.m_IndexReadOut
                0x10000c2c        0x4 ./Drivers_LPC845/I2C/I2C.o
                0x10000c2c                m_IndexReadOut
 .bss.m_MaxRead
                0x10000c30        0x4 ./Drivers_LPC845/I2C/I2C.o
                0x10000c30                m_MaxRead
 .bss.m_BufferWrite
                0x10000c34        0x4 ./Drivers_LPC845/I2C/I2C.o
                0x10000c34                m_BufferWrite
 .bss.m_IndexWriteIn
                0x10000c38        0x4 ./Drivers_LPC845/I2C/I2C.o
                0x10000c38                m_IndexWriteIn
 .bss.m_IndexWriteOut
                0x10000c3c        0x4 ./Drivers_LPC845/I2C/I2C.o
                0x10000c3c                m_IndexWriteOut
 .bss.m_MaxWrite
                0x10000c40        0x4 ./Drivers_LPC845/I2C/I2C.o
                0x10000c40                m_MaxWrite
 .bss.m_Mode    0x10000c44        0x1 ./Drivers_LPC845/I2C/I2C.o
                0x10000c44                m_Mode
 *fill*         0x10000c45        0x3 
 .bss.__malloc_current_mallinfo
                0x10000c48       0x28 C:/nxp/MCUXpressoIDE_11.10.0_3148/ide/plugins/com.nxp.mcuxpresso.tools.win32_11.10.0.202311280810/tools/bin/../lib/gcc/arm-none-eabi/13.2.1/thumb/v6-m/nofp\libc.a(libc_a-mallocr.o)
                0x10000c48                __malloc_current_mallinfo
 .bss.__malloc_max_total_mem
                0x10000c70        0x4 C:/nxp/MCUXpressoIDE_11.10.0_3148/ide/plugins/com.nxp.mcuxpresso.tools.win32_11.10.0.202311280810/tools/bin/../lib/gcc/arm-none-eabi/13.2.1/thumb/v6-m/nofp\libc.a(libc_a-mallocr.o)
                0x10000c70                __malloc_max_total_mem
 .bss.__malloc_max_sbrked_mem
                0x10000c74        0x4 C:/nxp/MCUXpressoIDE_11.10.0_3148/ide/plugins/com.nxp.mcuxpresso.tools.win32_11.10.0.202311280810/tools/bin/../lib/gcc/arm-none-eabi/13.2.1/thumb/v6-m/nofp\libc.a(libc_a-mallocr.o)
                0x10000c74                __malloc_max_sbrked_mem
 .bss.__malloc_top_pad
                0x10000c78        0x4 C:/nxp/MCUXpressoIDE_11.10.0_3148/ide/plugins/com.nxp.mcuxpresso.tools.win32_11.10.0.202311280810/tools/bin/../lib/gcc/arm-none-eabi/13.2.1/thumb/v6-m/nofp\libc.a(libc_a-mallocr.o)
                0x10000c78                __malloc_top_pad
 .bss.__lock___malloc_recursive_mutex
                0x10000c7c        0x1 C:/nxp/MCUXpressoIDE_11.10.0_3148/ide/plugins/com.nxp.mcuxpresso.tools.win32_11.10.0.202311280810/tools/bin/../lib/gcc/arm-none-eabi/13.2.1/thumb/v6-m/nofp\libc.a(libc_a-lock.o)
                0x10000c7c                __lock___malloc_recursive_mutex
 *fill*         0x10000c7d        0x3 
 .bss.__sf      0x10000c80      0x138 C:/nxp/MCUXpressoIDE_11.10.0_3148/ide/plugins/com.nxp.mcuxpresso.tools.win32_11.10.0.202311280810/tools/bin/../lib/gcc/arm-none-eabi/13.2.1/thumb/v6-m/nofp\libc.a(libc_a-findfp.o)
                0x10000c80                __sf
 .bss.errno     0x10000db8        0x4 C:/nxp/MCUXpressoIDE_11.10.0_3148/ide/plugins/com.nxp.mcuxpresso.tools.win32_11.10.0.202311280810/tools/bin/../lib/gcc/arm-none-eabi/13.2.1/thumb/v6-m/nofp\libc.a(libc_a-reent.o)
                0x10000db8                errno
 .bss.__end_of_heap
                0x10000dbc        0x4 C:/nxp/MCUXpressoIDE_11.10.0_3148/ide/plugins/com.nxp.mcuxpresso.tools.win32_11.10.0.202311280810/tools/bin/../lib/gcc/arm-none-eabi/13.2.1/../../../../arm-none-eabi/lib/thumb/v6-m/nofp\libcr_newlib_none.a(_cr_sbrk.o)
                0x10000dbc                __end_of_heap
 .bss.object.0  0x10000dc0       0x18 C:/nxp/MCUXpressoIDE_11.10.0_3148/ide/plugins/com.nxp.mcuxpresso.tools.win32_11.10.0.202311280810/tools/bin/../lib/gcc/arm-none-eabi/13.2.1/thumb/v6-m/nofp\crtbegin.o
 *(COMMON)
                0x10000dd8                        . = ALIGN (0x4)
                0x10000dd8                        _ebss = .
                [!provide]                        PROVIDE (__end_bss_RAM = .)
                [!provide]                        PROVIDE (__end_bss_RamLoc16 = .)
                [!provide]                        PROVIDE (end = .)

.noinit         0x10000dd8        0x0
                0x10000dd8                        _noinit = .
                [!provide]                        PROVIDE (__start_noinit_RAM = .)
                [!provide]                        PROVIDE (__start_noinit_RamLoc16 = .)
 *(.noinit*)
                0x10000dd8                        . = ALIGN (0x4)
                0x10000dd8                        _end_noinit = .
                [!provide]                        PROVIDE (__end_noinit_RAM = .)
                [!provide]                        PROVIDE (__end_noinit_RamLoc16 = .)
                0x10000dd8                        PROVIDE (_pvHeapStart = DEFINED (__user_heap_base)?__user_heap_base:.)
                0x10004000                        PROVIDE (_vStackTop = DEFINED (__user_stack_top)?__user_stack_top:(__top_RamLoc16 - 0x0))
                0xefffbb11                        PROVIDE (__valid_user_code_checksum = (0x0 - (((_vStackTop + (ResetISR + 0x1)) + (DEFINED (NMI_Handler)?NMI_Handler:M0_NMI_Handler + 0x1)) + (DEFINED (HardFault_Handler)?HardFault_Handler:M0_HardFault_Handler + 0x1))))
                0x00000000                        _image_start = LOADADDR (.text)
                0x00004dd0                        _image_end = (LOADADDR (.data) + SIZEOF (.data))
                0x00004dd0                        _image_size = (_image_end - _image_start)
OUTPUT(SPO2_HR.axf elf32-littlearm)
LOAD linker stubs

.debug_info     0x00000000     0x8227
 .debug_info    0x00000000      0xc68 ./src/MdeMAX30102.o
 .debug_info    0x00000c68      0xe9b ./src/main.o
 .debug_info    0x00001b03      0x22a ./Utils/strings/strings.o
 .debug_info    0x00001d2d      0x2b1 ./Utils/queue/Queue.o
 .debug_info    0x00001fde      0x3ef ./Drivers_LPC845/timer/Timer.o
 .debug_info    0x000023cd       0xb1 ./Drivers_LPC845/systick/Systick.o
 .debug_info    0x0000247e     0x1515 ./Drivers_LPC845/sensor/MAX30102.o
 .debug_info    0x00003993      0x4b4 ./Drivers_LPC845/pinInt/PinInt.o
 .debug_info    0x00003e47      0x30b ./Drivers_LPC845/perifericoTemporizado/PerifericoTemporizado.o
 .debug_info    0x00004152      0xd65 ./Drivers_LPC845/esp8266/ESP8266.o
 .debug_info    0x00004eb7      0x622 ./Drivers_LPC845/dr_init/DR_Init.o
 .debug_info    0x000054d9      0x245 ./Drivers_LPC845/SerialCom/bufferCirc.o
 .debug_info    0x0000571e      0x7c7 ./Drivers_LPC845/SerialCom/serialCom.o
 .debug_info    0x00005ee5     0x16ef ./Drivers_LPC845/I2C/I2C.o
 .debug_info    0x000075d4      0x9f7 ./Drivers_LPC845/cr_cpp_config.o
 .debug_info    0x00007fcb      0x25c ./Drivers_LPC845/cr_startup_lpc84x.o

.debug_abbrev   0x00000000     0x2635
 .debug_abbrev  0x00000000      0x310 ./src/MdeMAX30102.o
 .debug_abbrev  0x00000310      0x330 ./src/main.o
 .debug_abbrev  0x00000640      0x114 ./Utils/strings/strings.o
 .debug_abbrev  0x00000754      0x160 ./Utils/queue/Queue.o
 .debug_abbrev  0x000008b4      0x22c ./Drivers_LPC845/timer/Timer.o
 .debug_abbrev  0x00000ae0       0xa2 ./Drivers_LPC845/systick/Systick.o
 .debug_abbrev  0x00000b82      0x3f9 ./Drivers_LPC845/sensor/MAX30102.o
 .debug_abbrev  0x00000f7b      0x20d ./Drivers_LPC845/pinInt/PinInt.o
 .debug_abbrev  0x00001188      0x1f6 ./Drivers_LPC845/perifericoTemporizado/PerifericoTemporizado.o
 .debug_abbrev  0x0000137e      0x485 ./Drivers_LPC845/esp8266/ESP8266.o
 .debug_abbrev  0x00001803      0x179 ./Drivers_LPC845/dr_init/DR_Init.o
 .debug_abbrev  0x0000197c      0x1bb ./Drivers_LPC845/SerialCom/bufferCirc.o
 .debug_abbrev  0x00001b37      0x33e ./Drivers_LPC845/SerialCom/serialCom.o
 .debug_abbrev  0x00001e75      0x418 ./Drivers_LPC845/I2C/I2C.o
 .debug_abbrev  0x0000228d      0x26e ./Drivers_LPC845/cr_cpp_config.o
 .debug_abbrev  0x000024fb      0x13a ./Drivers_LPC845/cr_startup_lpc84x.o

.debug_aranges  0x00000000      0x5d8
 .debug_aranges
                0x00000000       0x30 ./src/MdeMAX30102.o
 .debug_aranges
                0x00000030       0x20 ./src/main.o
 .debug_aranges
                0x00000050       0x38 ./Utils/strings/strings.o
 .debug_aranges
                0x00000088       0x40 ./Utils/queue/Queue.o
 .debug_aranges
                0x000000c8       0x40 ./Drivers_LPC845/timer/Timer.o
 .debug_aranges
                0x00000108       0x28 ./Drivers_LPC845/systick/Systick.o
 .debug_aranges
                0x00000130       0xd0 ./Drivers_LPC845/sensor/MAX30102.o
 .debug_aranges
                0x00000200       0x78 ./Drivers_LPC845/pinInt/PinInt.o
 .debug_aranges
                0x00000278       0x28 ./Drivers_LPC845/perifericoTemporizado/PerifericoTemporizado.o
 .debug_aranges
                0x000002a0       0x80 ./Drivers_LPC845/esp8266/ESP8266.o
 .debug_aranges
                0x00000320       0x28 ./Drivers_LPC845/dr_init/DR_Init.o
 .debug_aranges
                0x00000348       0x38 ./Drivers_LPC845/SerialCom/bufferCirc.o
 .debug_aranges
                0x00000380       0x80 ./Drivers_LPC845/SerialCom/serialCom.o
 .debug_aranges
                0x00000400      0x130 ./Drivers_LPC845/I2C/I2C.o
 .debug_aranges
                0x00000530       0x48 ./Drivers_LPC845/cr_cpp_config.o
 .debug_aranges
                0x00000578       0x60 ./Drivers_LPC845/cr_startup_lpc84x.o

.debug_ranges   0x00000000      0x538
 .debug_ranges  0x00000000       0x20 ./src/MdeMAX30102.o
 .debug_ranges  0x00000020       0x10 ./src/main.o
 .debug_ranges  0x00000030       0x28 ./Utils/strings/strings.o
 .debug_ranges  0x00000058       0x30 ./Utils/queue/Queue.o
 .debug_ranges  0x00000088       0x30 ./Drivers_LPC845/timer/Timer.o
 .debug_ranges  0x000000b8       0x18 ./Drivers_LPC845/systick/Systick.o
 .debug_ranges  0x000000d0       0xc0 ./Drivers_LPC845/sensor/MAX30102.o
 .debug_ranges  0x00000190       0x68 ./Drivers_LPC845/pinInt/PinInt.o
 .debug_ranges  0x000001f8       0x18 ./Drivers_LPC845/perifericoTemporizado/PerifericoTemporizado.o
 .debug_ranges  0x00000210       0x70 ./Drivers_LPC845/esp8266/ESP8266.o
 .debug_ranges  0x00000280       0x18 ./Drivers_LPC845/dr_init/DR_Init.o
 .debug_ranges  0x00000298       0x28 ./Drivers_LPC845/SerialCom/bufferCirc.o
 .debug_ranges  0x000002c0       0x70 ./Drivers_LPC845/SerialCom/serialCom.o
 .debug_ranges  0x00000330      0x180 ./Drivers_LPC845/I2C/I2C.o
 .debug_ranges  0x000004b0       0x38 ./Drivers_LPC845/cr_cpp_config.o
 .debug_ranges  0x000004e8       0x50 ./Drivers_LPC845/cr_startup_lpc84x.o

.debug_macro    0x00000000     0x46ab
 .debug_macro   0x00000000      0x1ff ./src/MdeMAX30102.o
 .debug_macro   0x000001ff      0xbfe ./src/MdeMAX30102.o
 .debug_macro   0x00000dfd     0x1c24 ./src/MdeMAX30102.o
 .debug_macro   0x00002a21       0x34 ./src/MdeMAX30102.o
 .debug_macro   0x00002a55      0x1f2 ./src/MdeMAX30102.o
 .debug_macro   0x00002c47       0x10 ./src/MdeMAX30102.o
 .debug_macro   0x00002c57       0xc8 ./src/MdeMAX30102.o
 .debug_macro   0x00002d1f      0x103 ./src/MdeMAX30102.o
 .debug_macro   0x00002e22      0x353 ./src/MdeMAX30102.o
 .debug_macro   0x00003175       0x22 ./src/MdeMAX30102.o
 .debug_macro   0x00003197       0x75 ./src/MdeMAX30102.o
 .debug_macro   0x0000320c       0x24 ./src/MdeMAX30102.o
 .debug_macro   0x00003230       0x94 ./src/MdeMAX30102.o
 .debug_macro   0x000032c4       0x3c ./src/MdeMAX30102.o
 .debug_macro   0x00003300       0x34 ./src/MdeMAX30102.o
 .debug_macro   0x00003334      0x197 ./src/MdeMAX30102.o
 .debug_macro   0x000034cb       0x57 ./src/MdeMAX30102.o
 .debug_macro   0x00003522      0x38c ./src/MdeMAX30102.o
 .debug_macro   0x000038ae       0x16 ./src/MdeMAX30102.o
 .debug_macro   0x000038c4       0x4a ./src/MdeMAX30102.o
 .debug_macro   0x0000390e       0x34 ./src/MdeMAX30102.o
 .debug_macro   0x00003942       0x10 ./src/MdeMAX30102.o
 .debug_macro   0x00003952       0x58 ./src/MdeMAX30102.o
 .debug_macro   0x000039aa      0x1de ./src/MdeMAX30102.o
 .debug_macro   0x00003b88       0x10 ./src/MdeMAX30102.o
 .debug_macro   0x00003b98       0x3c ./src/MdeMAX30102.o
 .debug_macro   0x00003bd4       0x8e ./src/MdeMAX30102.o
 .debug_macro   0x00003c62       0x6a ./src/MdeMAX30102.o
 .debug_macro   0x00003ccc      0x1ff ./src/main.o
 .debug_macro   0x00003ecb       0x24 ./Utils/strings/strings.o
 .debug_macro   0x00003eef       0x24 ./Utils/queue/Queue.o
 .debug_macro   0x00003f13       0x2e ./Drivers_LPC845/timer/Timer.o
 .debug_macro   0x00003f41       0x24 ./Drivers_LPC845/systick/Systick.o
 .debug_macro   0x00003f65      0x156 ./Drivers_LPC845/sensor/MAX30102.o
 .debug_macro   0x000040bb       0x24 ./Drivers_LPC845/pinInt/PinInt.o
 .debug_macro   0x000040df       0x24 ./Drivers_LPC845/perifericoTemporizado/PerifericoTemporizado.o
 .debug_macro   0x00004103       0x6d ./Drivers_LPC845/esp8266/ESP8266.o
 .debug_macro   0x00004170       0x3e ./Drivers_LPC845/dr_init/DR_Init.o
 .debug_macro   0x000041ae       0x24 ./Drivers_LPC845/SerialCom/bufferCirc.o
 .debug_macro   0x000041d2       0x2e ./Drivers_LPC845/SerialCom/serialCom.o
 .debug_macro   0x00004200       0x24 ./Drivers_LPC845/I2C/I2C.o
 .debug_macro   0x00004224      0x14d ./Drivers_LPC845/cr_cpp_config.o
 .debug_macro   0x00004371       0x10 ./Drivers_LPC845/cr_cpp_config.o
 .debug_macro   0x00004381       0x16 ./Drivers_LPC845/cr_cpp_config.o
 .debug_macro   0x00004397      0x11c ./Drivers_LPC845/cr_cpp_config.o
 .debug_macro   0x000044b3       0xa2 ./Drivers_LPC845/cr_cpp_config.o
 .debug_macro   0x00004555       0x16 ./Drivers_LPC845/cr_cpp_config.o
 .debug_macro   0x0000456b       0x29 ./Drivers_LPC845/cr_cpp_config.o
 .debug_macro   0x00004594       0x1c ./Drivers_LPC845/cr_cpp_config.o
 .debug_macro   0x000045b0       0xde ./Drivers_LPC845/cr_cpp_config.o
 .debug_macro   0x0000468e       0x1d ./Drivers_LPC845/cr_startup_lpc84x.o

.debug_line     0x00000000     0x52ad
 .debug_line    0x00000000      0xc34 ./src/MdeMAX30102.o
 .debug_line    0x00000c34      0xb04 ./src/main.o
 .debug_line    0x00001738      0x24c ./Utils/strings/strings.o
 .debug_line    0x00001984      0x15e ./Utils/queue/Queue.o
 .debug_line    0x00001ae2      0x1f2 ./Drivers_LPC845/timer/Timer.o
 .debug_line    0x00001cd4      0x145 ./Drivers_LPC845/systick/Systick.o
 .debug_line    0x00001e19      0xee0 ./Drivers_LPC845/sensor/MAX30102.o
 .debug_line    0x00002cf9      0x380 ./Drivers_LPC845/pinInt/PinInt.o
 .debug_line    0x00003079      0x219 ./Drivers_LPC845/perifericoTemporizado/PerifericoTemporizado.o
 .debug_line    0x00003292      0x653 ./Drivers_LPC845/esp8266/ESP8266.o
 .debug_line    0x000038e5      0x25f ./Drivers_LPC845/dr_init/DR_Init.o
 .debug_line    0x00003b44      0x15d ./Drivers_LPC845/SerialCom/bufferCirc.o
 .debug_line    0x00003ca1      0x4da ./Drivers_LPC845/SerialCom/serialCom.o
 .debug_line    0x0000417b      0x9be ./Drivers_LPC845/I2C/I2C.o
 .debug_line    0x00004b39      0x663 ./Drivers_LPC845/cr_cpp_config.o
 .debug_line    0x0000519c      0x111 ./Drivers_LPC845/cr_startup_lpc84x.o

.debug_str      0x00000000    0x19ef0
 .debug_str     0x00000000    0x19ef0 ./src/MdeMAX30102.o
                              0x17ef2 (size before relaxing)
 .debug_str     0x00019ef0    0x180a9 ./src/main.o
 .debug_str     0x00019ef0    0x11d24 ./Utils/strings/strings.o
 .debug_str     0x00019ef0    0x11d00 ./Utils/queue/Queue.o
 .debug_str     0x00019ef0    0x11e63 ./Drivers_LPC845/timer/Timer.o
 .debug_str     0x00019ef0    0x11c64 ./Drivers_LPC845/systick/Systick.o
 .debug_str     0x00019ef0    0x17edc ./Drivers_LPC845/sensor/MAX30102.o
 .debug_str     0x00019ef0    0x11e61 ./Drivers_LPC845/pinInt/PinInt.o
 .debug_str     0x00019ef0    0x11dc8 ./Drivers_LPC845/perifericoTemporizado/PerifericoTemporizado.o
 .debug_str     0x00019ef0    0x12642 ./Drivers_LPC845/esp8266/ESP8266.o
 .debug_str     0x00019ef0    0x1204d ./Drivers_LPC845/dr_init/DR_Init.o
 .debug_str     0x00019ef0    0x11cf4 ./Drivers_LPC845/SerialCom/bufferCirc.o
 .debug_str     0x00019ef0    0x11fb7 ./Drivers_LPC845/SerialCom/serialCom.o
 .debug_str     0x00019ef0    0x127db ./Drivers_LPC845/I2C/I2C.o
 .debug_str     0x00019ef0     0x8f63 ./Drivers_LPC845/cr_cpp_config.o
 .debug_str     0x00019ef0     0x3622 ./Drivers_LPC845/cr_startup_lpc84x.o

.comment        0x00000000       0x44
 .comment       0x00000000       0x44 ./src/MdeMAX30102.o
                                 0x45 (size before relaxing)
 .comment       0x00000044       0x45 ./src/main.o
 .comment       0x00000044       0x45 ./Utils/strings/strings.o
 .comment       0x00000044       0x45 ./Utils/queue/Queue.o
 .comment       0x00000044       0x45 ./Drivers_LPC845/timer/Timer.o
 .comment       0x00000044       0x45 ./Drivers_LPC845/systick/Systick.o
 .comment       0x00000044       0x45 ./Drivers_LPC845/sensor/MAX30102.o
 .comment       0x00000044       0x45 ./Drivers_LPC845/pinInt/PinInt.o
 .comment       0x00000044       0x45 ./Drivers_LPC845/perifericoTemporizado/PerifericoTemporizado.o
 .comment       0x00000044       0x45 ./Drivers_LPC845/esp8266/ESP8266.o
 .comment       0x00000044       0x45 ./Drivers_LPC845/dr_init/DR_Init.o
 .comment       0x00000044       0x45 ./Drivers_LPC845/SerialCom/bufferCirc.o
 .comment       0x00000044       0x45 ./Drivers_LPC845/SerialCom/serialCom.o
 .comment       0x00000044       0x45 ./Drivers_LPC845/I2C/I2C.o
 .comment       0x00000044       0x45 ./Drivers_LPC845/cr_cpp_config.o
 .comment       0x00000044       0x45 ./Drivers_LPC845/cr_startup_lpc84x.o
 .comment       0x00000044       0x45 C:/nxp/MCUXpressoIDE_11.10.0_3148/ide/plugins/com.nxp.mcuxpresso.tools.win32_11.10.0.202311280810/tools/bin/../lib/gcc/arm-none-eabi/13.2.1/../../../../arm-none-eabi/lib/thumb/v6-m/nofp\libcr_newlib_none.a(_cr_sbrk.o)
 .comment       0x00000044       0x45 C:/nxp/MCUXpressoIDE_11.10.0_3148/ide/plugins/com.nxp.mcuxpresso.tools.win32_11.10.0.202311280810/tools/bin/../lib/gcc/arm-none-eabi/13.2.1/../../../../arm-none-eabi/lib/thumb/v6-m/nofp\libcr_newlib_none.a(_cr_check_heap.o)

.ARM.attributes
                0x00000000       0x2c
 .ARM.attributes
                0x00000000       0x2c ./src/MdeMAX30102.o
 .ARM.attributes
                0x0000002c       0x2c ./src/main.o
 .ARM.attributes
                0x00000058       0x2c ./Utils/strings/strings.o
 .ARM.attributes
                0x00000084       0x2c ./Utils/queue/Queue.o
 .ARM.attributes
                0x000000b0       0x2c ./Drivers_LPC845/timer/Timer.o
 .ARM.attributes
                0x000000dc       0x2c ./Drivers_LPC845/systick/Systick.o
 .ARM.attributes
                0x00000108       0x2c ./Drivers_LPC845/sensor/MAX30102.o
 .ARM.attributes
                0x00000134       0x2c ./Drivers_LPC845/pinInt/PinInt.o
 .ARM.attributes
                0x00000160       0x2c ./Drivers_LPC845/perifericoTemporizado/PerifericoTemporizado.o
 .ARM.attributes
                0x0000018c       0x2c ./Drivers_LPC845/esp8266/ESP8266.o
 .ARM.attributes
                0x000001b8       0x2c ./Drivers_LPC845/dr_init/DR_Init.o
 .ARM.attributes
                0x000001e4       0x2c ./Drivers_LPC845/SerialCom/bufferCirc.o
 .ARM.attributes
                0x00000210       0x2c ./Drivers_LPC845/SerialCom/serialCom.o
 .ARM.attributes
                0x0000023c       0x2c ./Drivers_LPC845/I2C/I2C.o
 .ARM.attributes
                0x00000268       0x2c ./Drivers_LPC845/cr_cpp_config.o
 .ARM.attributes
                0x00000294       0x2c ./Drivers_LPC845/cr_startup_lpc84x.o
 .ARM.attributes
                0x000002c0       0x1e C:/nxp/MCUXpressoIDE_11.10.0_3148/ide/plugins/com.nxp.mcuxpresso.tools.win32_11.10.0.202311280810/tools/bin/../lib/gcc/arm-none-eabi/13.2.1/thumb/v6-m/nofp\libgcc.a(_udivsi3.o)
 .ARM.attributes
                0x000002de       0x1e C:/nxp/MCUXpressoIDE_11.10.0_3148/ide/plugins/com.nxp.mcuxpresso.tools.win32_11.10.0.202311280810/tools/bin/../lib/gcc/arm-none-eabi/13.2.1/thumb/v6-m/nofp\libgcc.a(_divsi3.o)
 .ARM.attributes
                0x000002fc       0x1e C:/nxp/MCUXpressoIDE_11.10.0_3148/ide/plugins/com.nxp.mcuxpresso.tools.win32_11.10.0.202311280810/tools/bin/../lib/gcc/arm-none-eabi/13.2.1/thumb/v6-m/nofp\libgcc.a(_dvmd_tls.o)
 .ARM.attributes
                0x0000031a       0x2c C:/nxp/MCUXpressoIDE_11.10.0_3148/ide/plugins/com.nxp.mcuxpresso.tools.win32_11.10.0.202311280810/tools/bin/../lib/gcc/arm-none-eabi/13.2.1/thumb/v6-m/nofp\libc.a(libc_a-malloc.o)
 .ARM.attributes
                0x00000346       0x2c C:/nxp/MCUXpressoIDE_11.10.0_3148/ide/plugins/com.nxp.mcuxpresso.tools.win32_11.10.0.202311280810/tools/bin/../lib/gcc/arm-none-eabi/13.2.1/thumb/v6-m/nofp\libc.a(libc_a-mallocr.o)
 .ARM.attributes
                0x00000372       0x2c C:/nxp/MCUXpressoIDE_11.10.0_3148/ide/plugins/com.nxp.mcuxpresso.tools.win32_11.10.0.202311280810/tools/bin/../lib/gcc/arm-none-eabi/13.2.1/thumb/v6-m/nofp\libc.a(libc_a-mlock.o)
 .ARM.attributes
                0x0000039e       0x2c C:/nxp/MCUXpressoIDE_11.10.0_3148/ide/plugins/com.nxp.mcuxpresso.tools.win32_11.10.0.202311280810/tools/bin/../lib/gcc/arm-none-eabi/13.2.1/thumb/v6-m/nofp\libc.a(libc_a-memset.o)
 .ARM.attributes
                0x000003ca       0x2c C:/nxp/MCUXpressoIDE_11.10.0_3148/ide/plugins/com.nxp.mcuxpresso.tools.win32_11.10.0.202311280810/tools/bin/../lib/gcc/arm-none-eabi/13.2.1/thumb/v6-m/nofp\libc.a(libc_a-impure.o)
 .ARM.attributes
                0x000003f6       0x2c C:/nxp/MCUXpressoIDE_11.10.0_3148/ide/plugins/com.nxp.mcuxpresso.tools.win32_11.10.0.202311280810/tools/bin/../lib/gcc/arm-none-eabi/13.2.1/thumb/v6-m/nofp\libc.a(libc_a-sbrkr.o)
 .ARM.attributes
                0x00000422       0x2c C:/nxp/MCUXpressoIDE_11.10.0_3148/ide/plugins/com.nxp.mcuxpresso.tools.win32_11.10.0.202311280810/tools/bin/../lib/gcc/arm-none-eabi/13.2.1/thumb/v6-m/nofp\libc.a(libc_a-init.o)
 .ARM.attributes
                0x0000044e       0x2c C:/nxp/MCUXpressoIDE_11.10.0_3148/ide/plugins/com.nxp.mcuxpresso.tools.win32_11.10.0.202311280810/tools/bin/../lib/gcc/arm-none-eabi/13.2.1/thumb/v6-m/nofp\libc.a(libc_a-lock.o)
 .ARM.attributes
                0x0000047a       0x2c C:/nxp/MCUXpressoIDE_11.10.0_3148/ide/plugins/com.nxp.mcuxpresso.tools.win32_11.10.0.202311280810/tools/bin/../lib/gcc/arm-none-eabi/13.2.1/thumb/v6-m/nofp\libc.a(libc_a-sysconf.o)
 .ARM.attributes
                0x000004a6       0x2c C:/nxp/MCUXpressoIDE_11.10.0_3148/ide/plugins/com.nxp.mcuxpresso.tools.win32_11.10.0.202311280810/tools/bin/../lib/gcc/arm-none-eabi/13.2.1/thumb/v6-m/nofp\libc.a(libc_a-memcpy-stub.o)
 .ARM.attributes
                0x000004d2       0x2c C:/nxp/MCUXpressoIDE_11.10.0_3148/ide/plugins/com.nxp.mcuxpresso.tools.win32_11.10.0.202311280810/tools/bin/../lib/gcc/arm-none-eabi/13.2.1/thumb/v6-m/nofp\libc.a(libc_a-freer.o)
 .ARM.attributes
                0x000004fe       0x2c C:/nxp/MCUXpressoIDE_11.10.0_3148/ide/plugins/com.nxp.mcuxpresso.tools.win32_11.10.0.202311280810/tools/bin/../lib/gcc/arm-none-eabi/13.2.1/thumb/v6-m/nofp\libc.a(libc_a-findfp.o)
 .ARM.attributes
                0x0000052a       0x2c C:/nxp/MCUXpressoIDE_11.10.0_3148/ide/plugins/com.nxp.mcuxpresso.tools.win32_11.10.0.202311280810/tools/bin/../lib/gcc/arm-none-eabi/13.2.1/thumb/v6-m/nofp\libc.a(libc_a-reent.o)
 .ARM.attributes
                0x00000556       0x2c C:/nxp/MCUXpressoIDE_11.10.0_3148/ide/plugins/com.nxp.mcuxpresso.tools.win32_11.10.0.202311280810/tools/bin/../lib/gcc/arm-none-eabi/13.2.1/thumb/v6-m/nofp\libc.a(libc_a-errno.o)
 .ARM.attributes
                0x00000582       0x2c C:/nxp/MCUXpressoIDE_11.10.0_3148/ide/plugins/com.nxp.mcuxpresso.tools.win32_11.10.0.202311280810/tools/bin/../lib/gcc/arm-none-eabi/13.2.1/thumb/v6-m/nofp\libstdc++.a(del_ops.o)
 .ARM.attributes
                0x000005ae       0x2c C:/nxp/MCUXpressoIDE_11.10.0_3148/ide/plugins/com.nxp.mcuxpresso.tools.win32_11.10.0.202311280810/tools/bin/../lib/gcc/arm-none-eabi/13.2.1/../../../../arm-none-eabi/lib/thumb/v6-m/nofp\libcr_newlib_none.a(_cr_sbrk.o)
 .ARM.attributes
                0x000005da       0x2c C:/nxp/MCUXpressoIDE_11.10.0_3148/ide/plugins/com.nxp.mcuxpresso.tools.win32_11.10.0.202311280810/tools/bin/../lib/gcc/arm-none-eabi/13.2.1/../../../../arm-none-eabi/lib/thumb/v6-m/nofp\libcr_newlib_none.a(_cr_check_heap.o)
 .ARM.attributes
                0x00000606       0x1e C:/nxp/MCUXpressoIDE_11.10.0_3148/ide/plugins/com.nxp.mcuxpresso.tools.win32_11.10.0.202311280810/tools/bin/../lib/gcc/arm-none-eabi/13.2.1/thumb/v6-m/nofp\crti.o
 .ARM.attributes
                0x00000624       0x1e C:/nxp/MCUXpressoIDE_11.10.0_3148/ide/plugins/com.nxp.mcuxpresso.tools.win32_11.10.0.202311280810/tools/bin/../lib/gcc/arm-none-eabi/13.2.1/thumb/v6-m/nofp\crtn.o
 .ARM.attributes
                0x00000642       0x2c C:/nxp/MCUXpressoIDE_11.10.0_3148/ide/plugins/com.nxp.mcuxpresso.tools.win32_11.10.0.202311280810/tools/bin/../lib/gcc/arm-none-eabi/13.2.1/thumb/v6-m/nofp\crtbegin.o
 .ARM.attributes
                0x0000066e       0x2c C:/nxp/MCUXpressoIDE_11.10.0_3148/ide/plugins/com.nxp.mcuxpresso.tools.win32_11.10.0.202311280810/tools/bin/../lib/gcc/arm-none-eabi/13.2.1/thumb/v6-m/nofp\crtend.o

.debug_frame    0x00000000     0x16d8
 .debug_frame   0x00000000       0x74 ./src/MdeMAX30102.o
 .debug_frame   0x00000074       0x30 ./src/main.o
 .debug_frame   0x000000a4       0x94 ./Utils/strings/strings.o
 .debug_frame   0x00000138       0xb0 ./Utils/queue/Queue.o
 .debug_frame   0x000001e8       0xb0 ./Drivers_LPC845/timer/Timer.o
 .debug_frame   0x00000298       0x4c ./Drivers_LPC845/systick/Systick.o
 .debug_frame   0x000002e4      0x300 ./Drivers_LPC845/sensor/MAX30102.o
 .debug_frame   0x000005e4      0x170 ./Drivers_LPC845/pinInt/PinInt.o
 .debug_frame   0x00000754       0x50 ./Drivers_LPC845/perifericoTemporizado/PerifericoTemporizado.o
 .debug_frame   0x000007a4      0x1c0 ./Drivers_LPC845/esp8266/ESP8266.o
 .debug_frame   0x00000964       0x4c ./Drivers_LPC845/dr_init/DR_Init.o
 .debug_frame   0x000009b0       0x90 ./Drivers_LPC845/SerialCom/bufferCirc.o
 .debug_frame   0x00000a40      0x1b0 ./Drivers_LPC845/SerialCom/serialCom.o
 .debug_frame   0x00000bf0      0x470 ./Drivers_LPC845/I2C/I2C.o
 .debug_frame   0x00001060       0xcc ./Drivers_LPC845/cr_cpp_config.o
 .debug_frame   0x0000112c      0x118 ./Drivers_LPC845/cr_startup_lpc84x.o
 .debug_frame   0x00001244       0x20 C:/nxp/MCUXpressoIDE_11.10.0_3148/ide/plugins/com.nxp.mcuxpresso.tools.win32_11.10.0.202311280810/tools/bin/../lib/gcc/arm-none-eabi/13.2.1/thumb/v6-m/nofp\libgcc.a(_udivsi3.o)
 .debug_frame   0x00001264       0x20 C:/nxp/MCUXpressoIDE_11.10.0_3148/ide/plugins/com.nxp.mcuxpresso.tools.win32_11.10.0.202311280810/tools/bin/../lib/gcc/arm-none-eabi/13.2.1/thumb/v6-m/nofp\libgcc.a(_divsi3.o)
 .debug_frame   0x00001284       0x40 C:/nxp/MCUXpressoIDE_11.10.0_3148/ide/plugins/com.nxp.mcuxpresso.tools.win32_11.10.0.202311280810/tools/bin/../lib/gcc/arm-none-eabi/13.2.1/thumb/v6-m/nofp\libc.a(libc_a-malloc.o)
 .debug_frame   0x000012c4       0x3c C:/nxp/MCUXpressoIDE_11.10.0_3148/ide/plugins/com.nxp.mcuxpresso.tools.win32_11.10.0.202311280810/tools/bin/../lib/gcc/arm-none-eabi/13.2.1/thumb/v6-m/nofp\libc.a(libc_a-mallocr.o)
 .debug_frame   0x00001300       0x40 C:/nxp/MCUXpressoIDE_11.10.0_3148/ide/plugins/com.nxp.mcuxpresso.tools.win32_11.10.0.202311280810/tools/bin/../lib/gcc/arm-none-eabi/13.2.1/thumb/v6-m/nofp\libc.a(libc_a-mlock.o)
 .debug_frame   0x00001340       0x30 C:/nxp/MCUXpressoIDE_11.10.0_3148/ide/plugins/com.nxp.mcuxpresso.tools.win32_11.10.0.202311280810/tools/bin/../lib/gcc/arm-none-eabi/13.2.1/thumb/v6-m/nofp\libc.a(libc_a-memset.o)
 .debug_frame   0x00001370       0x2c C:/nxp/MCUXpressoIDE_11.10.0_3148/ide/plugins/com.nxp.mcuxpresso.tools.win32_11.10.0.202311280810/tools/bin/../lib/gcc/arm-none-eabi/13.2.1/thumb/v6-m/nofp\libc.a(libc_a-sbrkr.o)
 .debug_frame   0x0000139c       0x2c C:/nxp/MCUXpressoIDE_11.10.0_3148/ide/plugins/com.nxp.mcuxpresso.tools.win32_11.10.0.202311280810/tools/bin/../lib/gcc/arm-none-eabi/13.2.1/thumb/v6-m/nofp\libc.a(libc_a-init.o)
 .debug_frame   0x000013c8       0xb0 C:/nxp/MCUXpressoIDE_11.10.0_3148/ide/plugins/com.nxp.mcuxpresso.tools.win32_11.10.0.202311280810/tools/bin/../lib/gcc/arm-none-eabi/13.2.1/thumb/v6-m/nofp\libc.a(libc_a-lock.o)
 .debug_frame   0x00001478       0x28 C:/nxp/MCUXpressoIDE_11.10.0_3148/ide/plugins/com.nxp.mcuxpresso.tools.win32_11.10.0.202311280810/tools/bin/../lib/gcc/arm-none-eabi/13.2.1/thumb/v6-m/nofp\libc.a(libc_a-sysconf.o)
 .debug_frame   0x000014a0       0x30 C:/nxp/MCUXpressoIDE_11.10.0_3148/ide/plugins/com.nxp.mcuxpresso.tools.win32_11.10.0.202311280810/tools/bin/../lib/gcc/arm-none-eabi/13.2.1/thumb/v6-m/nofp\libc.a(libc_a-memcpy-stub.o)
 .debug_frame   0x000014d0       0x5c C:/nxp/MCUXpressoIDE_11.10.0_3148/ide/plugins/com.nxp.mcuxpresso.tools.win32_11.10.0.202311280810/tools/bin/../lib/gcc/arm-none-eabi/13.2.1/thumb/v6-m/nofp\libc.a(libc_a-freer.o)
 .debug_frame   0x0000152c      0x138 C:/nxp/MCUXpressoIDE_11.10.0_3148/ide/plugins/com.nxp.mcuxpresso.tools.win32_11.10.0.202311280810/tools/bin/../lib/gcc/arm-none-eabi/13.2.1/thumb/v6-m/nofp\libc.a(libc_a-findfp.o)
 .debug_frame   0x00001664       0x2c C:/nxp/MCUXpressoIDE_11.10.0_3148/ide/plugins/com.nxp.mcuxpresso.tools.win32_11.10.0.202311280810/tools/bin/../lib/gcc/arm-none-eabi/13.2.1/thumb/v6-m/nofp\libc.a(libc_a-reent.o)
 .debug_frame   0x00001690       0x20 C:/nxp/MCUXpressoIDE_11.10.0_3148/ide/plugins/com.nxp.mcuxpresso.tools.win32_11.10.0.202311280810/tools/bin/../lib/gcc/arm-none-eabi/13.2.1/thumb/v6-m/nofp\libc.a(libc_a-errno.o)
 .debug_frame   0x000016b0       0x28 C:/nxp/MCUXpressoIDE_11.10.0_3148/ide/plugins/com.nxp.mcuxpresso.tools.win32_11.10.0.202311280810/tools/bin/../lib/gcc/arm-none-eabi/13.2.1/thumb/v6-m/nofp\libstdc++.a(del_ops.o)

.debug_line_str
                0x00000000       0xc9
 .debug_line_str
                0x00000000       0xc9 C:/nxp/MCUXpressoIDE_11.10.0_3148/ide/plugins/com.nxp.mcuxpresso.tools.win32_11.10.0.202311280810/tools/bin/../lib/gcc/arm-none-eabi/13.2.1/thumb/v6-m/nofp\libgcc.a(_udivsi3.o)
 .debug_line_str
                0x000000c9       0xc9 C:/nxp/MCUXpressoIDE_11.10.0_3148/ide/plugins/com.nxp.mcuxpresso.tools.win32_11.10.0.202311280810/tools/bin/../lib/gcc/arm-none-eabi/13.2.1/thumb/v6-m/nofp\libgcc.a(_divsi3.o)
 .debug_line_str
                0x000000c9       0xc9 C:/nxp/MCUXpressoIDE_11.10.0_3148/ide/plugins/com.nxp.mcuxpresso.tools.win32_11.10.0.202311280810/tools/bin/../lib/gcc/arm-none-eabi/13.2.1/thumb/v6-m/nofp\libgcc.a(_dvmd_tls.o)

Cross Reference Table

Symbol                                            File
ADC_OVR_IRQHandler                                ./Drivers_LPC845/cr_startup_lpc84x.o
ADC_SEQA_IRQHandler                               ./Drivers_LPC845/cr_startup_lpc84x.o
ADC_SEQB_IRQHandler                               ./Drivers_LPC845/cr_startup_lpc84x.o
ADC_THCMP_IRQHandler                              ./Drivers_LPC845/cr_startup_lpc84x.o
BOD_IRQHandler                                    ./Drivers_LPC845/cr_startup_lpc84x.o
CMP_IRQHandler                                    ./Drivers_LPC845/cr_startup_lpc84x.o
CTIMER0_IRQHandler                                ./Drivers_LPC845/cr_startup_lpc84x.o
Cadenas::concatenarCadena(unsigned char*, unsigned char const*) ./Utils/strings/strings.o
                                                  ./Drivers_LPC845/esp8266/ESP8266.o
Cadenas::copiarCadena(unsigned char*, unsigned char const*) ./Utils/strings/strings.o
Cadenas::enteroACadena(unsigned char, unsigned char*) ./Utils/strings/strings.o
                                                  ./Drivers_LPC845/esp8266/ESP8266.o
Cadenas::longitudCadena(unsigned char const*)     ./Utils/strings/strings.o
                                                  ./Drivers_LPC845/esp8266/ESP8266.o
DAC0_IRQHandler                                   ./Drivers_LPC845/cr_startup_lpc84x.o
DMA_IRQHandler                                    ./Drivers_LPC845/cr_startup_lpc84x.o
ESP8266::ESP8266(serialCom*)                      ./Drivers_LPC845/esp8266/ESP8266.o
ESP8266::ESP8266(serialCom*)                      ./Drivers_LPC845/esp8266/ESP8266.o
                                                  ./src/main.o
ESP8266::callback()                               ./Drivers_LPC845/esp8266/ESP8266.o
ESP8266::check_response_ok()                      ./Drivers_LPC845/esp8266/ESP8266.o
ESP8266::check_wifi_connected()                   ./Drivers_LPC845/esp8266/ESP8266.o
                                                  ./src/main.o
ESP8266::init_module()                            ./Drivers_LPC845/esp8266/ESP8266.o
                                                  ./src/main.o
ESP8266::process_next()                           ./Drivers_LPC845/esp8266/ESP8266.o
ESP8266::send(unsigned int)                       ./Drivers_LPC845/esp8266/ESP8266.o
                                                  ./src/MdeMAX30102.o
ESP8266::send_length(unsigned char)               ./Drivers_LPC845/esp8266/ESP8266.o
ESP8266::size_of_digits(int)                      ./Drivers_LPC845/esp8266/ESP8266.o
ESP8266::timer_handler()                          ./Drivers_LPC845/esp8266/ESP8266.o
FAIM_IRQHandler                                   ./Drivers_LPC845/cr_startup_lpc84x.o
FLASH_IRQHandler                                  ./Drivers_LPC845/cr_startup_lpc84x.o
HardFault_Handler                                 ./Drivers_LPC845/cr_startup_lpc84x.o
I2C0_IRQHandler                                   ./Drivers_LPC845/I2C/I2C.o
I2C1_IRQHandler                                   ./Drivers_LPC845/cr_startup_lpc84x.o
I2C2_IRQHandler                                   ./Drivers_LPC845/cr_startup_lpc84x.o
I2C3_IRQHandler                                   ./Drivers_LPC845/cr_startup_lpc84x.o
I2C::AssignPins()                                 ./Drivers_LPC845/I2C/I2C.o
I2C::ClearPresets()                               ./Drivers_LPC845/I2C/I2C.o
I2C::ConfiguracionI2C0()                          ./Drivers_LPC845/I2C/I2C.o
I2C::DisableMasterPendingInterrupt()              ./Drivers_LPC845/I2C/I2C.o
I2C::EnableClocks()                               ./Drivers_LPC845/I2C/I2C.o
I2C::EnableMasterPendingInterrupt()               ./Drivers_LPC845/I2C/I2C.o
I2C::EnableNvicInterrupt()                        ./Drivers_LPC845/I2C/I2C.o
I2C::HadNACK()                                    ./Drivers_LPC845/I2C/I2C.o
I2C::I2C(I2C const&)                              ./Drivers_LPC845/sensor/MAX30102.o
I2C::I2C(I2C const&)                              ./Drivers_LPC845/sensor/MAX30102.o
I2C::I2C(unsigned char, unsigned char, unsigned char, unsigned char, I2C_Type*, mode_t, unsigned char) ./Drivers_LPC845/I2C/I2C.o
                                                  ./Drivers_LPC845/sensor/MAX30102.o
I2C::I2C(unsigned char, unsigned char, unsigned char, unsigned char, I2C_Type*, mode_t, unsigned char) ./Drivers_LPC845/I2C/I2C.o
I2C::IRQHandler()                                 ./Drivers_LPC845/I2C/I2C.o
I2C::MasterIsIdle()                               ./Drivers_LPC845/I2C/I2C.o
I2C::MasterIsReading()                            ./Drivers_LPC845/I2C/I2C.o
I2C::MasterIsWriting()                            ./Drivers_LPC845/I2C/I2C.o
I2C::MasterRead(bool)                             ./Drivers_LPC845/I2C/I2C.o
I2C::MasterWrite()                                ./Drivers_LPC845/I2C/I2C.o
I2C::PopRead(unsigned char*)                      ./Drivers_LPC845/I2C/I2C.o
I2C::PopWrite(unsigned char*)                     ./Drivers_LPC845/I2C/I2C.o
I2C::PushRead(unsigned char)                      ./Drivers_LPC845/I2C/I2C.o
I2C::PushWrite(unsigned char)                     ./Drivers_LPC845/I2C/I2C.o
I2C::Read(void*, unsigned int)                    ./Drivers_LPC845/I2C/I2C.o
                                                  ./Drivers_LPC845/sensor/MAX30102.o
I2C::ReadNextByte(unsigned char*)                 ./Drivers_LPC845/I2C/I2C.o
I2C::SetUpMaster()                                ./Drivers_LPC845/I2C/I2C.o
I2C::SetUpSlave()                                 ./Drivers_LPC845/I2C/I2C.o
I2C::SlaveRead()                                  ./Drivers_LPC845/I2C/I2C.o
I2C::SlaveWrite()                                 ./Drivers_LPC845/I2C/I2C.o
I2C::StartMasterRead()                            ./Drivers_LPC845/I2C/I2C.o
I2C::StartMasterWrite()                           ./Drivers_LPC845/I2C/I2C.o
I2C::TriggerReading(unsigned char)                ./Drivers_LPC845/I2C/I2C.o
I2C::Write(void*, unsigned int)                   ./Drivers_LPC845/I2C/I2C.o
I2C::read()                                       ./Drivers_LPC845/I2C/I2C.o
                                                  ./Drivers_LPC845/sensor/MAX30102.o
I2C::readI2CAndWait(unsigned char)                ./Drivers_LPC845/I2C/I2C.o
                                                  ./Drivers_LPC845/sensor/MAX30102.o
I2C::writeI2CAndWait(void*, unsigned int)         ./Drivers_LPC845/I2C/I2C.o
                                                  ./Drivers_LPC845/sensor/MAX30102.o
I2C::~I2C()                                       ./Drivers_LPC845/I2C/I2C.o
I2C::~I2C()                                       ./Drivers_LPC845/I2C/I2C.o
I2C::~I2C()                                       ./Drivers_LPC845/I2C/I2C.o
                                                  ./Drivers_LPC845/sensor/MAX30102.o
IOCON_INDEX                                       ./Drivers_LPC845/I2C/I2C.o
InicializarPLL()                                  ./Drivers_LPC845/dr_init/DR_Init.o
                                                  ./src/main.o
InstallSystick(void (*)())                        ./Drivers_LPC845/systick/Systick.o
                                                  ./Drivers_LPC845/dr_init/DR_Init.o
IntDefaultHandler                                 ./Drivers_LPC845/cr_startup_lpc84x.o
MAX30102::ConfiguracionSensorMAX30102(I2C)        ./Drivers_LPC845/sensor/MAX30102.o
MAX30102::MAX30102(I2C_Type*, mode_t, unsigned char) ./Drivers_LPC845/sensor/MAX30102.o
MAX30102::MAX30102(I2C_Type*, mode_t, unsigned char) ./Drivers_LPC845/sensor/MAX30102.o
                                                  ./src/MdeMAX30102.o
MAX30102::available()                             ./Drivers_LPC845/sensor/MAX30102.o
MAX30102::continue_reading()                      ./Drivers_LPC845/sensor/MAX30102.o
                                                  ./src/MdeMAX30102.o
MAX30102::getArrayIRValues()                      ./Drivers_LPC845/sensor/MAX30102.o
                                                  ./src/MdeMAX30102.o
MAX30102::getArrayRValues()                       ./Drivers_LPC845/sensor/MAX30102.o
                                                  ./src/MdeMAX30102.o
MAX30102::getFIFOIR()                             ./Drivers_LPC845/sensor/MAX30102.o
MAX30102::getFIFORed()                            ./Drivers_LPC845/sensor/MAX30102.o
MAX30102::getFifoReadAndWrite(unsigned char*, unsigned char*) ./Drivers_LPC845/sensor/MAX30102.o
                                                  ./src/MdeMAX30102.o
MAX30102::maxim_find_peaks(int*, int*, int*, int, int, int, int) ./Drivers_LPC845/sensor/MAX30102.o
MAX30102::maxim_heart_rate_and_oxygen_saturation(unsigned int*, int, unsigned int*, int*, signed char*, int*, signed char*) ./Drivers_LPC845/sensor/MAX30102.o
                                                  ./src/MdeMAX30102.o
MAX30102::maxim_peaks_above_min_height(int*, int*, int*, int, int) ./Drivers_LPC845/sensor/MAX30102.o
MAX30102::maxim_remove_close_peaks(int*, int*, int*, int) ./Drivers_LPC845/sensor/MAX30102.o
MAX30102::maxim_sort_ascend(int*, int)            ./Drivers_LPC845/sensor/MAX30102.o
MAX30102::maxim_sort_indices_descend(int*, int*, int) ./Drivers_LPC845/sensor/MAX30102.o
MAX30102::nextSample()                            ./Drivers_LPC845/sensor/MAX30102.o
MAX30102::readFifoData(int*)                      ./Drivers_LPC845/sensor/MAX30102.o
                                                  ./src/MdeMAX30102.o
MAX30102::readRegisterMAX30102(unsigned char, unsigned char*) ./Drivers_LPC845/sensor/MAX30102.o
MAX30102::readRegisterMAX30102NBytes(unsigned char, unsigned char) ./Drivers_LPC845/sensor/MAX30102.o
MAX30102::resetFifoWrite()                        ./Drivers_LPC845/sensor/MAX30102.o
                                                  ./src/MdeMAX30102.o
MAX30102::reset_samples_counter()                 ./Drivers_LPC845/sensor/MAX30102.o
                                                  ./src/MdeMAX30102.o
MAX30102::writeRegisterMAX30102(unsigned char, unsigned char) ./Drivers_LPC845/sensor/MAX30102.o
MRT_IRQHandler                                    ./Drivers_LPC845/cr_startup_lpc84x.o
Max30102StateMachine::Max30102StateMachine(ESP8266*) ./src/MdeMAX30102.o
Max30102StateMachine::Max30102StateMachine(ESP8266*) ./src/MdeMAX30102.o
                                                  ./src/main.o
Max30102StateMachine::Mde_MAX30102()              ./src/MdeMAX30102.o
                                                  ./src/main.o
Max30102StateMachine::promediar_valores(int*)     ./src/MdeMAX30102.o
NMI_Handler                                       ./Drivers_LPC845/cr_startup_lpc84x.o
PININT0_IRQHandler                                ./Drivers_LPC845/pinInt/PinInt.o
PININT1_IRQHandler                                ./Drivers_LPC845/pinInt/PinInt.o
PININT2_IRQHandler                                ./Drivers_LPC845/pinInt/PinInt.o
PININT3_IRQHandler                                ./Drivers_LPC845/pinInt/PinInt.o
PININT4_IRQHandler                                ./Drivers_LPC845/pinInt/PinInt.o
PININT5_IRQHandler                                ./Drivers_LPC845/pinInt/PinInt.o
PININT6_IRQHandler                                ./Drivers_LPC845/pinInt/PinInt.o
PININT7_IRQHandler                                ./Drivers_LPC845/pinInt/PinInt.o
PendSV_Handler                                    ./Drivers_LPC845/cr_startup_lpc84x.o
PerifericoTemporizado::PerifericoTemporizado()    ./Drivers_LPC845/perifericoTemporizado/PerifericoTemporizado.o
PerifericoTemporizado::PerifericoTemporizado()    ./Drivers_LPC845/perifericoTemporizado/PerifericoTemporizado.o
                                                  ./Drivers_LPC845/esp8266/ESP8266.o
                                                  ./Drivers_LPC845/timer/Timer.o
PerifericoTemporizado::cant_pt                    ./Drivers_LPC845/perifericoTemporizado/PerifericoTemporizado.o
                                                  ./Drivers_LPC845/dr_init/DR_Init.o
PerifericoTemporizado::~PerifericoTemporizado()   ./Drivers_LPC845/perifericoTemporizado/PerifericoTemporizado.o
                                                  ./Drivers_LPC845/timer/Timer.o
PerifericoTemporizado::~PerifericoTemporizado()   ./Drivers_LPC845/perifericoTemporizado/PerifericoTemporizado.o
PinInt::PinInt(unsigned char, unsigned char, void (*)(), unsigned char, unsigned char, unsigned char, unsigned char) ./Drivers_LPC845/pinInt/PinInt.o
PinInt::PinInt(unsigned char, unsigned char, void (*)(), unsigned char, unsigned char, unsigned char, unsigned char) ./Drivers_LPC845/pinInt/PinInt.o
PinInt::cant_ints                                 ./Drivers_LPC845/pinInt/PinInt.o
PinInt::handlers                                  ./Drivers_LPC845/pinInt/PinInt.o
PinInt::set_flanco(unsigned char, unsigned char)  ./Drivers_LPC845/pinInt/PinInt.o
PinInt::set_nivel(unsigned char, unsigned char)   ./Drivers_LPC845/pinInt/PinInt.o
PinInt::~PinInt()                                 ./Drivers_LPC845/pinInt/PinInt.o
PinInt::~PinInt()                                 ./Drivers_LPC845/pinInt/PinInt.o
Queue::Queue()                                    ./Drivers_LPC845/esp8266/ESP8266.o
Queue::Queue()                                    ./Drivers_LPC845/esp8266/ESP8266.o
Queue::dequeue(Task&)                             ./Utils/queue/Queue.o
                                                  ./Drivers_LPC845/esp8266/ESP8266.o
Queue::enqueue(void (*)(unsigned int), unsigned int) ./Utils/queue/Queue.o
                                                  ./Drivers_LPC845/esp8266/ESP8266.o
Queue::is_empty()                                 ./Utils/queue/Queue.o
                                                  ./Drivers_LPC845/esp8266/ESP8266.o
Queue::is_full()                                  ./Utils/queue/Queue.o
Queue::size()                                     ./Utils/queue/Queue.o
ResetISR                                          ./Drivers_LPC845/cr_startup_lpc84x.o
SCT_IRQHandler                                    ./Drivers_LPC845/cr_startup_lpc84x.o
SPI0_IRQHandler                                   ./Drivers_LPC845/cr_startup_lpc84x.o
SPI1_IRQHandler                                   ./Drivers_LPC845/cr_startup_lpc84x.o
SVC_Handler                                       ./Drivers_LPC845/cr_startup_lpc84x.o
SysTick_Handler                                   ./Drivers_LPC845/systick/Systick.o
Timer::Timer(unsigned int, void (*)(), bool)      ./Drivers_LPC845/timer/Timer.o
                                                  ./Drivers_LPC845/esp8266/ESP8266.o
Timer::Timer(unsigned int, void (*)(), bool)      ./Drivers_LPC845/timer/Timer.o
Timer::callback()                                 ./Drivers_LPC845/timer/Timer.o
Timer::start()                                    ./Drivers_LPC845/timer/Timer.o
                                                  ./Drivers_LPC845/esp8266/ESP8266.o
Timer::stop()                                     ./Drivers_LPC845/timer/Timer.o
                                                  ./Drivers_LPC845/esp8266/ESP8266.o
Timer::~Timer()                                   ./Drivers_LPC845/timer/Timer.o
Timer::~Timer()                                   ./Drivers_LPC845/timer/Timer.o
UART0_IRQHandler                                  ./Drivers_LPC845/SerialCom/serialCom.o
UART1_IRQHandler                                  ./Drivers_LPC845/SerialCom/serialCom.o
UART2_IRQHandler                                  ./Drivers_LPC845/SerialCom/serialCom.o
UART3_IRQHandler                                  ./Drivers_LPC845/SerialCom/serialCom.o
WDT_IRQHandler                                    ./Drivers_LPC845/cr_startup_lpc84x.o
WKT_IRQHandler                                    ./Drivers_LPC845/cr_startup_lpc84x.o
_ITM_deregisterTMCloneTable                       C:/nxp/MCUXpressoIDE_11.10.0_3148/ide/plugins/com.nxp.mcuxpresso.tools.win32_11.10.0.202311280810/tools/bin/../lib/gcc/arm-none-eabi/13.2.1/thumb/v6-m/nofp\crtbegin.o
_ITM_registerTMCloneTable                         C:/nxp/MCUXpressoIDE_11.10.0_3148/ide/plugins/com.nxp.mcuxpresso.tools.win32_11.10.0.202311280810/tools/bin/../lib/gcc/arm-none-eabi/13.2.1/thumb/v6-m/nofp\crtbegin.o
__TMC_END__                                       C:/nxp/MCUXpressoIDE_11.10.0_3148/ide/plugins/com.nxp.mcuxpresso.tools.win32_11.10.0.202311280810/tools/bin/../lib/gcc/arm-none-eabi/13.2.1/thumb/v6-m/nofp\crtend.o
                                                  C:/nxp/MCUXpressoIDE_11.10.0_3148/ide/plugins/com.nxp.mcuxpresso.tools.win32_11.10.0.202311280810/tools/bin/../lib/gcc/arm-none-eabi/13.2.1/thumb/v6-m/nofp\crtbegin.o
__aeabi_atexit                                    ./Drivers_LPC845/cr_cpp_config.o
__aeabi_idiv                                      C:/nxp/MCUXpressoIDE_11.10.0_3148/ide/plugins/com.nxp.mcuxpresso.tools.win32_11.10.0.202311280810/tools/bin/../lib/gcc/arm-none-eabi/13.2.1/thumb/v6-m/nofp\libgcc.a(_divsi3.o)
                                                  ./Drivers_LPC845/SerialCom/serialCom.o
                                                  ./Drivers_LPC845/esp8266/ESP8266.o
                                                  ./Drivers_LPC845/sensor/MAX30102.o
                                                  ./src/MdeMAX30102.o
__aeabi_idiv0                                     C:/nxp/MCUXpressoIDE_11.10.0_3148/ide/plugins/com.nxp.mcuxpresso.tools.win32_11.10.0.202311280810/tools/bin/../lib/gcc/arm-none-eabi/13.2.1/thumb/v6-m/nofp\libgcc.a(_dvmd_tls.o)
                                                  C:/nxp/MCUXpressoIDE_11.10.0_3148/ide/plugins/com.nxp.mcuxpresso.tools.win32_11.10.0.202311280810/tools/bin/../lib/gcc/arm-none-eabi/13.2.1/thumb/v6-m/nofp\libgcc.a(_divsi3.o)
                                                  C:/nxp/MCUXpressoIDE_11.10.0_3148/ide/plugins/com.nxp.mcuxpresso.tools.win32_11.10.0.202311280810/tools/bin/../lib/gcc/arm-none-eabi/13.2.1/thumb/v6-m/nofp\libgcc.a(_udivsi3.o)
__aeabi_idivmod                                   C:/nxp/MCUXpressoIDE_11.10.0_3148/ide/plugins/com.nxp.mcuxpresso.tools.win32_11.10.0.202311280810/tools/bin/../lib/gcc/arm-none-eabi/13.2.1/thumb/v6-m/nofp\libgcc.a(_divsi3.o)
                                                  ./Drivers_LPC845/SerialCom/serialCom.o
                                                  ./Utils/queue/Queue.o
__aeabi_ldiv0                                     C:/nxp/MCUXpressoIDE_11.10.0_3148/ide/plugins/com.nxp.mcuxpresso.tools.win32_11.10.0.202311280810/tools/bin/../lib/gcc/arm-none-eabi/13.2.1/thumb/v6-m/nofp\libgcc.a(_dvmd_tls.o)
__aeabi_uidiv                                     C:/nxp/MCUXpressoIDE_11.10.0_3148/ide/plugins/com.nxp.mcuxpresso.tools.win32_11.10.0.202311280810/tools/bin/../lib/gcc/arm-none-eabi/13.2.1/thumb/v6-m/nofp\libgcc.a(_udivsi3.o)
                                                  C:/nxp/MCUXpressoIDE_11.10.0_3148/ide/plugins/com.nxp.mcuxpresso.tools.win32_11.10.0.202311280810/tools/bin/../lib/gcc/arm-none-eabi/13.2.1/thumb/v6-m/nofp\libc.a(libc_a-freer.o)
                                                  ./Drivers_LPC845/SerialCom/serialCom.o