Copyright 1986-2022 Xilinx, Inc. All Rights Reserved. Copyright 2022-2024 Advanced Micro Devices, Inc. All Rights Reserved.
---------------------------------------------------------------------------------------------------------------------------------------------------------------------------------------------------------------
| Tool Version : Vivado v.2024.2 (win64) Build 5239630 Fri Nov 08 22:35:27 MST 2024
| Date         : Wed Sep 17 23:15:34 2025
| Host         : DESKTOP-38PF9T6 running 64-bit major release  (build 9200)
| Command      : report_timing_summary -max_paths 10 -report_unconstrained -file myCnt2_timing_summary_routed.rpt -pb myCnt2_timing_summary_routed.pb -rpx myCnt2_timing_summary_routed.rpx -warn_on_violation
| Design       : myCnt2
| Device       : 7z010-clg400
| Speed File   : -1  PRODUCTION 1.12 2019-11-22
| Design State : Routed
---------------------------------------------------------------------------------------------------------------------------------------------------------------------------------------------------------------

Timing Summary Report

------------------------------------------------------------------------------------------------
| Timer Settings
| --------------
------------------------------------------------------------------------------------------------

  Enable Multi Corner Analysis               :  Yes
  Enable Pessimism Removal                   :  Yes
  Pessimism Removal Resolution               :  Nearest Common Node
  Enable Input Delay Default Clock           :  No
  Enable Preset / Clear Arcs                 :  No
  Disable Flight Delays                      :  No
  Ignore I/O Paths                           :  No
  Timing Early Launch at Borrowing Latches   :  No
  Borrow Time for Max Delay Exceptions       :  Yes
  Merge Timing Exceptions                    :  Yes
  Inter-SLR Compensation                     :  Conservative

  Corner  Analyze    Analyze    
  Name    Max Paths  Min Paths  
  ------  ---------  ---------  
  Slow    Yes        Yes        
  Fast    Yes        Yes        


------------------------------------------------------------------------------------------------
| Report Methodology
| ------------------
------------------------------------------------------------------------------------------------

Rule       Severity          Description                  Violations  
---------  ----------------  ---------------------------  ----------  
TIMING-17  Critical Warning  Non-clocked sequential cell  6           

Note: This report is based on the most recent report_methodology run and may not be up-to-date. Run report_methodology on the current design for the latest report.



check_timing report

Table of Contents
-----------------
1. checking no_clock (6)
2. checking constant_clock (0)
3. checking pulse_width_clock (0)
4. checking unconstrained_internal_endpoints (8)
5. checking no_input_delay (6)
6. checking no_output_delay (1)
7. checking multiple_clock (0)
8. checking generated_clocks (0)
9. checking loops (0)
10. checking partial_input_delay (0)
11. checking partial_output_delay (0)
12. checking latch_loops (0)

1. checking no_clock (6)
------------------------
 There are 6 register/latch pins with no clock driven by root clock pin: clk (HIGH)


2. checking constant_clock (0)
------------------------------
 There are 0 register/latch pins with constant_clock.


3. checking pulse_width_clock (0)
---------------------------------
 There are 0 register/latch pins which need pulse_width check


4. checking unconstrained_internal_endpoints (8)
------------------------------------------------
 There are 8 pins that are not constrained for maximum delay. (HIGH)

 There are 0 pins that are not constrained for maximum delay due to constant clock.


5. checking no_input_delay (6)
------------------------------
 There are 6 input ports with no input delay specified. (HIGH)

 There are 0 input ports with no input delay but user has a false path constraint.


6. checking no_output_delay (1)
-------------------------------
 There is 1 port with no output delay specified. (HIGH)

 There are 0 ports with no output delay but user has a false path constraint

 There are 0 ports with no output delay but with a timing clock defined on it or propagating through it


7. checking multiple_clock (0)
------------------------------
 There are 0 register/latch pins with multiple clocks.


8. checking generated_clocks (0)
--------------------------------
 There are 0 generated clocks that are not connected to a clock source.


9. checking loops (0)
---------------------
 There are 0 combinational loops in the design.


10. checking partial_input_delay (0)
------------------------------------
 There are 0 input ports with partial input delay specified.


11. checking partial_output_delay (0)
-------------------------------------
 There are 0 ports with partial output delay specified.


12. checking latch_loops (0)
----------------------------
 There are 0 combinational latch loops in the design through latch input



------------------------------------------------------------------------------------------------
| Design Timing Summary
| ---------------------
------------------------------------------------------------------------------------------------

    WNS(ns)      TNS(ns)  TNS Failing Endpoints  TNS Total Endpoints      WHS(ns)      THS(ns)  THS Failing Endpoints  THS Total Endpoints     WPWS(ns)     TPWS(ns)  TPWS Failing Endpoints  TPWS Total Endpoints  
    -------      -------  ---------------------  -------------------      -------      -------  ---------------------  -------------------     --------     --------  ----------------------  --------------------  
        inf        0.000                      0                    9          inf        0.000                      0                    9           NA           NA                      NA                    NA  


There are no user specified timing constraints.


------------------------------------------------------------------------------------------------
| Clock Summary
| -------------
------------------------------------------------------------------------------------------------


------------------------------------------------------------------------------------------------
| Intra Clock Table
| -----------------
------------------------------------------------------------------------------------------------

Clock             WNS(ns)      TNS(ns)  TNS Failing Endpoints  TNS Total Endpoints      WHS(ns)      THS(ns)  THS Failing Endpoints  THS Total Endpoints     WPWS(ns)     TPWS(ns)  TPWS Failing Endpoints  TPWS Total Endpoints  
-----             -------      -------  ---------------------  -------------------      -------      -------  ---------------------  -------------------     --------     --------  ----------------------  --------------------  


------------------------------------------------------------------------------------------------
| Inter Clock Table
| -----------------
------------------------------------------------------------------------------------------------

From Clock    To Clock          WNS(ns)      TNS(ns)  TNS Failing Endpoints  TNS Total Endpoints      WHS(ns)      THS(ns)  THS Failing Endpoints  THS Total Endpoints  
----------    --------          -------      -------  ---------------------  -------------------      -------      -------  ---------------------  -------------------  


------------------------------------------------------------------------------------------------
| Other Path Groups Table
| -----------------------
------------------------------------------------------------------------------------------------

Path Group    From Clock    To Clock          WNS(ns)      TNS(ns)  TNS Failing Endpoints  TNS Total Endpoints      WHS(ns)      THS(ns)  THS Failing Endpoints  THS Total Endpoints  
----------    ----------    --------          -------      -------  ---------------------  -------------------      -------      -------  ---------------------  -------------------  


------------------------------------------------------------------------------------------------
| User Ignored Path Table
| -----------------------
------------------------------------------------------------------------------------------------

Path Group    From Clock    To Clock    
----------    ----------    --------    


------------------------------------------------------------------------------------------------
| Unconstrained Path Table
| ------------------------
------------------------------------------------------------------------------------------------

Path Group    From Clock    To Clock    
----------    ----------    --------    
(none)                                    


------------------------------------------------------------------------------------------------
| Timing Details
| --------------
------------------------------------------------------------------------------------------------


--------------------------------------------------------------------------------------
Path Group:  (none)
From Clock:  
  To Clock:  

Max Delay             9 Endpoints
Min Delay             9 Endpoints
--------------------------------------------------------------------------------------


Max Delay Paths
--------------------------------------------------------------------------------------
Slack:                    inf
  Source:                 salida_reg/C
                            (rising edge-triggered cell FDRE)
  Destination:            salida
                            (output port)
  Path Group:             (none)
  Path Type:              Max at Slow Process Corner
  Data Path Delay:        4.929ns  (logic 3.077ns (62.424%)  route 1.852ns (37.576%))
  Logic Levels:           2  (FDRE=1 OBUF=1)

    Location             Delay type                Incr(ns)  Path(ns)    Netlist Resource(s)
  -------------------------------------------------------------------    -------------------
    SLICE_X43Y3          FDRE                         0.000     0.000 r  salida_reg/C
    SLICE_X43Y3          FDRE (Prop_fdre_C_Q)         0.456     0.456 r  salida_reg/Q
                         net (fo=1, routed)           1.852     2.308    salida_OBUF
    W18                  OBUF (Prop_obuf_I_O)         2.621     4.929 r  salida_OBUF_inst/O
                         net (fo=0)                   0.000     4.929    salida
    W18                                                               r  salida (OUT)
  -------------------------------------------------------------------    -------------------

Slack:                    inf
  Source:                 p[0]
                            (input port)
  Destination:            salida_reg/D
  Path Group:             (none)
  Path Type:              Max at Slow Process Corner
  Data Path Delay:        3.435ns  (logic 1.198ns (34.875%)  route 2.237ns (65.125%))
  Logic Levels:           3  (IBUF=1 LUT3=1 LUT6=1)

    Location             Delay type                Incr(ns)  Path(ns)    Netlist Resource(s)
  -------------------------------------------------------------------    -------------------
    T19                                               0.000     0.000 r  p[0] (IN)
                         net (fo=0)                   0.000     0.000    p[0]
    T19                  IBUF (Prop_ibuf_I_O)         0.950     0.950 r  p_IBUF[0]_inst/O
                         net (fo=1, routed)           1.431     2.381    U_CNT/p_IBUF[0]
    SLICE_X43Y2          LUT6 (Prop_lut6_I1_O)        0.124     2.505 r  U_CNT/salida_i_2/O
                         net (fo=2, routed)           0.806     3.311    U_CNT/salida_i_2_n_0
    SLICE_X43Y3          LUT3 (Prop_lut3_I2_O)        0.124     3.435 r  U_CNT/salida_i_1/O
                         net (fo=1, routed)           0.000     3.435    p_0_in
    SLICE_X43Y3          FDRE                                         r  salida_reg/D
  -------------------------------------------------------------------    -------------------

Slack:                    inf
  Source:                 p[0]
                            (input port)
  Destination:            rst_cnt_BinarioSimple_reg/D
  Path Group:             (none)
  Path Type:              Max at Slow Process Corner
  Data Path Delay:        3.231ns  (logic 1.198ns (37.078%)  route 2.033ns (62.923%))
  Logic Levels:           3  (IBUF=1 LUT6=2)

    Location             Delay type                Incr(ns)  Path(ns)    Netlist Resource(s)
  -------------------------------------------------------------------    -------------------
    T19                                               0.000     0.000 r  p[0] (IN)
                         net (fo=0)                   0.000     0.000    p[0]
    T19                  IBUF (Prop_ibuf_I_O)         0.950     0.950 r  p_IBUF[0]_inst/O
                         net (fo=1, routed)           1.431     2.381    U_CNT/p_IBUF[0]
    SLICE_X43Y2          LUT6 (Prop_lut6_I1_O)        0.124     2.505 r  U_CNT/salida_i_2/O
                         net (fo=2, routed)           0.602     3.107    U_CNT/salida_i_2_n_0
    SLICE_X42Y3          LUT6 (Prop_lut6_I2_O)        0.124     3.231 r  U_CNT/rst_cnt_BinarioSimple_i_1/O
                         net (fo=1, routed)           0.000     3.231    U_CNT_n_0
    SLICE_X42Y3          FDRE                                         r  rst_cnt_BinarioSimple_reg/D
  -------------------------------------------------------------------    -------------------

Slack:                    inf
  Source:                 ena
                            (input port)
  Destination:            U_CNT/cnt_S_reg[2]/D
  Path Group:             (none)
  Path Type:              Max at Slow Process Corner
  Data Path Delay:        2.827ns  (logic 1.133ns (40.067%)  route 1.694ns (59.933%))
  Logic Levels:           2  (IBUF=1 LUT5=1)

    Location             Delay type                Incr(ns)  Path(ns)    Netlist Resource(s)
  -------------------------------------------------------------------    -------------------
    N17                                               0.000     0.000 r  ena (IN)
                         net (fo=0)                   0.000     0.000    ena
    N17                  IBUF (Prop_ibuf_I_O)         0.981     0.981 r  ena_IBUF_inst/O
                         net (fo=6, routed)           1.694     2.675    U_CNT/ena_IBUF
    SLICE_X43Y2          LUT5 (Prop_lut5_I1_O)        0.152     2.827 r  U_CNT/cnt_S[2]_i_1/O
                         net (fo=1, routed)           0.000     2.827    U_CNT/cnt_S[2]_i_1_n_0
    SLICE_X43Y2          FDRE                                         r  U_CNT/cnt_S_reg[2]/D
  -------------------------------------------------------------------    -------------------

Slack:                    inf
  Source:                 ena
                            (input port)
  Destination:            U_CNT/cnt_S_reg[0]/D
  Path Group:             (none)
  Path Type:              Max at Slow Process Corner
  Data Path Delay:        2.801ns  (logic 1.105ns (39.440%)  route 1.696ns (60.560%))
  Logic Levels:           2  (IBUF=1 LUT3=1)

    Location             Delay type                Incr(ns)  Path(ns)    Netlist Resource(s)
  -------------------------------------------------------------------    -------------------
    N17                                               0.000     0.000 r  ena (IN)
                         net (fo=0)                   0.000     0.000    ena
    N17                  IBUF (Prop_ibuf_I_O)         0.981     0.981 r  ena_IBUF_inst/O
                         net (fo=6, routed)           1.696     2.677    U_CNT/ena_IBUF
    SLICE_X43Y2          LUT3 (Prop_lut3_I1_O)        0.124     2.801 r  U_CNT/cnt_S[0]_i_1/O
                         net (fo=1, routed)           0.000     2.801    U_CNT/cnt_S[0]_i_1_n_0
    SLICE_X43Y2          FDRE                                         r  U_CNT/cnt_S_reg[0]/D
  -------------------------------------------------------------------    -------------------

Slack:                    inf
  Source:                 ena
                            (input port)
  Destination:            U_CNT/cnt_S_reg[1]/D
  Path Group:             (none)
  Path Type:              Max at Slow Process Corner
  Data Path Delay:        2.799ns  (logic 1.105ns (39.468%)  route 1.694ns (60.532%))
  Logic Levels:           2  (IBUF=1 LUT4=1)

    Location             Delay type                Incr(ns)  Path(ns)    Netlist Resource(s)
  -------------------------------------------------------------------    -------------------
    N17                                               0.000     0.000 r  ena (IN)
                         net (fo=0)                   0.000     0.000    ena
    N17                  IBUF (Prop_ibuf_I_O)         0.981     0.981 r  ena_IBUF_inst/O
                         net (fo=6, routed)           1.694     2.675    U_CNT/ena_IBUF
    SLICE_X43Y2          LUT4 (Prop_lut4_I1_O)        0.124     2.799 r  U_CNT/cnt_S[1]_i_1/O
                         net (fo=1, routed)           0.000     2.799    U_CNT/cnt_S[1]_i_1_n_0
    SLICE_X43Y2          FDRE                                         r  U_CNT/cnt_S_reg[1]/D
  -------------------------------------------------------------------    -------------------

Slack:                    inf
  Source:                 ena
                            (input port)
  Destination:            U_CNT/cnt_S_reg[3]/D
  Path Group:             (none)
  Path Type:              Max at Slow Process Corner
  Data Path Delay:        2.472ns  (logic 1.105ns (44.680%)  route 1.368ns (55.320%))
  Logic Levels:           2  (IBUF=1 LUT6=1)

    Location             Delay type                Incr(ns)  Path(ns)    Netlist Resource(s)
  -------------------------------------------------------------------    -------------------
    N17                                               0.000     0.000 r  ena (IN)
                         net (fo=0)                   0.000     0.000    ena
    N17                  IBUF (Prop_ibuf_I_O)         0.981     0.981 r  ena_IBUF_inst/O
                         net (fo=6, routed)           1.368     2.348    U_CNT/ena_IBUF
    SLICE_X43Y2          LUT6 (Prop_lut6_I1_O)        0.124     2.472 r  U_CNT/cnt_S[3]_i_1/O
                         net (fo=1, routed)           0.000     2.472    U_CNT/cnt_S[3]_i_1_n_0
    SLICE_X43Y2          FDRE                                         r  U_CNT/cnt_S_reg[3]/D
  -------------------------------------------------------------------    -------------------

Slack:                    inf
  Source:                 rst
                            (input port)
  Destination:            salida_reg/R
  Path Group:             (none)
  Path Type:              Max at Slow Process Corner
  Data Path Delay:        2.204ns  (logic 0.956ns (43.393%)  route 1.248ns (56.607%))
  Logic Levels:           1  (IBUF=1)

    Location             Delay type                Incr(ns)  Path(ns)    Netlist Resource(s)
  -------------------------------------------------------------------    -------------------
    W19                                               0.000     0.000 r  rst (IN)
                         net (fo=0)                   0.000     0.000    rst
    W19                  IBUF (Prop_ibuf_I_O)         0.956     0.956 r  rst_IBUF_inst/O
                         net (fo=2, routed)           1.248     2.204    rst_IBUF
    SLICE_X43Y3          FDRE                                         r  salida_reg/R
  -------------------------------------------------------------------    -------------------

Slack:                    inf
  Source:                 ena
                            (input port)
  Destination:            salida_reg/CE
  Path Group:             (none)
  Path Type:              Max at Slow Process Corner
  Data Path Delay:        2.033ns  (logic 0.981ns (48.238%)  route 1.052ns (51.762%))
  Logic Levels:           1  (IBUF=1)

    Location             Delay type                Incr(ns)  Path(ns)    Netlist Resource(s)
  -------------------------------------------------------------------    -------------------
    N17                                               0.000     0.000 r  ena (IN)
                         net (fo=0)                   0.000     0.000    ena
    N17                  IBUF (Prop_ibuf_I_O)         0.981     0.981 r  ena_IBUF_inst/O
                         net (fo=6, routed)           1.052     2.033    ena_IBUF
    SLICE_X43Y3          FDRE                                         r  salida_reg/CE
  -------------------------------------------------------------------    -------------------





Min Delay Paths
--------------------------------------------------------------------------------------
Slack:                    inf
  Source:                 U_CNT/cnt_S_reg[1]/C
                            (rising edge-triggered cell FDRE)
  Destination:            U_CNT/cnt_S_reg[3]/D
  Path Group:             (none)
  Path Type:              Min at Fast Process Corner
  Data Path Delay:        0.342ns  (logic 0.186ns (54.336%)  route 0.156ns (45.664%))
  Logic Levels:           2  (FDRE=1 LUT6=1)

    Location             Delay type                Incr(ns)  Path(ns)    Netlist Resource(s)
  -------------------------------------------------------------------    -------------------
    SLICE_X43Y2          FDRE                         0.000     0.000 r  U_CNT/cnt_S_reg[1]/C
    SLICE_X43Y2          FDRE (Prop_fdre_C_Q)         0.141     0.141 r  U_CNT/cnt_S_reg[1]/Q
                         net (fo=4, routed)           0.156     0.297    U_CNT/cnt_S_reg[1]
    SLICE_X43Y2          LUT6 (Prop_lut6_I4_O)        0.045     0.342 r  U_CNT/cnt_S[3]_i_1/O
                         net (fo=1, routed)           0.000     0.342    U_CNT/cnt_S[3]_i_1_n_0
    SLICE_X43Y2          FDRE                                         r  U_CNT/cnt_S_reg[3]/D
  -------------------------------------------------------------------    -------------------

Slack:                    inf
  Source:                 U_CNT/cnt_S_reg[1]/C
                            (rising edge-triggered cell FDRE)
  Destination:            U_CNT/cnt_S_reg[2]/D
  Path Group:             (none)
  Path Type:              Min at Fast Process Corner
  Data Path Delay:        0.351ns  (logic 0.183ns (52.101%)  route 0.168ns (47.899%))
  Logic Levels:           2  (FDRE=1 LUT5=1)

    Location             Delay type                Incr(ns)  Path(ns)    Netlist Resource(s)
  -------------------------------------------------------------------    -------------------
    SLICE_X43Y2          FDRE                         0.000     0.000 r  U_CNT/cnt_S_reg[1]/C
    SLICE_X43Y2          FDRE (Prop_fdre_C_Q)         0.141     0.141 r  U_CNT/cnt_S_reg[1]/Q
                         net (fo=4, routed)           0.168     0.309    U_CNT/cnt_S_reg[1]
    SLICE_X43Y2          LUT5 (Prop_lut5_I2_O)        0.042     0.351 r  U_CNT/cnt_S[2]_i_1/O
                         net (fo=1, routed)           0.000     0.351    U_CNT/cnt_S[2]_i_1_n_0
    SLICE_X43Y2          FDRE                                         r  U_CNT/cnt_S_reg[2]/D
  -------------------------------------------------------------------    -------------------

Slack:                    inf
  Source:                 U_CNT/cnt_S_reg[1]/C
                            (rising edge-triggered cell FDRE)
  Destination:            U_CNT/cnt_S_reg[1]/D
  Path Group:             (none)
  Path Type:              Min at Fast Process Corner
  Data Path Delay:        0.354ns  (logic 0.186ns (52.507%)  route 0.168ns (47.493%))
  Logic Levels:           2  (FDRE=1 LUT4=1)

    Location             Delay type                Incr(ns)  Path(ns)    Netlist Resource(s)
  -------------------------------------------------------------------    -------------------
    SLICE_X43Y2          FDRE                         0.000     0.000 r  U_CNT/cnt_S_reg[1]/C
    SLICE_X43Y2          FDRE (Prop_fdre_C_Q)         0.141     0.141 r  U_CNT/cnt_S_reg[1]/Q
                         net (fo=4, routed)           0.168     0.309    U_CNT/cnt_S_reg[1]
    SLICE_X43Y2          LUT4 (Prop_lut4_I0_O)        0.045     0.354 r  U_CNT/cnt_S[1]_i_1/O
                         net (fo=1, routed)           0.000     0.354    U_CNT/cnt_S[1]_i_1_n_0
    SLICE_X43Y2          FDRE                                         r  U_CNT/cnt_S_reg[1]/D
  -------------------------------------------------------------------    -------------------

Slack:                    inf
  Source:                 rst_cnt_BinarioSimple_reg/C
                            (rising edge-triggered cell FDRE)
  Destination:            rst_cnt_BinarioSimple_reg/D
  Path Group:             (none)
  Path Type:              Min at Fast Process Corner
  Data Path Delay:        0.384ns  (logic 0.209ns (54.393%)  route 0.175ns (45.607%))
  Logic Levels:           2  (FDRE=1 LUT6=1)

    Location             Delay type                Incr(ns)  Path(ns)    Netlist Resource(s)
  -------------------------------------------------------------------    -------------------
    SLICE_X42Y3          FDRE                         0.000     0.000 r  rst_cnt_BinarioSimple_reg/C
    SLICE_X42Y3          FDRE (Prop_fdre_C_Q)         0.164     0.164 r  rst_cnt_BinarioSimple_reg/Q
                         net (fo=5, routed)           0.175     0.339    U_CNT/cnt_S_reg[1]_0
    SLICE_X42Y3          LUT6 (Prop_lut6_I0_O)        0.045     0.384 r  U_CNT/rst_cnt_BinarioSimple_i_1/O
                         net (fo=1, routed)           0.000     0.384    U_CNT_n_0
    SLICE_X42Y3          FDRE                                         r  rst_cnt_BinarioSimple_reg/D
  -------------------------------------------------------------------    -------------------

Slack:                    inf
  Source:                 U_CNT/cnt_S_reg[3]/C
                            (rising edge-triggered cell FDRE)
  Destination:            salida_reg/D
  Path Group:             (none)
  Path Type:              Min at Fast Process Corner
  Data Path Delay:        0.395ns  (logic 0.186ns (47.051%)  route 0.209ns (52.949%))
  Logic Levels:           2  (FDRE=1 LUT3=1)

    Location             Delay type                Incr(ns)  Path(ns)    Netlist Resource(s)
  -------------------------------------------------------------------    -------------------
    SLICE_X43Y2          FDRE                         0.000     0.000 r  U_CNT/cnt_S_reg[3]/C
    SLICE_X43Y2          FDRE (Prop_fdre_C_Q)         0.141     0.141 r  U_CNT/cnt_S_reg[3]/Q
                         net (fo=3, routed)           0.209     0.350    U_CNT/cnt_S_reg[3]
    SLICE_X43Y3          LUT3 (Prop_lut3_I0_O)        0.045     0.395 r  U_CNT/salida_i_1/O
                         net (fo=1, routed)           0.000     0.395    p_0_in
    SLICE_X43Y3          FDRE                                         r  salida_reg/D
  -------------------------------------------------------------------    -------------------

Slack:                    inf
  Source:                 U_CNT/cnt_S_reg[0]/C
                            (rising edge-triggered cell FDRE)
  Destination:            U_CNT/cnt_S_reg[0]/D
  Path Group:             (none)
  Path Type:              Min at Fast Process Corner
  Data Path Delay:        0.427ns  (logic 0.186ns (43.549%)  route 0.241ns (56.451%))
  Logic Levels:           2  (FDRE=1 LUT3=1)

    Location             Delay type                Incr(ns)  Path(ns)    Netlist Resource(s)
  -------------------------------------------------------------------    -------------------
    SLICE_X43Y2          FDRE                         0.000     0.000 r  U_CNT/cnt_S_reg[0]/C
    SLICE_X43Y2          FDRE (Prop_fdre_C_Q)         0.141     0.141 r  U_CNT/cnt_S_reg[0]/Q
                         net (fo=5, routed)           0.241     0.382    U_CNT/cnt_S_reg[0]
    SLICE_X43Y2          LUT3 (Prop_lut3_I0_O)        0.045     0.427 r  U_CNT/cnt_S[0]_i_1/O
                         net (fo=1, routed)           0.000     0.427    U_CNT/cnt_S[0]_i_1_n_0
    SLICE_X43Y2          FDRE                                         r  U_CNT/cnt_S_reg[0]/D
  -------------------------------------------------------------------    -------------------

Slack:                    inf
  Source:                 ena
                            (input port)
  Destination:            salida_reg/CE
  Path Group:             (none)
  Path Type:              Min at Fast Process Corner
  Data Path Delay:        0.624ns  (logic 0.209ns (33.569%)  route 0.414ns (66.431%))
  Logic Levels:           1  (IBUF=1)

    Location             Delay type                Incr(ns)  Path(ns)    Netlist Resource(s)
  -------------------------------------------------------------------    -------------------
    N17                                               0.000     0.000 r  ena (IN)
                         net (fo=0)                   0.000     0.000    ena
    N17                  IBUF (Prop_ibuf_I_O)         0.209     0.209 r  ena_IBUF_inst/O
                         net (fo=6, routed)           0.414     0.624    ena_IBUF
    SLICE_X43Y3          FDRE                                         r  salida_reg/CE
  -------------------------------------------------------------------    -------------------

Slack:                    inf
  Source:                 rst
                            (input port)
  Destination:            salida_reg/R
  Path Group:             (none)
  Path Type:              Min at Fast Process Corner
  Data Path Delay:        0.648ns  (logic 0.185ns (28.600%)  route 0.463ns (71.400%))
  Logic Levels:           1  (IBUF=1)

    Location             Delay type                Incr(ns)  Path(ns)    Netlist Resource(s)
  -------------------------------------------------------------------    -------------------
    W19                                               0.000     0.000 r  rst (IN)
                         net (fo=0)                   0.000     0.000    rst
    W19                  IBUF (Prop_ibuf_I_O)         0.185     0.185 r  rst_IBUF_inst/O
                         net (fo=2, routed)           0.463     0.648    rst_IBUF
    SLICE_X43Y3          FDRE                                         r  salida_reg/R
  -------------------------------------------------------------------    -------------------

Slack:                    inf
  Source:                 salida_reg/C
                            (rising edge-triggered cell FDRE)
  Destination:            salida
                            (output port)
  Path Group:             (none)
  Path Type:              Min at Fast Process Corner
  Data Path Delay:        1.686ns  (logic 1.279ns (75.853%)  route 0.407ns (24.147%))
  Logic Levels:           2  (FDRE=1 OBUF=1)

    Location             Delay type                Incr(ns)  Path(ns)    Netlist Resource(s)
  -------------------------------------------------------------------    -------------------
    SLICE_X43Y3          FDRE                         0.000     0.000 r  salida_reg/C
    SLICE_X43Y3          FDRE (Prop_fdre_C_Q)         0.141     0.141 r  salida_reg/Q
                         net (fo=1, routed)           0.407     0.548    salida_OBUF
    W18                  OBUF (Prop_obuf_I_O)         1.138     1.686 r  salida_OBUF_inst/O
                         net (fo=0)                   0.000     1.686    salida
    W18                                                               r  salida (OUT)
  -------------------------------------------------------------------    -------------------





