../Drivers_LPC845/SerialCom/serialCom.cpp:53:1:serialCom::serialCom(uint32_t, uint8_t, uint8_t)	40	static
../Drivers_LPC845/SerialCom/serialCom.cpp:166:10:uint32_t serialCom::getBaudR()	16	static
../Drivers_LPC845/SerialCom/serialCom.cpp:187:6:void serialCom::setBaudR(uint32_t)	24	static
../Drivers_LPC845/SerialCom/serialCom.cpp:211:6:void serialCom::Transmitir(uint8_t)	16	static
../Drivers_LPC845/SerialCom/serialCom.cpp:239:6:void serialCom::Transmitir(uint8_t*, uint8_t)	40	static
../Drivers_LPC845/SerialCom/serialCom.cpp:270:9:int16_t serialCom::Recibir()	16	static
../Drivers_LPC845/SerialCom/serialCom.cpp:290:6:void serialCom::Transmitir_decimal(int32_t)	80	dynamic
../Drivers_LPC845/SerialCom/serialCom.cpp:348:6:void UART0_IRQHandler()	24	static
../Drivers_LPC845/SerialCom/serialCom.cpp:407:6:void UART1_IRQHandler()	24	static
../Drivers_LPC845/SerialCom/serialCom.cpp:467:6:void UART2_IRQHandler()	24	static
../Drivers_LPC845/SerialCom/serialCom.cpp:514:6:void UART3_IRQHandler()	24	static
../Drivers_LPC845/SerialCom/serialCom.cpp:559:1:void __static_initialization_and_destruction_0()	8	static
../Drivers_LPC845/SerialCom/serialCom.cpp:559:1:cpp)	8	static
