../Drivers_LPC845/pinInt/PinInt.cpp:48:6:void PININT0_IRQHandler()	8	static
../Drivers_LPC845/pinInt/PinInt.cpp:55:6:void PININT1_IRQHandler()	8	static
../Drivers_LPC845/pinInt/PinInt.cpp:63:6:void PININT2_IRQHandler()	8	static
../Drivers_LPC845/pinInt/PinInt.cpp:71:6:void PININT3_IRQHandler()	8	static
../Drivers_LPC845/pinInt/PinInt.cpp:79:6:void PININT4_IRQHandler()	8	static
../Drivers_LPC845/pinInt/PinInt.cpp:87:6:void PININT5_IRQHandler()	8	static
../Drivers_LPC845/pinInt/PinInt.cpp:95:6:void PININT6_IRQHandler()	8	static
../Drivers_LPC845/pinInt/PinInt.cpp:103:6:void PININT7_IRQHandler()	8	static
../Drivers_LPC845/pinInt/PinInt.cpp:142:1:PinInt::PinInt(uint8_t, uint8_t, void (*)(), uint8_t, uint8_t, uint8_t, uint8_t)	24	static
../Drivers_LPC845/pinInt/PinInt.cpp:194:1:PinInt::~PinInt()	16	static
../Drivers_LPC845/pinInt/PinInt.cpp:219:6:void PinInt::set_flanco(uint8_t, uint8_t)	16	static
../Drivers_LPC845/pinInt/PinInt.cpp:253:6:void PinInt::set_nivel(uint8_t, uint8_t)	16	static
