../Drivers_LPC845/pinInt/PinInt.cpp:14:6:void PININT0_IRQHandler()	8	static
../Drivers_LPC845/pinInt/PinInt.cpp:21:6:void PININT1_IRQHandler()	8	static
../Drivers_LPC845/pinInt/PinInt.cpp:29:6:void PININT2_IRQHandler()	8	static
../Drivers_LPC845/pinInt/PinInt.cpp:37:6:void PININT3_IRQHandler()	8	static
../Drivers_LPC845/pinInt/PinInt.cpp:45:6:void PININT4_IRQHandler()	8	static
../Drivers_LPC845/pinInt/PinInt.cpp:53:6:void PININT5_IRQHandler()	8	static
../Drivers_LPC845/pinInt/PinInt.cpp:61:6:void PININT6_IRQHandler()	8	static
../Drivers_LPC845/pinInt/PinInt.cpp:69:6:void PININT7_IRQHandler()	8	static
../Drivers_LPC845/pinInt/PinInt.cpp:77:1:PinInt::PinInt(uint8_t, uint8_t, void (*)(), uint8_t, uint8_t, uint8_t, uint8_t)	24	static
../Drivers_LPC845/pinInt/PinInt.cpp:103:1:PinInt::~PinInt()	16	static
../Drivers_LPC845/pinInt/PinInt.cpp:115:6:void PinInt::set_flanco(uint8_t, uint8_t)	16	static
../Drivers_LPC845/pinInt/PinInt.cpp:137:6:void PinInt::set_nivel(uint8_t, uint8_t)	16	static
