../Drivers_LPC845/SerialCom/serialCom.cpp:17:1:serialCom::serialCom(uint32_t, uint8_t, uint8_t)	40	static
../Drivers_LPC845/SerialCom/serialCom.cpp:109:10:uint32_t serialCom::getBaudR()	16	static
../Drivers_LPC845/SerialCom/serialCom.cpp:115:6:void serialCom::setBaudR(uint32_t)	24	static
../Drivers_LPC845/SerialCom/serialCom.cpp:123:6:void serialCom::Transmitir(uint8_t)	16	static
../Drivers_LPC845/SerialCom/serialCom.cpp:132:6:void serialCom::Transmitir(uint8_t*, uint8_t)	40	static
../Drivers_LPC845/SerialCom/serialCom.cpp:151:9:int16_t serialCom::Recibir()	16	static
../Drivers_LPC845/SerialCom/serialCom.cpp:158:6:void serialCom::Transmitir_decimal(int32_t)	80	dynamic
../Drivers_LPC845/SerialCom/serialCom.cpp:192:6:void UART0_IRQHandler()	24	static
../Drivers_LPC845/SerialCom/serialCom.cpp:222:6:void UART1_IRQHandler()	24	static
../Drivers_LPC845/SerialCom/serialCom.cpp:252:6:void UART2_IRQHandler()	24	static
../Drivers_LPC845/SerialCom/serialCom.cpp:282:6:void UART3_IRQHandler()	24	static
../Drivers_LPC845/SerialCom/serialCom.cpp:310:1:void __static_initialization_and_destruction_0()	8	static
../Drivers_LPC845/SerialCom/serialCom.cpp:310:1:cpp)	8	static
