Copyright 1986-2022 Xilinx, Inc. All Rights Reserved. Copyright 2022-2024 Advanced Micro Devices, Inc. All Rights Reserved.
------------------------------------------------------------------------------------------------------------------------------------------------------------------------------------------------------------------
| Tool Version : Vivado v.2024.2 (win64) Build 5239630 Fri Nov 08 22:35:27 MST 2024
| Date         : Fri Jul  4 16:34:58 2025
| Host         : DESKTOP-38PF9T6 running 64-bit major release  (build 9200)
| Command      : report_timing_summary -max_paths 10 -report_unconstrained -file miniAlu_timing_summary_routed.rpt -pb miniAlu_timing_summary_routed.pb -rpx miniAlu_timing_summary_routed.rpx -warn_on_violation
| Design       : miniAlu
| Device       : 7z010-clg400
| Speed File   : -1  PRODUCTION 1.12 2019-11-22
| Design State : Routed
------------------------------------------------------------------------------------------------------------------------------------------------------------------------------------------------------------------

Timing Summary Report

------------------------------------------------------------------------------------------------
| Timer Settings
| --------------
------------------------------------------------------------------------------------------------

  Enable Multi Corner Analysis               :  Yes
  Enable Pessimism Removal                   :  Yes
  Pessimism Removal Resolution               :  Nearest Common Node
  Enable Input Delay Default Clock           :  No
  Enable Preset / Clear Arcs                 :  No
  Disable Flight Delays                      :  No
  Ignore I/O Paths                           :  No
  Timing Early Launch at Borrowing Latches   :  No
  Borrow Time for Max Delay Exceptions       :  Yes
  Merge Timing Exceptions                    :  Yes
  Inter-SLR Compensation                     :  Conservative

  Corner  Analyze    Analyze    
  Name    Max Paths  Min Paths  
  ------  ---------  ---------  
  Slow    Yes        Yes        
  Fast    Yes        Yes        


------------------------------------------------------------------------------------------------
| Report Methodology
| ------------------
------------------------------------------------------------------------------------------------

No report available as report_methodology has not been run prior. Run report_methodology on the current design for the summary of methodology violations.



check_timing report

Table of Contents
-----------------
1. checking no_clock (0)
2. checking constant_clock (0)
3. checking pulse_width_clock (0)
4. checking unconstrained_internal_endpoints (0)
5. checking no_input_delay (0)
6. checking no_output_delay (0)
7. checking multiple_clock (0)
8. checking generated_clocks (0)
9. checking loops (0)
10. checking partial_input_delay (0)
11. checking partial_output_delay (0)
12. checking latch_loops (0)

1. checking no_clock (0)
------------------------
 There are 0 register/latch pins with no clock.


2. checking constant_clock (0)
------------------------------
 There are 0 register/latch pins with constant_clock.


3. checking pulse_width_clock (0)
---------------------------------
 There are 0 register/latch pins which need pulse_width check


4. checking unconstrained_internal_endpoints (0)
------------------------------------------------
 There are 0 pins that are not constrained for maximum delay.

 There are 0 pins that are not constrained for maximum delay due to constant clock.


5. checking no_input_delay (0)
------------------------------
 There are 0 input ports with no input delay specified.

 There are 0 input ports with no input delay but user has a false path constraint.


6. checking no_output_delay (0)
-------------------------------
 There are 0 ports with no output delay specified.

 There are 0 ports with no output delay but user has a false path constraint

 There are 0 ports with no output delay but with a timing clock defined on it or propagating through it


7. checking multiple_clock (0)
------------------------------
 There are 0 register/latch pins with multiple clocks.


8. checking generated_clocks (0)
--------------------------------
 There are 0 generated clocks that are not connected to a clock source.


9. checking loops (0)
---------------------
 There are 0 combinational loops in the design.


10. checking partial_input_delay (0)
------------------------------------
 There are 0 input ports with partial input delay specified.


11. checking partial_output_delay (0)
-------------------------------------
 There are 0 ports with partial output delay specified.


12. checking latch_loops (0)
----------------------------
 There are 0 combinational latch loops in the design through latch input



------------------------------------------------------------------------------------------------
| Design Timing Summary
| ---------------------
------------------------------------------------------------------------------------------------

    WNS(ns)      TNS(ns)  TNS Failing Endpoints  TNS Total Endpoints      WHS(ns)      THS(ns)  THS Failing Endpoints  THS Total Endpoints     WPWS(ns)     TPWS(ns)  TPWS Failing Endpoints  TPWS Total Endpoints  
    -------      -------  ---------------------  -------------------      -------      -------  ---------------------  -------------------     --------     --------  ----------------------  --------------------  
        inf        0.000                      0                   20          inf        0.000                      0                   20           NA           NA                      NA                    NA  


There are no user specified timing constraints.


------------------------------------------------------------------------------------------------
| Clock Summary
| -------------
------------------------------------------------------------------------------------------------


------------------------------------------------------------------------------------------------
| Intra Clock Table
| -----------------
------------------------------------------------------------------------------------------------

Clock             WNS(ns)      TNS(ns)  TNS Failing Endpoints  TNS Total Endpoints      WHS(ns)      THS(ns)  THS Failing Endpoints  THS Total Endpoints     WPWS(ns)     TPWS(ns)  TPWS Failing Endpoints  TPWS Total Endpoints  
-----             -------      -------  ---------------------  -------------------      -------      -------  ---------------------  -------------------     --------     --------  ----------------------  --------------------  


------------------------------------------------------------------------------------------------
| Inter Clock Table
| -----------------
------------------------------------------------------------------------------------------------

From Clock    To Clock          WNS(ns)      TNS(ns)  TNS Failing Endpoints  TNS Total Endpoints      WHS(ns)      THS(ns)  THS Failing Endpoints  THS Total Endpoints  
----------    --------          -------      -------  ---------------------  -------------------      -------      -------  ---------------------  -------------------  


------------------------------------------------------------------------------------------------
| Other Path Groups Table
| -----------------------
------------------------------------------------------------------------------------------------

Path Group    From Clock    To Clock          WNS(ns)      TNS(ns)  TNS Failing Endpoints  TNS Total Endpoints      WHS(ns)      THS(ns)  THS Failing Endpoints  THS Total Endpoints  
----------    ----------    --------          -------      -------  ---------------------  -------------------      -------      -------  ---------------------  -------------------  


------------------------------------------------------------------------------------------------
| User Ignored Path Table
| -----------------------
------------------------------------------------------------------------------------------------

Path Group    From Clock    To Clock    
----------    ----------    --------    


------------------------------------------------------------------------------------------------
| Unconstrained Path Table
| ------------------------
------------------------------------------------------------------------------------------------

Path Group    From Clock    To Clock    
----------    ----------    --------    
(none)                                    


------------------------------------------------------------------------------------------------
| Timing Details
| --------------
------------------------------------------------------------------------------------------------


--------------------------------------------------------------------------------------
Path Group:  (none)
From Clock:  
  To Clock:  

Max Delay            20 Endpoints
Min Delay            20 Endpoints
--------------------------------------------------------------------------------------


Max Delay Paths
--------------------------------------------------------------------------------------
Slack:                    inf
  Source:                 a[0]
                            (input port)
  Destination:            zero
                            (output port)
  Path Group:             (none)
  Path Type:              Max at Slow Process Corner
  Data Path Delay:        14.147ns  (logic 5.457ns (38.574%)  route 8.690ns (61.426%))
  Logic Levels:           11  (CARRY4=4 IBUF=1 LUT4=2 LUT5=2 LUT6=1 OBUF=1)

    Location             Delay type                Incr(ns)  Path(ns)    Netlist Resource(s)
  -------------------------------------------------------------------    -------------------
    T19                                               0.000     0.000 r  a[0] (IN)
                         net (fo=0)                   0.000     0.000    a[0]
    T19                  IBUF (Prop_ibuf_I_O)         0.950     0.950 r  a_IBUF[0]_inst/O
                         net (fo=6, routed)           2.315     3.265    Inst_FullAdderExtended_N_Bits_SI_UN_CinCoutOv/Inst_Sumador/a_IBUF[0]
    SLICE_X42Y22         LUT5 (Prop_lut5_I0_O)        0.124     3.389 r  Inst_FullAdderExtended_N_Bits_SI_UN_CinCoutOv/Inst_Sumador/res_S__0_carry_i_6/O
                         net (fo=1, routed)           0.000     3.389    Inst_FullAdderExtended_N_Bits_SI_UN_CinCoutOv/Inst_Sumador/res_S__0_carry_i_6_n_0
    SLICE_X42Y22         CARRY4 (Prop_carry4_S[1]_CO[3])
                                                      0.533     3.922 r  Inst_FullAdderExtended_N_Bits_SI_UN_CinCoutOv/Inst_Sumador/res_S__0_carry/CO[3]
                         net (fo=1, routed)           0.000     3.922    Inst_FullAdderExtended_N_Bits_SI_UN_CinCoutOv/Inst_Sumador/res_S__0_carry_n_0
    SLICE_X42Y23         CARRY4 (Prop_carry4_CI_CO[3])
                                                      0.117     4.039 r  Inst_FullAdderExtended_N_Bits_SI_UN_CinCoutOv/Inst_Sumador/res_S__0_carry__0/CO[3]
                         net (fo=1, routed)           0.000     4.039    Inst_FullAdderExtended_N_Bits_SI_UN_CinCoutOv/Inst_Sumador/res_S__0_carry__0_n_0
    SLICE_X42Y24         CARRY4 (Prop_carry4_CI_CO[3])
                                                      0.117     4.156 r  Inst_FullAdderExtended_N_Bits_SI_UN_CinCoutOv/Inst_Sumador/res_S__0_carry__1/CO[3]
                         net (fo=1, routed)           0.009     4.165    Inst_FullAdderExtended_N_Bits_SI_UN_CinCoutOv/Inst_Sumador/res_S__0_carry__1_n_0
    SLICE_X42Y25         CARRY4 (Prop_carry4_CI_O[3])
                                                      0.315     4.480 f  Inst_FullAdderExtended_N_Bits_SI_UN_CinCoutOv/Inst_Sumador/res_S__0_carry__2/O[3]
                         net (fo=4, routed)           0.817     5.296    Inst_FullAdderExtended_N_Bits_SI_UN_CinCoutOv/Inst_Sumador/res_S__0_carry__2_i_8_0[0]
    SLICE_X43Y26         LUT6 (Prop_lut6_I0_O)        0.307     5.603 f  Inst_FullAdderExtended_N_Bits_SI_UN_CinCoutOv/Inst_Sumador/res_OBUF[14]_inst_i_2/O
                         net (fo=15, routed)          1.347     6.950    Inst_FullAdderExtended_N_Bits_SI_UN_CinCoutOv/Inst_Sumador/p_0_in2_in
    SLICE_X39Y24         LUT5 (Prop_lut5_I0_O)        0.124     7.074 f  Inst_FullAdderExtended_N_Bits_SI_UN_CinCoutOv/Inst_Sumador/res_OBUF[7]_inst_i_1/O
                         net (fo=2, routed)           1.259     8.334    Inst_FullAdderExtended_N_Bits_SI_UN_CinCoutOv/Inst_Sumador/res_OBUF[7]
    SLICE_X42Y35         LUT4 (Prop_lut4_I2_O)        0.124     8.458 f  Inst_FullAdderExtended_N_Bits_SI_UN_CinCoutOv/Inst_Sumador/zero_OBUF_inst_i_2/O
                         net (fo=1, routed)           0.493     8.951    Inst_FullAdderExtended_N_Bits_SI_UN_CinCoutOv/Inst_Sumador/zero_OBUF_inst_i_2_n_0
    SLICE_X43Y35         LUT4 (Prop_lut4_I0_O)        0.124     9.075 r  Inst_FullAdderExtended_N_Bits_SI_UN_CinCoutOv/Inst_Sumador/zero_OBUF_inst_i_1/O
                         net (fo=1, routed)           2.450    11.525    zero_OBUF
    N16                  OBUF (Prop_obuf_I_O)         2.622    14.147 r  zero_OBUF_inst/O
                         net (fo=0)                   0.000    14.147    zero
    N16                                                               r  zero (OUT)
  -------------------------------------------------------------------    -------------------

Slack:                    inf
  Source:                 a[0]
                            (input port)
  Destination:            res[7]
                            (output port)
  Path Group:             (none)
  Path Type:              Max at Slow Process Corner
  Data Path Delay:        12.211ns  (logic 5.274ns (43.187%)  route 6.938ns (56.813%))
  Logic Levels:           9  (CARRY4=4 IBUF=1 LUT5=2 LUT6=1 OBUF=1)

    Location             Delay type                Incr(ns)  Path(ns)    Netlist Resource(s)
  -------------------------------------------------------------------    -------------------
    T19                                               0.000     0.000 r  a[0] (IN)
                         net (fo=0)                   0.000     0.000    a[0]
    T19                  IBUF (Prop_ibuf_I_O)         0.950     0.950 r  a_IBUF[0]_inst/O
                         net (fo=6, routed)           2.315     3.265    Inst_FullAdderExtended_N_Bits_SI_UN_CinCoutOv/Inst_Sumador/a_IBUF[0]
    SLICE_X42Y22         LUT5 (Prop_lut5_I0_O)        0.124     3.389 r  Inst_FullAdderExtended_N_Bits_SI_UN_CinCoutOv/Inst_Sumador/res_S__0_carry_i_6/O
                         net (fo=1, routed)           0.000     3.389    Inst_FullAdderExtended_N_Bits_SI_UN_CinCoutOv/Inst_Sumador/res_S__0_carry_i_6_n_0
    SLICE_X42Y22         CARRY4 (Prop_carry4_S[1]_CO[3])
                                                      0.533     3.922 r  Inst_FullAdderExtended_N_Bits_SI_UN_CinCoutOv/Inst_Sumador/res_S__0_carry/CO[3]
                         net (fo=1, routed)           0.000     3.922    Inst_FullAdderExtended_N_Bits_SI_UN_CinCoutOv/Inst_Sumador/res_S__0_carry_n_0
    SLICE_X42Y23         CARRY4 (Prop_carry4_CI_CO[3])
                                                      0.117     4.039 r  Inst_FullAdderExtended_N_Bits_SI_UN_CinCoutOv/Inst_Sumador/res_S__0_carry__0/CO[3]
                         net (fo=1, routed)           0.000     4.039    Inst_FullAdderExtended_N_Bits_SI_UN_CinCoutOv/Inst_Sumador/res_S__0_carry__0_n_0
    SLICE_X42Y24         CARRY4 (Prop_carry4_CI_CO[3])
                                                      0.117     4.156 r  Inst_FullAdderExtended_N_Bits_SI_UN_CinCoutOv/Inst_Sumador/res_S__0_carry__1/CO[3]
                         net (fo=1, routed)           0.009     4.165    Inst_FullAdderExtended_N_Bits_SI_UN_CinCoutOv/Inst_Sumador/res_S__0_carry__1_n_0
    SLICE_X42Y25         CARRY4 (Prop_carry4_CI_O[3])
                                                      0.315     4.480 r  Inst_FullAdderExtended_N_Bits_SI_UN_CinCoutOv/Inst_Sumador/res_S__0_carry__2/O[3]
                         net (fo=4, routed)           0.817     5.296    Inst_FullAdderExtended_N_Bits_SI_UN_CinCoutOv/Inst_Sumador/res_S__0_carry__2_i_8_0[0]
    SLICE_X43Y26         LUT6 (Prop_lut6_I0_O)        0.307     5.603 r  Inst_FullAdderExtended_N_Bits_SI_UN_CinCoutOv/Inst_Sumador/res_OBUF[14]_inst_i_2/O
                         net (fo=15, routed)          1.347     6.950    Inst_FullAdderExtended_N_Bits_SI_UN_CinCoutOv/Inst_Sumador/p_0_in2_in
    SLICE_X39Y24         LUT5 (Prop_lut5_I0_O)        0.124     7.074 r  Inst_FullAdderExtended_N_Bits_SI_UN_CinCoutOv/Inst_Sumador/res_OBUF[7]_inst_i_1/O
                         net (fo=2, routed)           2.450     9.525    res_OBUF[7]
    W13                  OBUF (Prop_obuf_I_O)         2.687    12.211 r  res_OBUF[7]_inst/O
                         net (fo=0)                   0.000    12.211    res[7]
    W13                                                               r  res[7] (OUT)
  -------------------------------------------------------------------    -------------------

Slack:                    inf
  Source:                 carryIn
                            (input port)
  Destination:            res[9]
                            (output port)
  Path Group:             (none)
  Path Type:              Max at Slow Process Corner
  Data Path Delay:        12.131ns  (logic 5.355ns (44.143%)  route 6.776ns (55.857%))
  Logic Levels:           9  (CARRY4=4 IBUF=1 LUT1=1 LUT5=1 LUT6=1 OBUF=1)

    Location             Delay type                Incr(ns)  Path(ns)    Netlist Resource(s)
  -------------------------------------------------------------------    -------------------
    T16                                               0.000     0.000 f  carryIn (IN)
                         net (fo=0)                   0.000     0.000    carryIn
    T16                  IBUF (Prop_ibuf_I_O)         1.013     1.013 f  carryIn_IBUF_inst/O
                         net (fo=4, routed)           1.446     2.459    Inst_FullAdderExtended_N_Bits_SI_UN_CinCoutOv/Inst_Restador/carryIn_IBUF
    SLICE_X39Y22         LUT1 (Prop_lut1_I0_O)        0.124     2.583 r  Inst_FullAdderExtended_N_Bits_SI_UN_CinCoutOv/Inst_Restador/res_S_carry_i_1/O
                         net (fo=1, routed)           0.554     3.138    Inst_FullAdderExtended_N_Bits_SI_UN_CinCoutOv/Inst_Restador/p_0_in[0]
    SLICE_X40Y22         CARRY4 (Prop_carry4_CYINIT_CO[3])
                                                      0.580     3.718 r  Inst_FullAdderExtended_N_Bits_SI_UN_CinCoutOv/Inst_Restador/res_S_carry/CO[3]
                         net (fo=1, routed)           0.000     3.718    Inst_FullAdderExtended_N_Bits_SI_UN_CinCoutOv/Inst_Restador/res_S_carry_n_0
    SLICE_X40Y23         CARRY4 (Prop_carry4_CI_CO[3])
                                                      0.114     3.832 r  Inst_FullAdderExtended_N_Bits_SI_UN_CinCoutOv/Inst_Restador/res_S_carry__0/CO[3]
                         net (fo=1, routed)           0.000     3.832    Inst_FullAdderExtended_N_Bits_SI_UN_CinCoutOv/Inst_Restador/res_S_carry__0_n_0
    SLICE_X40Y24         CARRY4 (Prop_carry4_CI_CO[3])
                                                      0.114     3.946 r  Inst_FullAdderExtended_N_Bits_SI_UN_CinCoutOv/Inst_Restador/res_S_carry__1/CO[3]
                         net (fo=1, routed)           0.009     3.955    Inst_FullAdderExtended_N_Bits_SI_UN_CinCoutOv/Inst_Restador/res_S_carry__1_n_0
    SLICE_X40Y25         CARRY4 (Prop_carry4_CI_O[3])
                                                      0.313     4.268 r  Inst_FullAdderExtended_N_Bits_SI_UN_CinCoutOv/Inst_Restador/res_S_carry__2/O[3]
                         net (fo=4, routed)           0.932     5.200    Inst_FullAdderExtended_N_Bits_SI_UN_CinCoutOv/Inst_Restador/a[15][3]
    SLICE_X43Y27         LUT6 (Prop_lut6_I2_O)        0.306     5.506 r  Inst_FullAdderExtended_N_Bits_SI_UN_CinCoutOv/Inst_Restador/res_OBUF[14]_inst_i_3/O
                         net (fo=15, routed)          1.415     6.921    Inst_FullAdderExtended_N_Bits_SI_UN_CinCoutOv/Inst_Sumador/res[14]
    SLICE_X39Y25         LUT5 (Prop_lut5_I1_O)        0.124     7.045 r  Inst_FullAdderExtended_N_Bits_SI_UN_CinCoutOv/Inst_Sumador/res_OBUF[9]_inst_i_1/O
                         net (fo=2, routed)           2.419     9.464    res_OBUF[9]
    V13                  OBUF (Prop_obuf_I_O)         2.667    12.131 r  res_OBUF[9]_inst/O
                         net (fo=0)                   0.000    12.131    res[9]
    V13                                                               r  res[9] (OUT)
  -------------------------------------------------------------------    -------------------

Slack:                    inf
  Source:                 a[0]
                            (input port)
  Destination:            res[14]
                            (output port)
  Path Group:             (none)
  Path Type:              Max at Slow Process Corner
  Data Path Delay:        11.988ns  (logic 5.300ns (44.210%)  route 6.688ns (55.790%))
  Logic Levels:           9  (CARRY4=4 IBUF=1 LUT5=2 LUT6=1 OBUF=1)

    Location             Delay type                Incr(ns)  Path(ns)    Netlist Resource(s)
  -------------------------------------------------------------------    -------------------
    T19                                               0.000     0.000 r  a[0] (IN)
                         net (fo=0)                   0.000     0.000    a[0]
    T19                  IBUF (Prop_ibuf_I_O)         0.950     0.950 r  a_IBUF[0]_inst/O
                         net (fo=6, routed)           2.315     3.265    Inst_FullAdderExtended_N_Bits_SI_UN_CinCoutOv/Inst_Sumador/a_IBUF[0]
    SLICE_X42Y22         LUT5 (Prop_lut5_I0_O)        0.124     3.389 r  Inst_FullAdderExtended_N_Bits_SI_UN_CinCoutOv/Inst_Sumador/res_S__0_carry_i_6/O
                         net (fo=1, routed)           0.000     3.389    Inst_FullAdderExtended_N_Bits_SI_UN_CinCoutOv/Inst_Sumador/res_S__0_carry_i_6_n_0
    SLICE_X42Y22         CARRY4 (Prop_carry4_S[1]_CO[3])
                                                      0.533     3.922 r  Inst_FullAdderExtended_N_Bits_SI_UN_CinCoutOv/Inst_Sumador/res_S__0_carry/CO[3]
                         net (fo=1, routed)           0.000     3.922    Inst_FullAdderExtended_N_Bits_SI_UN_CinCoutOv/Inst_Sumador/res_S__0_carry_n_0
    SLICE_X42Y23         CARRY4 (Prop_carry4_CI_CO[3])
                                                      0.117     4.039 r  Inst_FullAdderExtended_N_Bits_SI_UN_CinCoutOv/Inst_Sumador/res_S__0_carry__0/CO[3]
                         net (fo=1, routed)           0.000     4.039    Inst_FullAdderExtended_N_Bits_SI_UN_CinCoutOv/Inst_Sumador/res_S__0_carry__0_n_0
    SLICE_X42Y24         CARRY4 (Prop_carry4_CI_CO[3])
                                                      0.117     4.156 r  Inst_FullAdderExtended_N_Bits_SI_UN_CinCoutOv/Inst_Sumador/res_S__0_carry__1/CO[3]
                         net (fo=1, routed)           0.009     4.165    Inst_FullAdderExtended_N_Bits_SI_UN_CinCoutOv/Inst_Sumador/res_S__0_carry__1_n_0
    SLICE_X42Y25         CARRY4 (Prop_carry4_CI_O[3])
                                                      0.315     4.480 r  Inst_FullAdderExtended_N_Bits_SI_UN_CinCoutOv/Inst_Sumador/res_S__0_carry__2/O[3]
                         net (fo=4, routed)           0.817     5.296    Inst_FullAdderExtended_N_Bits_SI_UN_CinCoutOv/Inst_Sumador/res_S__0_carry__2_i_8_0[0]
    SLICE_X43Y26         LUT6 (Prop_lut6_I0_O)        0.307     5.603 r  Inst_FullAdderExtended_N_Bits_SI_UN_CinCoutOv/Inst_Sumador/res_OBUF[14]_inst_i_2/O
                         net (fo=15, routed)          0.843     6.446    Inst_FullAdderExtended_N_Bits_SI_UN_CinCoutOv/Inst_Sumador/p_0_in2_in
    SLICE_X41Y26         LUT5 (Prop_lut5_I0_O)        0.124     6.570 r  Inst_FullAdderExtended_N_Bits_SI_UN_CinCoutOv/Inst_Sumador/res_OBUF[14]_inst_i_1/O
                         net (fo=2, routed)           2.705     9.275    res_OBUF[14]
    T11                  OBUF (Prop_obuf_I_O)         2.713    11.988 r  res_OBUF[14]_inst/O
                         net (fo=0)                   0.000    11.988    res[14]
    T11                                                               r  res[14] (OUT)
  -------------------------------------------------------------------    -------------------

Slack:                    inf
  Source:                 carryIn
                            (input port)
  Destination:            res[3]
                            (output port)
  Path Group:             (none)
  Path Type:              Max at Slow Process Corner
  Data Path Delay:        11.932ns  (logic 5.348ns (44.826%)  route 6.583ns (55.174%))
  Logic Levels:           9  (CARRY4=4 IBUF=1 LUT1=1 LUT5=1 LUT6=1 OBUF=1)

    Location             Delay type                Incr(ns)  Path(ns)    Netlist Resource(s)
  -------------------------------------------------------------------    -------------------
    T16                                               0.000     0.000 f  carryIn (IN)
                         net (fo=0)                   0.000     0.000    carryIn
    T16                  IBUF (Prop_ibuf_I_O)         1.013     1.013 f  carryIn_IBUF_inst/O
                         net (fo=4, routed)           1.446     2.459    Inst_FullAdderExtended_N_Bits_SI_UN_CinCoutOv/Inst_Restador/carryIn_IBUF
    SLICE_X39Y22         LUT1 (Prop_lut1_I0_O)        0.124     2.583 r  Inst_FullAdderExtended_N_Bits_SI_UN_CinCoutOv/Inst_Restador/res_S_carry_i_1/O
                         net (fo=1, routed)           0.554     3.138    Inst_FullAdderExtended_N_Bits_SI_UN_CinCoutOv/Inst_Restador/p_0_in[0]
    SLICE_X40Y22         CARRY4 (Prop_carry4_CYINIT_CO[3])
                                                      0.580     3.718 r  Inst_FullAdderExtended_N_Bits_SI_UN_CinCoutOv/Inst_Restador/res_S_carry/CO[3]
                         net (fo=1, routed)           0.000     3.718    Inst_FullAdderExtended_N_Bits_SI_UN_CinCoutOv/Inst_Restador/res_S_carry_n_0
    SLICE_X40Y23         CARRY4 (Prop_carry4_CI_CO[3])
                                                      0.114     3.832 r  Inst_FullAdderExtended_N_Bits_SI_UN_CinCoutOv/Inst_Restador/res_S_carry__0/CO[3]
                         net (fo=1, routed)           0.000     3.832    Inst_FullAdderExtended_N_Bits_SI_UN_CinCoutOv/Inst_Restador/res_S_carry__0_n_0
    SLICE_X40Y24         CARRY4 (Prop_carry4_CI_CO[3])
                                                      0.114     3.946 r  Inst_FullAdderExtended_N_Bits_SI_UN_CinCoutOv/Inst_Restador/res_S_carry__1/CO[3]
                         net (fo=1, routed)           0.009     3.955    Inst_FullAdderExtended_N_Bits_SI_UN_CinCoutOv/Inst_Restador/res_S_carry__1_n_0
    SLICE_X40Y25         CARRY4 (Prop_carry4_CI_O[3])
                                                      0.313     4.268 r  Inst_FullAdderExtended_N_Bits_SI_UN_CinCoutOv/Inst_Restador/res_S_carry__2/O[3]
                         net (fo=4, routed)           0.932     5.200    Inst_FullAdderExtended_N_Bits_SI_UN_CinCoutOv/Inst_Restador/a[15][3]
    SLICE_X43Y27         LUT6 (Prop_lut6_I2_O)        0.306     5.506 r  Inst_FullAdderExtended_N_Bits_SI_UN_CinCoutOv/Inst_Restador/res_OBUF[14]_inst_i_3/O
                         net (fo=15, routed)          1.234     6.740    Inst_FullAdderExtended_N_Bits_SI_UN_CinCoutOv/Inst_Sumador/res[14]
    SLICE_X41Y24         LUT5 (Prop_lut5_I1_O)        0.124     6.864 r  Inst_FullAdderExtended_N_Bits_SI_UN_CinCoutOv/Inst_Sumador/res_OBUF[3]_inst_i_1/O
                         net (fo=2, routed)           2.408     9.271    res_OBUF[3]
    R14                  OBUF (Prop_obuf_I_O)         2.660    11.932 r  res_OBUF[3]_inst/O
                         net (fo=0)                   0.000    11.932    res[3]
    R14                                                               r  res[3] (OUT)
  -------------------------------------------------------------------    -------------------

Slack:                    inf
  Source:                 a[0]
                            (input port)
  Destination:            res[6]
                            (output port)
  Path Group:             (none)
  Path Type:              Max at Slow Process Corner
  Data Path Delay:        11.880ns  (logic 5.243ns (44.135%)  route 6.636ns (55.865%))
  Logic Levels:           9  (CARRY4=4 IBUF=1 LUT5=2 LUT6=1 OBUF=1)

    Location             Delay type                Incr(ns)  Path(ns)    Netlist Resource(s)
  -------------------------------------------------------------------    -------------------
    T19                                               0.000     0.000 r  a[0] (IN)
                         net (fo=0)                   0.000     0.000    a[0]
    T19                  IBUF (Prop_ibuf_I_O)         0.950     0.950 r  a_IBUF[0]_inst/O
                         net (fo=6, routed)           2.315     3.265    Inst_FullAdderExtended_N_Bits_SI_UN_CinCoutOv/Inst_Sumador/a_IBUF[0]
    SLICE_X42Y22         LUT5 (Prop_lut5_I0_O)        0.124     3.389 r  Inst_FullAdderExtended_N_Bits_SI_UN_CinCoutOv/Inst_Sumador/res_S__0_carry_i_6/O
                         net (fo=1, routed)           0.000     3.389    Inst_FullAdderExtended_N_Bits_SI_UN_CinCoutOv/Inst_Sumador/res_S__0_carry_i_6_n_0
    SLICE_X42Y22         CARRY4 (Prop_carry4_S[1]_CO[3])
                                                      0.533     3.922 r  Inst_FullAdderExtended_N_Bits_SI_UN_CinCoutOv/Inst_Sumador/res_S__0_carry/CO[3]
                         net (fo=1, routed)           0.000     3.922    Inst_FullAdderExtended_N_Bits_SI_UN_CinCoutOv/Inst_Sumador/res_S__0_carry_n_0
    SLICE_X42Y23         CARRY4 (Prop_carry4_CI_CO[3])
                                                      0.117     4.039 r  Inst_FullAdderExtended_N_Bits_SI_UN_CinCoutOv/Inst_Sumador/res_S__0_carry__0/CO[3]
                         net (fo=1, routed)           0.000     4.039    Inst_FullAdderExtended_N_Bits_SI_UN_CinCoutOv/Inst_Sumador/res_S__0_carry__0_n_0
    SLICE_X42Y24         CARRY4 (Prop_carry4_CI_CO[3])
                                                      0.117     4.156 r  Inst_FullAdderExtended_N_Bits_SI_UN_CinCoutOv/Inst_Sumador/res_S__0_carry__1/CO[3]
                         net (fo=1, routed)           0.009     4.165    Inst_FullAdderExtended_N_Bits_SI_UN_CinCoutOv/Inst_Sumador/res_S__0_carry__1_n_0
    SLICE_X42Y25         CARRY4 (Prop_carry4_CI_O[3])
                                                      0.315     4.480 r  Inst_FullAdderExtended_N_Bits_SI_UN_CinCoutOv/Inst_Sumador/res_S__0_carry__2/O[3]
                         net (fo=4, routed)           0.817     5.296    Inst_FullAdderExtended_N_Bits_SI_UN_CinCoutOv/Inst_Sumador/res_S__0_carry__2_i_8_0[0]
    SLICE_X43Y26         LUT6 (Prop_lut6_I0_O)        0.307     5.603 r  Inst_FullAdderExtended_N_Bits_SI_UN_CinCoutOv/Inst_Sumador/res_OBUF[14]_inst_i_2/O
                         net (fo=15, routed)          1.203     6.806    Inst_FullAdderExtended_N_Bits_SI_UN_CinCoutOv/Inst_Sumador/p_0_in2_in
    SLICE_X41Y24         LUT5 (Prop_lut5_I0_O)        0.124     6.930 r  Inst_FullAdderExtended_N_Bits_SI_UN_CinCoutOv/Inst_Sumador/res_OBUF[6]_inst_i_1/O
                         net (fo=2, routed)           2.293     9.223    res_OBUF[6]
    T14                  OBUF (Prop_obuf_I_O)         2.656    11.880 r  res_OBUF[6]_inst/O
                         net (fo=0)                   0.000    11.880    res[6]
    T14                                                               r  res[6] (OUT)
  -------------------------------------------------------------------    -------------------

Slack:                    inf
  Source:                 carryIn
                            (input port)
  Destination:            res[4]
                            (output port)
  Path Group:             (none)
  Path Type:              Max at Slow Process Corner
  Data Path Delay:        11.871ns  (logic 5.353ns (45.096%)  route 6.518ns (54.904%))
  Logic Levels:           9  (CARRY4=4 IBUF=1 LUT1=1 LUT5=1 LUT6=1 OBUF=1)

    Location             Delay type                Incr(ns)  Path(ns)    Netlist Resource(s)
  -------------------------------------------------------------------    -------------------
    T16                                               0.000     0.000 f  carryIn (IN)
                         net (fo=0)                   0.000     0.000    carryIn
    T16                  IBUF (Prop_ibuf_I_O)         1.013     1.013 f  carryIn_IBUF_inst/O
                         net (fo=4, routed)           1.446     2.459    Inst_FullAdderExtended_N_Bits_SI_UN_CinCoutOv/Inst_Restador/carryIn_IBUF
    SLICE_X39Y22         LUT1 (Prop_lut1_I0_O)        0.124     2.583 r  Inst_FullAdderExtended_N_Bits_SI_UN_CinCoutOv/Inst_Restador/res_S_carry_i_1/O
                         net (fo=1, routed)           0.554     3.138    Inst_FullAdderExtended_N_Bits_SI_UN_CinCoutOv/Inst_Restador/p_0_in[0]
    SLICE_X40Y22         CARRY4 (Prop_carry4_CYINIT_CO[3])
                                                      0.580     3.718 r  Inst_FullAdderExtended_N_Bits_SI_UN_CinCoutOv/Inst_Restador/res_S_carry/CO[3]
                         net (fo=1, routed)           0.000     3.718    Inst_FullAdderExtended_N_Bits_SI_UN_CinCoutOv/Inst_Restador/res_S_carry_n_0
    SLICE_X40Y23         CARRY4 (Prop_carry4_CI_CO[3])
                                                      0.114     3.832 r  Inst_FullAdderExtended_N_Bits_SI_UN_CinCoutOv/Inst_Restador/res_S_carry__0/CO[3]
                         net (fo=1, routed)           0.000     3.832    Inst_FullAdderExtended_N_Bits_SI_UN_CinCoutOv/Inst_Restador/res_S_carry__0_n_0
    SLICE_X40Y24         CARRY4 (Prop_carry4_CI_CO[3])
                                                      0.114     3.946 r  Inst_FullAdderExtended_N_Bits_SI_UN_CinCoutOv/Inst_Restador/res_S_carry__1/CO[3]
                         net (fo=1, routed)           0.009     3.955    Inst_FullAdderExtended_N_Bits_SI_UN_CinCoutOv/Inst_Restador/res_S_carry__1_n_0
    SLICE_X40Y25         CARRY4 (Prop_carry4_CI_O[3])
                                                      0.313     4.268 r  Inst_FullAdderExtended_N_Bits_SI_UN_CinCoutOv/Inst_Restador/res_S_carry__2/O[3]
                         net (fo=4, routed)           0.932     5.200    Inst_FullAdderExtended_N_Bits_SI_UN_CinCoutOv/Inst_Restador/a[15][3]
    SLICE_X43Y27         LUT6 (Prop_lut6_I2_O)        0.306     5.506 r  Inst_FullAdderExtended_N_Bits_SI_UN_CinCoutOv/Inst_Restador/res_OBUF[14]_inst_i_3/O
                         net (fo=15, routed)          1.285     6.791    Inst_FullAdderExtended_N_Bits_SI_UN_CinCoutOv/Inst_Sumador/res[14]
    SLICE_X38Y24         LUT5 (Prop_lut5_I1_O)        0.124     6.915 r  Inst_FullAdderExtended_N_Bits_SI_UN_CinCoutOv/Inst_Sumador/res_OBUF[4]_inst_i_1/O
                         net (fo=2, routed)           2.291     9.206    res_OBUF[4]
    P14                  OBUF (Prop_obuf_I_O)         2.665    11.871 r  res_OBUF[4]_inst/O
                         net (fo=0)                   0.000    11.871    res[4]
    P14                                                               r  res[4] (OUT)
  -------------------------------------------------------------------    -------------------

Slack:                    inf
  Source:                 a[0]
                            (input port)
  Destination:            res[12]
                            (output port)
  Path Group:             (none)
  Path Type:              Max at Slow Process Corner
  Data Path Delay:        11.830ns  (logic 5.276ns (44.600%)  route 6.554ns (55.400%))
  Logic Levels:           9  (CARRY4=4 IBUF=1 LUT5=2 LUT6=1 OBUF=1)

    Location             Delay type                Incr(ns)  Path(ns)    Netlist Resource(s)
  -------------------------------------------------------------------    -------------------
    T19                                               0.000     0.000 r  a[0] (IN)
                         net (fo=0)                   0.000     0.000    a[0]
    T19                  IBUF (Prop_ibuf_I_O)         0.950     0.950 r  a_IBUF[0]_inst/O
                         net (fo=6, routed)           2.315     3.265    Inst_FullAdderExtended_N_Bits_SI_UN_CinCoutOv/Inst_Sumador/a_IBUF[0]
    SLICE_X42Y22         LUT5 (Prop_lut5_I0_O)        0.124     3.389 r  Inst_FullAdderExtended_N_Bits_SI_UN_CinCoutOv/Inst_Sumador/res_S__0_carry_i_6/O
                         net (fo=1, routed)           0.000     3.389    Inst_FullAdderExtended_N_Bits_SI_UN_CinCoutOv/Inst_Sumador/res_S__0_carry_i_6_n_0
    SLICE_X42Y22         CARRY4 (Prop_carry4_S[1]_CO[3])
                                                      0.533     3.922 r  Inst_FullAdderExtended_N_Bits_SI_UN_CinCoutOv/Inst_Sumador/res_S__0_carry/CO[3]
                         net (fo=1, routed)           0.000     3.922    Inst_FullAdderExtended_N_Bits_SI_UN_CinCoutOv/Inst_Sumador/res_S__0_carry_n_0
    SLICE_X42Y23         CARRY4 (Prop_carry4_CI_CO[3])
                                                      0.117     4.039 r  Inst_FullAdderExtended_N_Bits_SI_UN_CinCoutOv/Inst_Sumador/res_S__0_carry__0/CO[3]
                         net (fo=1, routed)           0.000     4.039    Inst_FullAdderExtended_N_Bits_SI_UN_CinCoutOv/Inst_Sumador/res_S__0_carry__0_n_0
    SLICE_X42Y24         CARRY4 (Prop_carry4_CI_CO[3])
                                                      0.117     4.156 r  Inst_FullAdderExtended_N_Bits_SI_UN_CinCoutOv/Inst_Sumador/res_S__0_carry__1/CO[3]
                         net (fo=1, routed)           0.009     4.165    Inst_FullAdderExtended_N_Bits_SI_UN_CinCoutOv/Inst_Sumador/res_S__0_carry__1_n_0
    SLICE_X42Y25         CARRY4 (Prop_carry4_CI_O[3])
                                                      0.315     4.480 r  Inst_FullAdderExtended_N_Bits_SI_UN_CinCoutOv/Inst_Sumador/res_S__0_carry__2/O[3]
                         net (fo=4, routed)           0.817     5.296    Inst_FullAdderExtended_N_Bits_SI_UN_CinCoutOv/Inst_Sumador/res_S__0_carry__2_i_8_0[0]
    SLICE_X43Y26         LUT6 (Prop_lut6_I0_O)        0.307     5.603 r  Inst_FullAdderExtended_N_Bits_SI_UN_CinCoutOv/Inst_Sumador/res_OBUF[14]_inst_i_2/O
                         net (fo=15, routed)          0.841     6.444    Inst_FullAdderExtended_N_Bits_SI_UN_CinCoutOv/Inst_Sumador/p_0_in2_in
    SLICE_X41Y26         LUT5 (Prop_lut5_I0_O)        0.124     6.568 r  Inst_FullAdderExtended_N_Bits_SI_UN_CinCoutOv/Inst_Sumador/res_OBUF[12]_inst_i_1/O
                         net (fo=2, routed)           2.573     9.141    res_OBUF[12]
    T12                  OBUF (Prop_obuf_I_O)         2.690    11.830 r  res_OBUF[12]_inst/O
                         net (fo=0)                   0.000    11.830    res[12]
    T12                                                               r  res[12] (OUT)
  -------------------------------------------------------------------    -------------------

Slack:                    inf
  Source:                 a[0]
                            (input port)
  Destination:            res[13]
                            (output port)
  Path Group:             (none)
  Path Type:              Max at Slow Process Corner
  Data Path Delay:        11.750ns  (logic 5.292ns (45.039%)  route 6.458ns (54.961%))
  Logic Levels:           9  (CARRY4=4 IBUF=1 LUT5=2 LUT6=1 OBUF=1)

    Location             Delay type                Incr(ns)  Path(ns)    Netlist Resource(s)
  -------------------------------------------------------------------    -------------------
    T19                                               0.000     0.000 r  a[0] (IN)
                         net (fo=0)                   0.000     0.000    a[0]
    T19                  IBUF (Prop_ibuf_I_O)         0.950     0.950 r  a_IBUF[0]_inst/O
                         net (fo=6, routed)           2.315     3.265    Inst_FullAdderExtended_N_Bits_SI_UN_CinCoutOv/Inst_Sumador/a_IBUF[0]
    SLICE_X42Y22         LUT5 (Prop_lut5_I0_O)        0.124     3.389 r  Inst_FullAdderExtended_N_Bits_SI_UN_CinCoutOv/Inst_Sumador/res_S__0_carry_i_6/O
                         net (fo=1, routed)           0.000     3.389    Inst_FullAdderExtended_N_Bits_SI_UN_CinCoutOv/Inst_Sumador/res_S__0_carry_i_6_n_0
    SLICE_X42Y22         CARRY4 (Prop_carry4_S[1]_CO[3])
                                                      0.533     3.922 r  Inst_FullAdderExtended_N_Bits_SI_UN_CinCoutOv/Inst_Sumador/res_S__0_carry/CO[3]
                         net (fo=1, routed)           0.000     3.922    Inst_FullAdderExtended_N_Bits_SI_UN_CinCoutOv/Inst_Sumador/res_S__0_carry_n_0
    SLICE_X42Y23         CARRY4 (Prop_carry4_CI_CO[3])
                                                      0.117     4.039 r  Inst_FullAdderExtended_N_Bits_SI_UN_CinCoutOv/Inst_Sumador/res_S__0_carry__0/CO[3]
                         net (fo=1, routed)           0.000     4.039    Inst_FullAdderExtended_N_Bits_SI_UN_CinCoutOv/Inst_Sumador/res_S__0_carry__0_n_0
    SLICE_X42Y24         CARRY4 (Prop_carry4_CI_CO[3])
                                                      0.117     4.156 r  Inst_FullAdderExtended_N_Bits_SI_UN_CinCoutOv/Inst_Sumador/res_S__0_carry__1/CO[3]
                         net (fo=1, routed)           0.009     4.165    Inst_FullAdderExtended_N_Bits_SI_UN_CinCoutOv/Inst_Sumador/res_S__0_carry__1_n_0
    SLICE_X42Y25         CARRY4 (Prop_carry4_CI_O[3])
                                                      0.315     4.480 r  Inst_FullAdderExtended_N_Bits_SI_UN_CinCoutOv/Inst_Sumador/res_S__0_carry__2/O[3]
                         net (fo=4, routed)           0.817     5.296    Inst_FullAdderExtended_N_Bits_SI_UN_CinCoutOv/Inst_Sumador/res_S__0_carry__2_i_8_0[0]
    SLICE_X43Y26         LUT6 (Prop_lut6_I0_O)        0.307     5.603 r  Inst_FullAdderExtended_N_Bits_SI_UN_CinCoutOv/Inst_Sumador/res_OBUF[14]_inst_i_2/O
                         net (fo=15, routed)          0.999     6.602    Inst_FullAdderExtended_N_Bits_SI_UN_CinCoutOv/Inst_Sumador/p_0_in2_in
    SLICE_X39Y26         LUT5 (Prop_lut5_I0_O)        0.124     6.726 r  Inst_FullAdderExtended_N_Bits_SI_UN_CinCoutOv/Inst_Sumador/res_OBUF[13]_inst_i_1/O
                         net (fo=2, routed)           2.318     9.045    res_OBUF[13]
    T10                  OBUF (Prop_obuf_I_O)         2.705    11.750 r  res_OBUF[13]_inst/O
                         net (fo=0)                   0.000    11.750    res[13]
    T10                                                               r  res[13] (OUT)
  -------------------------------------------------------------------    -------------------

Slack:                    inf
  Source:                 a[0]
                            (input port)
  Destination:            res[11]
                            (output port)
  Path Group:             (none)
  Path Type:              Max at Slow Process Corner
  Data Path Delay:        11.634ns  (logic 5.286ns (45.434%)  route 6.348ns (54.566%))
  Logic Levels:           9  (CARRY4=4 IBUF=1 LUT5=2 LUT6=1 OBUF=1)

    Location             Delay type                Incr(ns)  Path(ns)    Netlist Resource(s)
  -------------------------------------------------------------------    -------------------
    T19                                               0.000     0.000 r  a[0] (IN)
                         net (fo=0)                   0.000     0.000    a[0]
    T19                  IBUF (Prop_ibuf_I_O)         0.950     0.950 r  a_IBUF[0]_inst/O
                         net (fo=6, routed)           2.315     3.265    Inst_FullAdderExtended_N_Bits_SI_UN_CinCoutOv/Inst_Sumador/a_IBUF[0]
    SLICE_X42Y22         LUT5 (Prop_lut5_I0_O)        0.124     3.389 r  Inst_FullAdderExtended_N_Bits_SI_UN_CinCoutOv/Inst_Sumador/res_S__0_carry_i_6/O
                         net (fo=1, routed)           0.000     3.389    Inst_FullAdderExtended_N_Bits_SI_UN_CinCoutOv/Inst_Sumador/res_S__0_carry_i_6_n_0
    SLICE_X42Y22         CARRY4 (Prop_carry4_S[1]_CO[3])
                                                      0.533     3.922 r  Inst_FullAdderExtended_N_Bits_SI_UN_CinCoutOv/Inst_Sumador/res_S__0_carry/CO[3]
                         net (fo=1, routed)           0.000     3.922    Inst_FullAdderExtended_N_Bits_SI_UN_CinCoutOv/Inst_Sumador/res_S__0_carry_n_0
    SLICE_X42Y23         CARRY4 (Prop_carry4_CI_CO[3])
                                                      0.117     4.039 r  Inst_FullAdderExtended_N_Bits_SI_UN_CinCoutOv/Inst_Sumador/res_S__0_carry__0/CO[3]
                         net (fo=1, routed)           0.000     4.039    Inst_FullAdderExtended_N_Bits_SI_UN_CinCoutOv/Inst_Sumador/res_S__0_carry__0_n_0
    SLICE_X42Y24         CARRY4 (Prop_carry4_CI_CO[3])
                                                      0.117     4.156 r  Inst_FullAdderExtended_N_Bits_SI_UN_CinCoutOv/Inst_Sumador/res_S__0_carry__1/CO[3]
                         net (fo=1, routed)           0.009     4.165    Inst_FullAdderExtended_N_Bits_SI_UN_CinCoutOv/Inst_Sumador/res_S__0_carry__1_n_0
    SLICE_X42Y25         CARRY4 (Prop_carry4_CI_O[3])
                                                      0.315     4.480 r  Inst_FullAdderExtended_N_Bits_SI_UN_CinCoutOv/Inst_Sumador/res_S__0_carry__2/O[3]
                         net (fo=4, routed)           0.817     5.296    Inst_FullAdderExtended_N_Bits_SI_UN_CinCoutOv/Inst_Sumador/res_S__0_carry__2_i_8_0[0]
    SLICE_X43Y26         LUT6 (Prop_lut6_I0_O)        0.307     5.603 r  Inst_FullAdderExtended_N_Bits_SI_UN_CinCoutOv/Inst_Sumador/res_OBUF[14]_inst_i_2/O
                         net (fo=15, routed)          0.884     6.488    Inst_FullAdderExtended_N_Bits_SI_UN_CinCoutOv/Inst_Sumador/p_0_in2_in
    SLICE_X43Y25         LUT5 (Prop_lut5_I0_O)        0.124     6.612 r  Inst_FullAdderExtended_N_Bits_SI_UN_CinCoutOv/Inst_Sumador/res_OBUF[11]_inst_i_1/O
                         net (fo=2, routed)           2.323     8.935    res_OBUF[11]
    U12                  OBUF (Prop_obuf_I_O)         2.699    11.634 r  res_OBUF[11]_inst/O
                         net (fo=0)                   0.000    11.634    res[11]
    U12                                                               r  res[11] (OUT)
  -------------------------------------------------------------------    -------------------





Min Delay Paths
--------------------------------------------------------------------------------------
Slack:                    inf
  Source:                 b[8]
                            (input port)
  Destination:            res[8]
                            (output port)
  Path Group:             (none)
  Path Type:              Min at Fast Process Corner
  Data Path Delay:        2.607ns  (logic 1.493ns (57.257%)  route 1.114ns (42.743%))
  Logic Levels:           4  (IBUF=1 LUT5=1 LUT6=1 OBUF=1)

    Location             Delay type                Incr(ns)  Path(ns)    Netlist Resource(s)
  -------------------------------------------------------------------    -------------------
    N18                                               0.000     0.000 r  b[8] (IN)
                         net (fo=0)                   0.000     0.000    b[8]
    N18                  IBUF (Prop_ibuf_I_O)         0.206     0.206 r  b_IBUF[8]_inst/O
                         net (fo=5, routed)           0.362     0.568    Inst_FullAdderExtended_N_Bits_SI_UN_CinCoutOv/Inst_Sumador/b_IBUF[8]
    SLICE_X43Y24         LUT6 (Prop_lut6_I0_O)        0.045     0.613 r  Inst_FullAdderExtended_N_Bits_SI_UN_CinCoutOv/Inst_Sumador/res_OBUF[8]_inst_i_3/O
                         net (fo=1, routed)           0.135     0.748    Inst_FullAdderExtended_N_Bits_SI_UN_CinCoutOv/Inst_Sumador/res_OBUF[8]_inst_i_3_n_0
    SLICE_X43Y25         LUT5 (Prop_lut5_I4_O)        0.045     0.793 r  Inst_FullAdderExtended_N_Bits_SI_UN_CinCoutOv/Inst_Sumador/res_OBUF[8]_inst_i_1/O
                         net (fo=2, routed)           0.617     1.410    res_OBUF[8]
    V12                  OBUF (Prop_obuf_I_O)         1.197     2.607 r  res_OBUF[8]_inst/O
                         net (fo=0)                   0.000     2.607    res[8]
    V12                                                               r  res[8] (OUT)
  -------------------------------------------------------------------    -------------------

Slack:                    inf
  Source:                 b[15]
                            (input port)
  Destination:            overflow
                            (output port)
  Path Group:             (none)
  Path Type:              Min at Fast Process Corner
  Data Path Delay:        2.698ns  (logic 1.440ns (53.365%)  route 1.258ns (46.635%))
  Logic Levels:           3  (IBUF=1 LUT5=1 OBUF=1)

    Location             Delay type                Incr(ns)  Path(ns)    Netlist Resource(s)
  -------------------------------------------------------------------    -------------------
    U17                                               0.000     0.000 r  b[15] (IN)
                         net (fo=0)                   0.000     0.000    b[15]
    U17                  IBUF (Prop_ibuf_I_O)         0.238     0.238 r  b_IBUF[15]_inst/O
                         net (fo=7, routed)           0.508     0.746    Inst_FullAdderExtended_N_Bits_SI_UN_CinCoutOv/Inst_Sumador/b_IBUF[15]
    SLICE_X43Y27         LUT5 (Prop_lut5_I4_O)        0.045     0.791 r  Inst_FullAdderExtended_N_Bits_SI_UN_CinCoutOv/Inst_Sumador/overflow_OBUF_inst_i_1/O
                         net (fo=1, routed)           0.750     1.541    overflow_OBUF
    L14                  OBUF (Prop_obuf_I_O)         1.156     2.698 r  overflow_OBUF_inst/O
                         net (fo=0)                   0.000     2.698    overflow
    L14                                                               r  overflow (OUT)
  -------------------------------------------------------------------    -------------------

Slack:                    inf
  Source:                 b[7]
                            (input port)
  Destination:            res[7]
                            (output port)
  Path Group:             (none)
  Path Type:              Min at Fast Process Corner
  Data Path Delay:        2.728ns  (logic 1.501ns (55.021%)  route 1.227ns (44.979%))
  Logic Levels:           4  (IBUF=1 LUT5=1 LUT6=1 OBUF=1)

    Location             Delay type                Incr(ns)  Path(ns)    Netlist Resource(s)
  -------------------------------------------------------------------    -------------------
    P19                                               0.000     0.000 r  b[7] (IN)
                         net (fo=0)                   0.000     0.000    b[7]
    P19                  IBUF (Prop_ibuf_I_O)         0.208     0.208 r  b_IBUF[7]_inst/O
                         net (fo=5, routed)           0.508     0.716    Inst_FullAdderExtended_N_Bits_SI_UN_CinCoutOv/Inst_Sumador/b_IBUF[7]
    SLICE_X39Y24         LUT6 (Prop_lut6_I0_O)        0.045     0.761 r  Inst_FullAdderExtended_N_Bits_SI_UN_CinCoutOv/Inst_Sumador/res_OBUF[7]_inst_i_3/O
                         net (fo=1, routed)           0.052     0.813    Inst_FullAdderExtended_N_Bits_SI_UN_CinCoutOv/Inst_Sumador/res_OBUF[7]_inst_i_3_n_0
    SLICE_X39Y24         LUT5 (Prop_lut5_I4_O)        0.045     0.858 r  Inst_FullAdderExtended_N_Bits_SI_UN_CinCoutOv/Inst_Sumador/res_OBUF[7]_inst_i_1/O
                         net (fo=2, routed)           0.667     1.525    res_OBUF[7]
    W13                  OBUF (Prop_obuf_I_O)         1.203     2.728 r  res_OBUF[7]_inst/O
                         net (fo=0)                   0.000     2.728    res[7]
    W13                                                               r  res[7] (OUT)
  -------------------------------------------------------------------    -------------------

Slack:                    inf
  Source:                 b[15]
                            (input port)
  Destination:            res[15]
                            (output port)
  Path Group:             (none)
  Path Type:              Min at Fast Process Corner
  Data Path Delay:        2.738ns  (logic 1.570ns (57.342%)  route 1.168ns (42.658%))
  Logic Levels:           4  (IBUF=1 LUT6=1 MUXF7=1 OBUF=1)

    Location             Delay type                Incr(ns)  Path(ns)    Netlist Resource(s)
  -------------------------------------------------------------------    -------------------
    U17                                               0.000     0.000 r  b[15] (IN)
                         net (fo=0)                   0.000     0.000    b[15]
    U17                  IBUF (Prop_ibuf_I_O)         0.238     0.238 r  b_IBUF[15]_inst/O
                         net (fo=7, routed)           0.472     0.710    Inst_FullAdderExtended_N_Bits_SI_UN_CinCoutOv/Inst_Restador/b_IBUF[15]
    SLICE_X43Y27         LUT6 (Prop_lut6_I0_O)        0.045     0.755 r  Inst_FullAdderExtended_N_Bits_SI_UN_CinCoutOv/Inst_Restador/res_OBUF[15]_inst_i_3/O
                         net (fo=1, routed)           0.000     0.755    Inst_FullAdderExtended_N_Bits_SI_UN_CinCoutOv/Inst_Restador/res_OBUF[15]_inst_i_3_n_0
    SLICE_X43Y27         MUXF7 (Prop_muxf7_I0_O)      0.062     0.817 r  Inst_FullAdderExtended_N_Bits_SI_UN_CinCoutOv/Inst_Restador/res_OBUF[15]_inst_i_1/O
                         net (fo=3, routed)           0.696     1.513    negative_OBUF
    R19                  OBUF (Prop_obuf_I_O)         1.225     2.738 r  res_OBUF[15]_inst/O
                         net (fo=0)                   0.000     2.738    res[15]
    R19                                                               r  res[15] (OUT)
  -------------------------------------------------------------------    -------------------

Slack:                    inf
  Source:                 b[11]
                            (input port)
  Destination:            res[11]
                            (output port)
  Path Group:             (none)
  Path Type:              Min at Fast Process Corner
  Data Path Delay:        2.744ns  (logic 1.575ns (57.400%)  route 1.169ns (42.600%))
  Logic Levels:           4  (IBUF=1 LUT5=1 LUT6=1 OBUF=1)

    Location             Delay type                Incr(ns)  Path(ns)    Netlist Resource(s)
  -------------------------------------------------------------------    -------------------
    U15                                               0.000     0.000 r  b[11] (IN)
                         net (fo=0)                   0.000     0.000    b[11]
    U15                  IBUF (Prop_ibuf_I_O)         0.270     0.270 r  b_IBUF[11]_inst/O
                         net (fo=5, routed)           0.500     0.770    Inst_FullAdderExtended_N_Bits_SI_UN_CinCoutOv/Inst_Sumador/b_IBUF[11]
    SLICE_X43Y25         LUT6 (Prop_lut6_I0_O)        0.045     0.815 r  Inst_FullAdderExtended_N_Bits_SI_UN_CinCoutOv/Inst_Sumador/res_OBUF[11]_inst_i_3/O
                         net (fo=1, routed)           0.049     0.864    Inst_FullAdderExtended_N_Bits_SI_UN_CinCoutOv/Inst_Sumador/res_OBUF[11]_inst_i_3_n_0
    SLICE_X43Y25         LUT5 (Prop_lut5_I4_O)        0.045     0.909 r  Inst_FullAdderExtended_N_Bits_SI_UN_CinCoutOv/Inst_Sumador/res_OBUF[11]_inst_i_1/O
                         net (fo=2, routed)           0.620     1.529    res_OBUF[11]
    U12                  OBUF (Prop_obuf_I_O)         1.215     2.744 r  res_OBUF[11]_inst/O
                         net (fo=0)                   0.000     2.744    res[11]
    U12                                                               r  res[11] (OUT)
  -------------------------------------------------------------------    -------------------

Slack:                    inf
  Source:                 b[13]
                            (input port)
  Destination:            res[13]
                            (output port)
  Path Group:             (none)
  Path Type:              Min at Fast Process Corner
  Data Path Delay:        2.798ns  (logic 1.587ns (56.720%)  route 1.211ns (43.280%))
  Logic Levels:           4  (IBUF=1 LUT5=1 LUT6=1 OBUF=1)

    Location             Delay type                Incr(ns)  Path(ns)    Netlist Resource(s)
  -------------------------------------------------------------------    -------------------
    W15                                               0.000     0.000 r  b[13] (IN)
                         net (fo=0)                   0.000     0.000    b[13]
    W15                  IBUF (Prop_ibuf_I_O)         0.276     0.276 r  b_IBUF[13]_inst/O
                         net (fo=5, routed)           0.506     0.782    Inst_FullAdderExtended_N_Bits_SI_UN_CinCoutOv/Inst_Sumador/b_IBUF[13]
    SLICE_X39Y26         LUT6 (Prop_lut6_I0_O)        0.045     0.827 r  Inst_FullAdderExtended_N_Bits_SI_UN_CinCoutOv/Inst_Sumador/res_OBUF[13]_inst_i_3/O
                         net (fo=1, routed)           0.082     0.909    Inst_FullAdderExtended_N_Bits_SI_UN_CinCoutOv/Inst_Sumador/res_OBUF[13]_inst_i_3_n_0
    SLICE_X39Y26         LUT5 (Prop_lut5_I4_O)        0.045     0.954 r  Inst_FullAdderExtended_N_Bits_SI_UN_CinCoutOv/Inst_Sumador/res_OBUF[13]_inst_i_1/O
                         net (fo=2, routed)           0.622     1.577    res_OBUF[13]
    T10                  OBUF (Prop_obuf_I_O)         1.221     2.798 r  res_OBUF[13]_inst/O
                         net (fo=0)                   0.000     2.798    res[13]
    T10                                                               r  res[13] (OUT)
  -------------------------------------------------------------------    -------------------

Slack:                    inf
  Source:                 b[15]
                            (input port)
  Destination:            negative
                            (output port)
  Path Group:             (none)
  Path Type:              Min at Fast Process Corner
  Data Path Delay:        2.816ns  (logic 1.564ns (55.534%)  route 1.252ns (44.466%))
  Logic Levels:           4  (IBUF=1 LUT6=1 MUXF7=1 OBUF=1)

    Location             Delay type                Incr(ns)  Path(ns)    Netlist Resource(s)
  -------------------------------------------------------------------    -------------------
    U17                                               0.000     0.000 r  b[15] (IN)
                         net (fo=0)                   0.000     0.000    b[15]
    U17                  IBUF (Prop_ibuf_I_O)         0.238     0.238 r  b_IBUF[15]_inst/O
                         net (fo=7, routed)           0.472     0.710    Inst_FullAdderExtended_N_Bits_SI_UN_CinCoutOv/Inst_Restador/b_IBUF[15]
    SLICE_X43Y27         LUT6 (Prop_lut6_I0_O)        0.045     0.755 r  Inst_FullAdderExtended_N_Bits_SI_UN_CinCoutOv/Inst_Restador/res_OBUF[15]_inst_i_3/O
                         net (fo=1, routed)           0.000     0.755    Inst_FullAdderExtended_N_Bits_SI_UN_CinCoutOv/Inst_Restador/res_OBUF[15]_inst_i_3_n_0
    SLICE_X43Y27         MUXF7 (Prop_muxf7_I0_O)      0.062     0.817 r  Inst_FullAdderExtended_N_Bits_SI_UN_CinCoutOv/Inst_Restador/res_OBUF[15]_inst_i_1/O
                         net (fo=3, routed)           0.780     1.598    negative_OBUF
    L15                  OBUF (Prop_obuf_I_O)         1.219     2.816 r  negative_OBUF_inst/O
                         net (fo=0)                   0.000     2.816    negative
    L15                                                               r  negative (OUT)
  -------------------------------------------------------------------    -------------------

Slack:                    inf
  Source:                 b[4]
                            (input port)
  Destination:            res[4]
                            (output port)
  Path Group:             (none)
  Path Type:              Min at Fast Process Corner
  Data Path Delay:        2.828ns  (logic 1.468ns (51.904%)  route 1.360ns (48.096%))
  Logic Levels:           4  (IBUF=1 LUT5=1 LUT6=1 OBUF=1)

    Location             Delay type                Incr(ns)  Path(ns)    Netlist Resource(s)
  -------------------------------------------------------------------    -------------------
    T20                                               0.000     0.000 r  b[4] (IN)
                         net (fo=0)                   0.000     0.000    b[4]
    T20                  IBUF (Prop_ibuf_I_O)         0.196     0.196 r  b_IBUF[4]_inst/O
                         net (fo=5, routed)           0.547     0.744    Inst_FullAdderExtended_N_Bits_SI_UN_CinCoutOv/Inst_Sumador/b_IBUF[4]
    SLICE_X39Y23         LUT6 (Prop_lut6_I0_O)        0.045     0.789 r  Inst_FullAdderExtended_N_Bits_SI_UN_CinCoutOv/Inst_Sumador/res_OBUF[4]_inst_i_3/O
                         net (fo=1, routed)           0.196     0.985    Inst_FullAdderExtended_N_Bits_SI_UN_CinCoutOv/Inst_Sumador/res_OBUF[4]_inst_i_3_n_0
    SLICE_X38Y24         LUT5 (Prop_lut5_I4_O)        0.045     1.030 r  Inst_FullAdderExtended_N_Bits_SI_UN_CinCoutOv/Inst_Sumador/res_OBUF[4]_inst_i_1/O
                         net (fo=2, routed)           0.617     1.647    res_OBUF[4]
    P14                  OBUF (Prop_obuf_I_O)         1.182     2.828 r  res_OBUF[4]_inst/O
                         net (fo=0)                   0.000     2.828    res[4]
    P14                                                               r  res[4] (OUT)
  -------------------------------------------------------------------    -------------------

Slack:                    inf
  Source:                 b[15]
                            (input port)
  Destination:            res[0]
                            (output port)
  Path Group:             (none)
  Path Type:              Min at Fast Process Corner
  Data Path Delay:        2.834ns  (logic 1.575ns (55.573%)  route 1.259ns (44.427%))
  Logic Levels:           4  (IBUF=1 LUT5=1 LUT6=1 OBUF=1)

    Location             Delay type                Incr(ns)  Path(ns)    Netlist Resource(s)
  -------------------------------------------------------------------    -------------------
    U17                                               0.000     0.000 r  b[15] (IN)
                         net (fo=0)                   0.000     0.000    b[15]
    U17                  IBUF (Prop_ibuf_I_O)         0.238     0.238 r  b_IBUF[15]_inst/O
                         net (fo=7, routed)           0.509     0.747    Inst_FullAdderExtended_N_Bits_SI_UN_CinCoutOv/Inst_Restador/b_IBUF[15]
    SLICE_X43Y27         LUT6 (Prop_lut6_I1_O)        0.045     0.792 r  Inst_FullAdderExtended_N_Bits_SI_UN_CinCoutOv/Inst_Restador/res_OBUF[14]_inst_i_3/O
                         net (fo=15, routed)          0.254     1.047    Inst_FullAdderExtended_N_Bits_SI_UN_CinCoutOv/Inst_Sumador/res[14]
    SLICE_X41Y24         LUT5 (Prop_lut5_I1_O)        0.045     1.092 r  Inst_FullAdderExtended_N_Bits_SI_UN_CinCoutOv/Inst_Sumador/res_OBUF[0]_inst_i_1/O
                         net (fo=2, routed)           0.496     1.587    res_OBUF[0]
    W14                  OBUF (Prop_obuf_I_O)         1.246     2.834 r  res_OBUF[0]_inst/O
                         net (fo=0)                   0.000     2.834    res[0]
    W14                                                               r  res[0] (OUT)
  -------------------------------------------------------------------    -------------------

Slack:                    inf
  Source:                 code[0]
                            (input port)
  Destination:            carryOut
                            (output port)
  Path Group:             (none)
  Path Type:              Min at Fast Process Corner
  Data Path Delay:        2.853ns  (logic 1.358ns (47.607%)  route 1.495ns (52.393%))
  Logic Levels:           3  (IBUF=1 LUT6=1 OBUF=1)

    Location             Delay type                Incr(ns)  Path(ns)    Netlist Resource(s)
  -------------------------------------------------------------------    -------------------
    J15                                               0.000     0.000 r  code[0] (IN)
                         net (fo=0)                   0.000     0.000    code[0]
    J15                  IBUF (Prop_ibuf_I_O)         0.172     0.172 r  code_IBUF[0]_inst/O
                         net (fo=35, routed)          0.748     0.921    Inst_FullAdderExtended_N_Bits_SI_UN_CinCoutOv/Inst_Sumador/code_IBUF[0]
    SLICE_X43Y26         LUT6 (Prop_lut6_I2_O)        0.045     0.966 r  Inst_FullAdderExtended_N_Bits_SI_UN_CinCoutOv/Inst_Sumador/carryOut_OBUF_inst_i_1/O
                         net (fo=1, routed)           0.747     1.712    carryOut_OBUF
    M14                  OBUF (Prop_obuf_I_O)         1.141     2.853 r  carryOut_OBUF_inst/O
                         net (fo=0)                   0.000     2.853    carryOut
    M14                                                               r  carryOut (OUT)
  -------------------------------------------------------------------    -------------------





