Copyright 1986-2022 Xilinx, Inc. All Rights Reserved. Copyright 2022-2024 Advanced Micro Devices, Inc. All Rights Reserved.
---------------------------------------------------------------------------------------------------------------------------------------------------------------------------------------------------------------
| Tool Version : Vivado v.2024.2 (win64) Build 5239630 Fri Nov 08 22:35:27 MST 2024
| Date         : Sun Sep 14 18:40:41 2025
| Host         : DESKTOP-38PF9T6 running 64-bit major release  (build 9200)
| Command      : report_timing_summary -max_paths 10 -report_unconstrained -file uartRx_timing_summary_routed.rpt -pb uartRx_timing_summary_routed.pb -rpx uartRx_timing_summary_routed.rpx -warn_on_violation
| Design       : uartRx
| Device       : 7z010-clg400
| Speed File   : -1  PRODUCTION 1.12 2019-11-22
| Design State : Routed
---------------------------------------------------------------------------------------------------------------------------------------------------------------------------------------------------------------

Timing Summary Report

------------------------------------------------------------------------------------------------
| Timer Settings
| --------------
------------------------------------------------------------------------------------------------

  Enable Multi Corner Analysis               :  Yes
  Enable Pessimism Removal                   :  Yes
  Pessimism Removal Resolution               :  Nearest Common Node
  Enable Input Delay Default Clock           :  No
  Enable Preset / Clear Arcs                 :  No
  Disable Flight Delays                      :  No
  Ignore I/O Paths                           :  No
  Timing Early Launch at Borrowing Latches   :  No
  Borrow Time for Max Delay Exceptions       :  Yes
  Merge Timing Exceptions                    :  Yes
  Inter-SLR Compensation                     :  Conservative

  Corner  Analyze    Analyze    
  Name    Max Paths  Min Paths  
  ------  ---------  ---------  
  Slow    Yes        Yes        
  Fast    Yes        Yes        


------------------------------------------------------------------------------------------------
| Report Methodology
| ------------------
------------------------------------------------------------------------------------------------

Rule       Severity          Description                  Violations  
---------  ----------------  ---------------------------  ----------  
TIMING-17  Critical Warning  Non-clocked sequential cell  51          

Note: This report is based on the most recent report_methodology run and may not be up-to-date. Run report_methodology on the current design for the latest report.



check_timing report

Table of Contents
-----------------
1. checking no_clock (51)
2. checking constant_clock (0)
3. checking pulse_width_clock (0)
4. checking unconstrained_internal_endpoints (122)
5. checking no_input_delay (2)
6. checking no_output_delay (9)
7. checking multiple_clock (0)
8. checking generated_clocks (0)
9. checking loops (0)
10. checking partial_input_delay (0)
11. checking partial_output_delay (0)
12. checking latch_loops (0)

1. checking no_clock (51)
-------------------------
 There are 51 register/latch pins with no clock driven by root clock pin: clk (HIGH)


2. checking constant_clock (0)
------------------------------
 There are 0 register/latch pins with constant_clock.


3. checking pulse_width_clock (0)
---------------------------------
 There are 0 register/latch pins which need pulse_width check


4. checking unconstrained_internal_endpoints (122)
--------------------------------------------------
 There are 122 pins that are not constrained for maximum delay. (HIGH)

 There are 0 pins that are not constrained for maximum delay due to constant clock.


5. checking no_input_delay (2)
------------------------------
 There are 2 input ports with no input delay specified. (HIGH)

 There are 0 input ports with no input delay but user has a false path constraint.


6. checking no_output_delay (9)
-------------------------------
 There are 9 ports with no output delay specified. (HIGH)

 There are 0 ports with no output delay but user has a false path constraint

 There are 0 ports with no output delay but with a timing clock defined on it or propagating through it


7. checking multiple_clock (0)
------------------------------
 There are 0 register/latch pins with multiple clocks.


8. checking generated_clocks (0)
--------------------------------
 There are 0 generated clocks that are not connected to a clock source.


9. checking loops (0)
---------------------
 There are 0 combinational loops in the design.


10. checking partial_input_delay (0)
------------------------------------
 There are 0 input ports with partial input delay specified.


11. checking partial_output_delay (0)
-------------------------------------
 There are 0 ports with partial output delay specified.


12. checking latch_loops (0)
----------------------------
 There are 0 combinational latch loops in the design through latch input



------------------------------------------------------------------------------------------------
| Design Timing Summary
| ---------------------
------------------------------------------------------------------------------------------------

    WNS(ns)      TNS(ns)  TNS Failing Endpoints  TNS Total Endpoints      WHS(ns)      THS(ns)  THS Failing Endpoints  THS Total Endpoints     WPWS(ns)     TPWS(ns)  TPWS Failing Endpoints  TPWS Total Endpoints  
    -------      -------  ---------------------  -------------------      -------      -------  ---------------------  -------------------     --------     --------  ----------------------  --------------------  
        inf        0.000                      0                  131          inf        0.000                      0                  131           NA           NA                      NA                    NA  


There are no user specified timing constraints.


------------------------------------------------------------------------------------------------
| Clock Summary
| -------------
------------------------------------------------------------------------------------------------


------------------------------------------------------------------------------------------------
| Intra Clock Table
| -----------------
------------------------------------------------------------------------------------------------

Clock             WNS(ns)      TNS(ns)  TNS Failing Endpoints  TNS Total Endpoints      WHS(ns)      THS(ns)  THS Failing Endpoints  THS Total Endpoints     WPWS(ns)     TPWS(ns)  TPWS Failing Endpoints  TPWS Total Endpoints  
-----             -------      -------  ---------------------  -------------------      -------      -------  ---------------------  -------------------     --------     --------  ----------------------  --------------------  


------------------------------------------------------------------------------------------------
| Inter Clock Table
| -----------------
------------------------------------------------------------------------------------------------

From Clock    To Clock          WNS(ns)      TNS(ns)  TNS Failing Endpoints  TNS Total Endpoints      WHS(ns)      THS(ns)  THS Failing Endpoints  THS Total Endpoints  
----------    --------          -------      -------  ---------------------  -------------------      -------      -------  ---------------------  -------------------  


------------------------------------------------------------------------------------------------
| Other Path Groups Table
| -----------------------
------------------------------------------------------------------------------------------------

Path Group    From Clock    To Clock          WNS(ns)      TNS(ns)  TNS Failing Endpoints  TNS Total Endpoints      WHS(ns)      THS(ns)  THS Failing Endpoints  THS Total Endpoints  
----------    ----------    --------          -------      -------  ---------------------  -------------------      -------      -------  ---------------------  -------------------  


------------------------------------------------------------------------------------------------
| User Ignored Path Table
| -----------------------
------------------------------------------------------------------------------------------------

Path Group    From Clock    To Clock    
----------    ----------    --------    


------------------------------------------------------------------------------------------------
| Unconstrained Path Table
| ------------------------
------------------------------------------------------------------------------------------------

Path Group    From Clock    To Clock    
----------    ----------    --------    
(none)                                    


------------------------------------------------------------------------------------------------
| Timing Details
| --------------
------------------------------------------------------------------------------------------------


--------------------------------------------------------------------------------------
Path Group:  (none)
From Clock:  
  To Clock:  

Max Delay           131 Endpoints
Min Delay           131 Endpoints
--------------------------------------------------------------------------------------


Max Delay Paths
--------------------------------------------------------------------------------------
Slack:                    inf
  Source:                 dataRx_reg[1]/C
                            (rising edge-triggered cell FDRE)
  Destination:            dataRx[1]
                            (output port)
  Path Group:             (none)
  Path Type:              Max at Slow Process Corner
  Data Path Delay:        4.929ns  (logic 3.119ns (63.288%)  route 1.809ns (36.712%))
  Logic Levels:           2  (FDRE=1 OBUF=1)

    Location             Delay type                Incr(ns)  Path(ns)    Netlist Resource(s)
  -------------------------------------------------------------------    -------------------
    SLICE_X42Y3          FDRE                         0.000     0.000 r  dataRx_reg[1]/C
    SLICE_X42Y3          FDRE (Prop_fdre_C_Q)         0.518     0.518 r  dataRx_reg[1]/Q
                         net (fo=1, routed)           1.809     2.327    dataRx_OBUF[1]
    P16                  OBUF (Prop_obuf_I_O)         2.601     4.929 r  dataRx_OBUF[1]_inst/O
                         net (fo=0)                   0.000     4.929    dataRx[1]
    P16                                                               r  dataRx[1] (OUT)
  -------------------------------------------------------------------    -------------------

Slack:                    inf
  Source:                 dataRd_reg/C
                            (rising edge-triggered cell FDRE)
  Destination:            dataRd
                            (output port)
  Path Group:             (none)
  Path Type:              Max at Slow Process Corner
  Data Path Delay:        4.887ns  (logic 3.080ns (63.015%)  route 1.807ns (36.985%))
  Logic Levels:           2  (FDRE=1 OBUF=1)

    Location             Delay type                Incr(ns)  Path(ns)    Netlist Resource(s)
  -------------------------------------------------------------------    -------------------
    SLICE_X43Y6          FDRE                         0.000     0.000 r  dataRd_reg/C
    SLICE_X43Y6          FDRE (Prop_fdre_C_Q)         0.456     0.456 r  dataRd_reg/Q
                         net (fo=1, routed)           1.807     2.263    dataRd_OBUF
    V17                  OBUF (Prop_obuf_I_O)         2.624     4.887 r  dataRd_OBUF_inst/O
                         net (fo=0)                   0.000     4.887    dataRd
    V17                                                               r  dataRd (OUT)
  -------------------------------------------------------------------    -------------------

Slack:                    inf
  Source:                 dataRx_reg[0]/C
                            (rising edge-triggered cell FDRE)
  Destination:            dataRx[0]
                            (output port)
  Path Group:             (none)
  Path Type:              Max at Slow Process Corner
  Data Path Delay:        4.881ns  (logic 3.069ns (62.863%)  route 1.813ns (37.137%))
  Logic Levels:           2  (FDRE=1 OBUF=1)

    Location             Delay type                Incr(ns)  Path(ns)    Netlist Resource(s)
  -------------------------------------------------------------------    -------------------
    SLICE_X43Y3          FDRE                         0.000     0.000 r  dataRx_reg[0]/C
    SLICE_X43Y3          FDRE (Prop_fdre_C_Q)         0.456     0.456 r  dataRx_reg[0]/Q
                         net (fo=1, routed)           1.813     2.269    dataRx_OBUF[0]
    T19                  OBUF (Prop_obuf_I_O)         2.613     4.881 r  dataRx_OBUF[0]_inst/O
                         net (fo=0)                   0.000     4.881    dataRx[0]
    T19                                                               r  dataRx[0] (OUT)
  -------------------------------------------------------------------    -------------------

Slack:                    inf
  Source:                 dataRx_reg[4]/C
                            (rising edge-triggered cell FDRE)
  Destination:            dataRx[4]
                            (output port)
  Path Group:             (none)
  Path Type:              Max at Slow Process Corner
  Data Path Delay:        4.824ns  (logic 3.161ns (65.533%)  route 1.663ns (34.467%))
  Logic Levels:           2  (FDRE=1 OBUF=1)

    Location             Delay type                Incr(ns)  Path(ns)    Netlist Resource(s)
  -------------------------------------------------------------------    -------------------
    SLICE_X42Y3          FDRE                         0.000     0.000 r  dataRx_reg[4]/C
    SLICE_X42Y3          FDRE (Prop_fdre_C_Q)         0.518     0.518 r  dataRx_reg[4]/Q
                         net (fo=1, routed)           1.663     2.181    dataRx_OBUF[4]
    N17                  OBUF (Prop_obuf_I_O)         2.643     4.824 r  dataRx_OBUF[4]_inst/O
                         net (fo=0)                   0.000     4.824    dataRx[4]
    N17                                                               r  dataRx[4] (OUT)
  -------------------------------------------------------------------    -------------------

Slack:                    inf
  Source:                 dataRx_reg[3]/C
                            (rising edge-triggered cell FDRE)
  Destination:            dataRx[3]
                            (output port)
  Path Group:             (none)
  Path Type:              Max at Slow Process Corner
  Data Path Delay:        4.813ns  (logic 3.153ns (65.506%)  route 1.660ns (34.494%))
  Logic Levels:           2  (FDRE=1 OBUF=1)

    Location             Delay type                Incr(ns)  Path(ns)    Netlist Resource(s)
  -------------------------------------------------------------------    -------------------
    SLICE_X42Y3          FDRE                         0.000     0.000 r  dataRx_reg[3]/C
    SLICE_X42Y3          FDRE (Prop_fdre_C_Q)         0.518     0.518 r  dataRx_reg[3]/Q
                         net (fo=1, routed)           1.660     2.178    dataRx_OBUF[3]
    P18                  OBUF (Prop_obuf_I_O)         2.635     4.813 r  dataRx_OBUF[3]_inst/O
                         net (fo=0)                   0.000     4.813    dataRx[3]
    P18                                                               r  dataRx[3] (OUT)
  -------------------------------------------------------------------    -------------------

Slack:                    inf
  Source:                 dataRx_reg[2]/C
                            (rising edge-triggered cell FDRE)
  Destination:            dataRx[2]
                            (output port)
  Path Group:             (none)
  Path Type:              Max at Slow Process Corner
  Data Path Delay:        4.783ns  (logic 3.117ns (65.155%)  route 1.667ns (34.845%))
  Logic Levels:           2  (FDRE=1 OBUF=1)

    Location             Delay type                Incr(ns)  Path(ns)    Netlist Resource(s)
  -------------------------------------------------------------------    -------------------
    SLICE_X42Y3          FDRE                         0.000     0.000 r  dataRx_reg[2]/C
    SLICE_X42Y3          FDRE (Prop_fdre_C_Q)         0.518     0.518 r  dataRx_reg[2]/Q
                         net (fo=1, routed)           1.667     2.185    dataRx_OBUF[2]
    P15                  OBUF (Prop_obuf_I_O)         2.599     4.783 r  dataRx_OBUF[2]_inst/O
                         net (fo=0)                   0.000     4.783    dataRx[2]
    P15                                                               r  dataRx[2] (OUT)
  -------------------------------------------------------------------    -------------------

Slack:                    inf
  Source:                 dataRx_reg[6]/C
                            (rising edge-triggered cell FDRE)
  Destination:            dataRx[6]
                            (output port)
  Path Group:             (none)
  Path Type:              Max at Slow Process Corner
  Data Path Delay:        4.744ns  (logic 3.077ns (64.848%)  route 1.668ns (35.152%))
  Logic Levels:           2  (FDRE=1 OBUF=1)

    Location             Delay type                Incr(ns)  Path(ns)    Netlist Resource(s)
  -------------------------------------------------------------------    -------------------
    SLICE_X43Y5          FDRE                         0.000     0.000 r  dataRx_reg[6]/C
    SLICE_X43Y5          FDRE (Prop_fdre_C_Q)         0.456     0.456 r  dataRx_reg[6]/Q
                         net (fo=1, routed)           1.668     2.124    dataRx_OBUF[6]
    W18                  OBUF (Prop_obuf_I_O)         2.621     4.744 r  dataRx_OBUF[6]_inst/O
                         net (fo=0)                   0.000     4.744    dataRx[6]
    W18                                                               r  dataRx[6] (OUT)
  -------------------------------------------------------------------    -------------------

Slack:                    inf
  Source:                 dataRx_reg[7]/C
                            (rising edge-triggered cell FDRE)
  Destination:            dataRx[7]
                            (output port)
  Path Group:             (none)
  Path Type:              Max at Slow Process Corner
  Data Path Delay:        4.744ns  (logic 3.076ns (64.844%)  route 1.668ns (35.156%))
  Logic Levels:           2  (FDRE=1 OBUF=1)

    Location             Delay type                Incr(ns)  Path(ns)    Netlist Resource(s)
  -------------------------------------------------------------------    -------------------
    SLICE_X43Y6          FDRE                         0.000     0.000 r  dataRx_reg[7]/C
    SLICE_X43Y6          FDRE (Prop_fdre_C_Q)         0.456     0.456 r  dataRx_reg[7]/Q
                         net (fo=1, routed)           1.668     2.124    dataRx_OBUF[7]
    V18                  OBUF (Prop_obuf_I_O)         2.620     4.744 r  dataRx_OBUF[7]_inst/O
                         net (fo=0)                   0.000     4.744    dataRx[7]
    V18                                                               r  dataRx[7] (OUT)
  -------------------------------------------------------------------    -------------------

Slack:                    inf
  Source:                 dataRx_reg[5]/C
                            (rising edge-triggered cell FDRE)
  Destination:            dataRx[5]
                            (output port)
  Path Group:             (none)
  Path Type:              Max at Slow Process Corner
  Data Path Delay:        4.740ns  (logic 3.075ns (64.871%)  route 1.665ns (35.129%))
  Logic Levels:           2  (FDRE=1 OBUF=1)

    Location             Delay type                Incr(ns)  Path(ns)    Netlist Resource(s)
  -------------------------------------------------------------------    -------------------
    SLICE_X43Y5          FDRE                         0.000     0.000 r  dataRx_reg[5]/C
    SLICE_X43Y5          FDRE (Prop_fdre_C_Q)         0.456     0.456 r  dataRx_reg[5]/Q
                         net (fo=1, routed)           1.665     2.121    dataRx_OBUF[5]
    W19                  OBUF (Prop_obuf_I_O)         2.619     4.740 r  dataRx_OBUF[5]_inst/O
                         net (fo=0)                   0.000     4.740    dataRx[5]
    W19                                                               r  dataRx[5] (OUT)
  -------------------------------------------------------------------    -------------------

Slack:                    inf
  Source:                 SamplingCounter_RxData/cnt_S_U_reg[13]/C
                            (rising edge-triggered cell FDRE)
  Destination:            SamplingCounter_RxData/cnt_S_U_reg[0]/R
  Path Group:             (none)
  Path Type:              Max at Slow Process Corner
  Data Path Delay:        4.722ns  (logic 0.828ns (17.535%)  route 3.894ns (82.465%))
  Logic Levels:           4  (FDRE=1 LUT4=1 LUT6=2)

    Location             Delay type                Incr(ns)  Path(ns)    Netlist Resource(s)
  -------------------------------------------------------------------    -------------------
    SLICE_X41Y5          FDRE                         0.000     0.000 r  SamplingCounter_RxData/cnt_S_U_reg[13]/C
    SLICE_X41Y5          FDRE (Prop_fdre_C_Q)         0.456     0.456 r  SamplingCounter_RxData/cnt_S_U_reg[13]/Q
                         net (fo=3, routed)           0.880     1.336    SamplingCounter_RxData/cnt_S_U_reg[13]
    SLICE_X40Y4          LUT4 (Prop_lut4_I2_O)        0.124     1.460 f  SamplingCounter_RxData/cnt_S_U[0]_i_5/O
                         net (fo=1, routed)           0.787     2.247    SamplingCounter_RxData/cnt_S_U[0]_i_5_n_0
    SLICE_X40Y3          LUT6 (Prop_lut6_I0_O)        0.124     2.371 f  SamplingCounter_RxData/cnt_S_U[0]_i_3/O
                         net (fo=2, routed)           0.820     3.191    sckEdgeDetector/cnt_S_U_reg[13]
    SLICE_X40Y5          LUT6 (Prop_lut6_I0_O)        0.124     3.315 r  sckEdgeDetector/cnt_S_U[0]_i_1/O
                         net (fo=14, routed)          1.406     4.722    SamplingCounter_RxData/cnt_S_U_reg[13]_0
    SLICE_X41Y2          FDRE                                         r  SamplingCounter_RxData/cnt_S_U_reg[0]/R
  -------------------------------------------------------------------    -------------------





Min Delay Paths
--------------------------------------------------------------------------------------
Slack:                    inf
  Source:                 RxDataRegister/Out_S_reg[2]/C
                            (rising edge-triggered cell FDRE)
  Destination:            dataRx_s_reg[1]/D
  Path Group:             (none)
  Path Type:              Min at Fast Process Corner
  Data Path Delay:        0.207ns  (logic 0.141ns (68.017%)  route 0.066ns (31.983%))
  Logic Levels:           1  (FDRE=1)

    Location             Delay type                Incr(ns)  Path(ns)    Netlist Resource(s)
  -------------------------------------------------------------------    -------------------
    SLICE_X43Y4          FDRE                         0.000     0.000 r  RxDataRegister/Out_S_reg[2]/C
    SLICE_X43Y4          FDRE (Prop_fdre_C_Q)         0.141     0.141 r  RxDataRegister/Out_S_reg[2]/Q
                         net (fo=2, routed)           0.066     0.207    p_0_in[1]
    SLICE_X42Y4          FDRE                                         r  dataRx_s_reg[1]/D
  -------------------------------------------------------------------    -------------------

Slack:                    inf
  Source:                 RxDataRegister/Out_S_reg[5]/C
                            (rising edge-triggered cell FDRE)
  Destination:            dataRx_s_reg[4]/D
  Path Group:             (none)
  Path Type:              Min at Fast Process Corner
  Data Path Delay:        0.244ns  (logic 0.128ns (52.512%)  route 0.116ns (47.488%))
  Logic Levels:           1  (FDRE=1)

    Location             Delay type                Incr(ns)  Path(ns)    Netlist Resource(s)
  -------------------------------------------------------------------    -------------------
    SLICE_X43Y4          FDRE                         0.000     0.000 r  RxDataRegister/Out_S_reg[5]/C
    SLICE_X43Y4          FDRE (Prop_fdre_C_Q)         0.128     0.128 r  RxDataRegister/Out_S_reg[5]/Q
                         net (fo=2, routed)           0.116     0.244    p_0_in[4]
    SLICE_X42Y4          FDRE                                         r  dataRx_s_reg[4]/D
  -------------------------------------------------------------------    -------------------

Slack:                    inf
  Source:                 RxDataRegister/Out_S_reg[0]/C
                            (rising edge-triggered cell FDRE)
  Destination:            RxDataRegister/Out_S_reg[1]/D
  Path Group:             (none)
  Path Type:              Min at Fast Process Corner
  Data Path Delay:        0.245ns  (logic 0.141ns (57.511%)  route 0.104ns (42.489%))
  Logic Levels:           1  (FDRE=1)

    Location             Delay type                Incr(ns)  Path(ns)    Netlist Resource(s)
  -------------------------------------------------------------------    -------------------
    SLICE_X43Y4          FDRE                         0.000     0.000 r  RxDataRegister/Out_S_reg[0]/C
    SLICE_X43Y4          FDRE (Prop_fdre_C_Q)         0.141     0.141 r  RxDataRegister/Out_S_reg[0]/Q
                         net (fo=1, routed)           0.104     0.245    RxDataRegister/Out_S_reg_n_0_[0]
    SLICE_X43Y4          FDRE                                         r  RxDataRegister/Out_S_reg[1]/D
  -------------------------------------------------------------------    -------------------

Slack:                    inf
  Source:                 RxDataRegister/Out_S_reg[7]/C
                            (rising edge-triggered cell FDRE)
  Destination:            RxDataRegister/Out_S_reg[8]/D
  Path Group:             (none)
  Path Type:              Min at Fast Process Corner
  Data Path Delay:        0.247ns  (logic 0.128ns (51.795%)  route 0.119ns (48.205%))
  Logic Levels:           1  (FDRE=1)

    Location             Delay type                Incr(ns)  Path(ns)    Netlist Resource(s)
  -------------------------------------------------------------------    -------------------
    SLICE_X43Y4          FDRE                         0.000     0.000 r  RxDataRegister/Out_S_reg[7]/C
    SLICE_X43Y4          FDRE (Prop_fdre_C_Q)         0.128     0.128 r  RxDataRegister/Out_S_reg[7]/Q
                         net (fo=2, routed)           0.119     0.247    RxDataRegister/Q[6]
    SLICE_X40Y4          FDRE                                         r  RxDataRegister/Out_S_reg[8]/D
  -------------------------------------------------------------------    -------------------

Slack:                    inf
  Source:                 RxDataRegister/Out_S_reg[4]/C
                            (rising edge-triggered cell FDRE)
  Destination:            dataRx_s_reg[3]/D
  Path Group:             (none)
  Path Type:              Min at Fast Process Corner
  Data Path Delay:        0.255ns  (logic 0.128ns (50.217%)  route 0.127ns (49.783%))
  Logic Levels:           1  (FDRE=1)

    Location             Delay type                Incr(ns)  Path(ns)    Netlist Resource(s)
  -------------------------------------------------------------------    -------------------
    SLICE_X43Y4          FDRE                         0.000     0.000 r  RxDataRegister/Out_S_reg[4]/C
    SLICE_X43Y4          FDRE (Prop_fdre_C_Q)         0.128     0.128 r  RxDataRegister/Out_S_reg[4]/Q
                         net (fo=2, routed)           0.127     0.255    p_0_in[3]
    SLICE_X42Y4          FDRE                                         r  dataRx_s_reg[3]/D
  -------------------------------------------------------------------    -------------------

Slack:                    inf
  Source:                 RxDataRegister/Out_S_reg[4]/C
                            (rising edge-triggered cell FDRE)
  Destination:            RxDataRegister/Out_S_reg[5]/D
  Path Group:             (none)
  Path Type:              Min at Fast Process Corner
  Data Path Delay:        0.259ns  (logic 0.128ns (49.441%)  route 0.131ns (50.559%))
  Logic Levels:           1  (FDRE=1)

    Location             Delay type                Incr(ns)  Path(ns)    Netlist Resource(s)
  -------------------------------------------------------------------    -------------------
    SLICE_X43Y4          FDRE                         0.000     0.000 r  RxDataRegister/Out_S_reg[4]/C
    SLICE_X43Y4          FDRE (Prop_fdre_C_Q)         0.128     0.128 r  RxDataRegister/Out_S_reg[4]/Q
                         net (fo=2, routed)           0.131     0.259    RxDataRegister/Q[3]
    SLICE_X43Y4          FDRE                                         r  RxDataRegister/Out_S_reg[5]/D
  -------------------------------------------------------------------    -------------------

Slack:                    inf
  Source:                 RxDataRegister/Out_S_reg[3]/C
                            (rising edge-triggered cell FDRE)
  Destination:            dataRx_s_reg[2]/D
  Path Group:             (none)
  Path Type:              Min at Fast Process Corner
  Data Path Delay:        0.268ns  (logic 0.141ns (52.695%)  route 0.127ns (47.305%))
  Logic Levels:           1  (FDRE=1)

    Location             Delay type                Incr(ns)  Path(ns)    Netlist Resource(s)
  -------------------------------------------------------------------    -------------------
    SLICE_X43Y4          FDRE                         0.000     0.000 r  RxDataRegister/Out_S_reg[3]/C
    SLICE_X43Y4          FDRE (Prop_fdre_C_Q)         0.141     0.141 r  RxDataRegister/Out_S_reg[3]/Q
                         net (fo=2, routed)           0.127     0.268    p_0_in[2]
    SLICE_X42Y4          FDRE                                         r  dataRx_s_reg[2]/D
  -------------------------------------------------------------------    -------------------

Slack:                    inf
  Source:                 sckEdgeDetector/sck_edge_register_reg[0]/C
                            (rising edge-triggered cell FDRE)
  Destination:            sckEdgeDetector/sck_edge_register_reg[1]/D
  Path Group:             (none)
  Path Type:              Min at Fast Process Corner
  Data Path Delay:        0.273ns  (logic 0.128ns (46.835%)  route 0.145ns (53.165%))
  Logic Levels:           1  (FDRE=1)

    Location             Delay type                Incr(ns)  Path(ns)    Netlist Resource(s)
  -------------------------------------------------------------------    -------------------
    SLICE_X40Y5          FDRE                         0.000     0.000 r  sckEdgeDetector/sck_edge_register_reg[0]/C
    SLICE_X40Y5          FDRE (Prop_fdre_C_Q)         0.128     0.128 r  sckEdgeDetector/sck_edge_register_reg[0]/Q
                         net (fo=4, routed)           0.145     0.273    sckEdgeDetector/sck_edge_register[0]
    SLICE_X40Y5          FDRE                                         r  sckEdgeDetector/sck_edge_register_reg[1]/D
  -------------------------------------------------------------------    -------------------

Slack:                    inf
  Source:                 dataRx_s_reg[0]/C
                            (rising edge-triggered cell FDRE)
  Destination:            dataRx_reg[0]/D
  Path Group:             (none)
  Path Type:              Min at Fast Process Corner
  Data Path Delay:        0.274ns  (logic 0.164ns (59.853%)  route 0.110ns (40.147%))
  Logic Levels:           1  (FDRE=1)

    Location             Delay type                Incr(ns)  Path(ns)    Netlist Resource(s)
  -------------------------------------------------------------------    -------------------
    SLICE_X42Y4          FDRE                         0.000     0.000 r  dataRx_s_reg[0]/C
    SLICE_X42Y4          FDRE (Prop_fdre_C_Q)         0.164     0.164 r  dataRx_s_reg[0]/Q
                         net (fo=1, routed)           0.110     0.274    dataRx_s[0]
    SLICE_X43Y3          FDRE                                         r  dataRx_reg[0]/D
  -------------------------------------------------------------------    -------------------

Slack:                    inf
  Source:                 dataRx_s_reg[4]/C
                            (rising edge-triggered cell FDRE)
  Destination:            dataRx_reg[4]/D
  Path Group:             (none)
  Path Type:              Min at Fast Process Corner
  Data Path Delay:        0.297ns  (logic 0.148ns (49.898%)  route 0.149ns (50.102%))
  Logic Levels:           1  (FDRE=1)

    Location             Delay type                Incr(ns)  Path(ns)    Netlist Resource(s)
  -------------------------------------------------------------------    -------------------
    SLICE_X42Y4          FDRE                         0.000     0.000 r  dataRx_s_reg[4]/C
    SLICE_X42Y4          FDRE (Prop_fdre_C_Q)         0.148     0.148 r  dataRx_s_reg[4]/Q
                         net (fo=1, routed)           0.149     0.297    dataRx_s[4]
    SLICE_X42Y3          FDRE                                         r  dataRx_reg[4]/D
  -------------------------------------------------------------------    -------------------





