Copyright 1986-2022 Xilinx, Inc. All Rights Reserved. Copyright 2022-2024 Advanced Micro Devices, Inc. All Rights Reserved.
---------------------------------------------------------------------------------------------------------------------------------------------
| Tool Version : Vivado v.2024.2 (win64) Build 5239630 Fri Nov 08 22:35:27 MST 2024
| Date         : Sun Sep 14 18:40:02 2025
| Host         : DESKTOP-38PF9T6 running 64-bit major release  (build 9200)
| Command      : report_control_sets -verbose -file uartRx_control_sets_placed.rpt
| Design       : uartRx
| Device       : xc7z010
---------------------------------------------------------------------------------------------------------------------------------------------

Control Set Information

Table of Contents
-----------------
1. Summary
2. Histogram
3. Flip-Flop Distribution
4. Detailed Control Set Information

1. Summary
----------

+----------------------------------------------------------+-------+
|                          Status                          | Count |
+----------------------------------------------------------+-------+
| Total control sets                                       |     6 |
|    Minimum number of control sets                        |     6 |
|    Addition due to synthesis replication                 |     0 |
|    Addition due to physical synthesis replication        |     0 |
| Unused register locations in slices containing registers |    21 |
+----------------------------------------------------------+-------+
* Control sets can be merged at opt_design using control_set_merge or merge_equivalent_drivers
** Run report_qor_suggestions for automated merging and remapping suggestions


2. Histogram
------------

+--------------------+-------+
|       Fanout       | Count |
+--------------------+-------+
| Total control sets |     6 |
| >= 0 to < 4        |     1 |
| >= 4 to < 6        |     1 |
| >= 6 to < 8        |     0 |
| >= 8 to < 10       |     2 |
| >= 10 to < 12      |     0 |
| >= 12 to < 14      |     0 |
| >= 14 to < 16      |     2 |
| >= 16              |     0 |
+--------------------+-------+
* Control sets can be remapped at either synth_design or opt_design


3. Flip-Flop Distribution
-------------------------

+--------------+-----------------------+------------------------+-----------------+--------------+
| Clock Enable | Synchronous Set/Reset | Asynchronous Set/Reset | Total Registers | Total Slices |
+--------------+-----------------------+------------------------+-----------------+--------------+
| No           | No                    | No                     |               1 |            1 |
| No           | No                    | Yes                    |               0 |            0 |
| No           | Yes                   | No                     |              29 |           10 |
| Yes          | No                    | No                     |               0 |            0 |
| Yes          | No                    | Yes                    |               0 |            0 |
| Yes          | Yes                   | No                     |              21 |            5 |
+--------------+-----------------------+------------------------+-----------------+--------------+


4. Detailed Control Set Information
-----------------------------------

+----------------+--------------------+--------------------------------------------+------------------+----------------+--------------+
|  Clock Signal  |    Enable Signal   |              Set/Reset Signal              | Slice Load Count | Bel Load Count | Bels / Slice |
+----------------+--------------------+--------------------------------------------+------------------+----------------+--------------+
|  clk_IBUF_BUFG |                    |                                            |                1 |              1 |         1.00 |
|  clk_IBUF_BUFG | RxBitsCounter/E[0] | RxBitsCounter/cnt_S_U[3]_i_1_n_0           |                2 |              4 |         2.00 |
|  clk_IBUF_BUFG | dataRd_flag_q      | rst_IBUF                                   |                1 |              8 |         8.00 |
|  clk_IBUF_BUFG | RxBitsCounter/E[0] | rst_IBUF                                   |                2 |              9 |         4.50 |
|  clk_IBUF_BUFG |                    | sckEdgeDetector/sck_edge_register_reg[0]_0 |                4 |             14 |         3.50 |
|  clk_IBUF_BUFG |                    | rst_IBUF                                   |                6 |             15 |         2.50 |
+----------------+--------------------+--------------------------------------------+------------------+----------------+--------------+


