C:\Users\Facun\Documents\MCUXpressoIDE_11.10.0_3148\workspace\SPO2_HR/Utils/queue/Queue.h:12:7:Queue::Queue()	16	static
../src/ESP8266.cpp:13:1:ESP8266::ESP8266(serialCom*)	24	static
../src/ESP8266.cpp:28:6:static void ESP8266::timer_handler()	8	static
../src/ESP8266.cpp:34:6:void ESP8266::process_next()	32	static
../src/ESP8266.cpp:51:6:bool ESP8266::check_response_ok()	32	static
../src/ESP8266.cpp:91:6:virtual void ESP8266::callback()	16	static
../src/ESP8266.cpp:96:6:void ESP8266::inicializar_modulo()	144	static
../src/ESP8266.cpp:190:6:bool ESP8266::check_wifi_connected()	16	static
../src/ESP8266.cpp:197:6:void ESP8266::enviar_valor(uint32_t)	32	static
../src/ESP8266.cpp:212:6:void encolar_longitud(uint32_t)	32	static
../src/ESP8266.cpp:219:6:void ESP8266::send_lenght(uint8_t)	336	static
../src/ESP8266.cpp:232:6:void encolar_dato(uint32_t)	16	static
../src/ESP8266.cpp:241:9:uint8_t ESP8266::calcular_digitos(int32_t)	24	static
