#-----------------------------------------------------------
# Vivado v2024.2 (64-bit)
# SW Build 5239630 on Fri Nov 08 22:35:27 MST 2024
# IP Build 5239520 on Sun Nov 10 16:12:51 MST 2024
# SharedData Build 5239561 on Fri Nov 08 14:39:27 MST 2024
# Start of session at: Tue Sep  2 18:30:55 2025
# Process ID         : 8872
# Current directory  : C:/Users/Facun/Desktop/TD1_TPS_Locales/Exercise_Guide_Chapter_16/guia_16/guia_16.sim/sim_1/behav/xsim
# Command line       : vivado.exe -gui_launcher_event rodinguilauncherevent9500 C:\Users\Facun\Desktop\TD1_TPS_Locales\Exercise_Guide_Chapter_16\guia_16\guia_16.sim\sim_1\behav\xsim\uartRx_tb_behav.wdb
# Log file           : C:/Users/Facun/Desktop/TD1_TPS_Locales/Exercise_Guide_Chapter_16/guia_16/guia_16.sim/sim_1/behav/xsim/vivado.log
# Journal file       : C:/Users/Facun/Desktop/TD1_TPS_Locales/Exercise_Guide_Chapter_16/guia_16/guia_16.sim/sim_1/behav/xsim\vivado.jou
# Running On         : DESKTOP-38PF9T6
# Platform           : Windows Server 2016 or Windows 10
# Operating System   : 19045
# Processor Detail   : Intel(R) Core(TM) i5-1035G1 CPU @ 1.00GHz
# CPU Frequency      : 1190 MHz
# CPU Physical cores : 4
# CPU Logical cores  : 8
# Host memory        : 8334 MB
# Swap memory        : 9663 MB
# Total Virtual      : 17998 MB
# Available Virtual  : 6908 MB
#-----------------------------------------------------------
start_gui
open_wave_database {C:\Users\Facun\Desktop\TD1_TPS_Locales\Exercise_Guide_Chapter_16\guia_16\guia_16.sim\sim_1\behav\xsim\uartRx_tb_behav.wdb}
INFO: [IP_Flow 19-234] Refreshing IP repositories
INFO: [IP_Flow 19-1704] No user IP repositories specified
INFO: [IP_Flow 19-2313] Loaded Vivado IP repository 'C:/Xilinx/Vivado/2024.2/data/ip'.
current_fileset: Time (s): cpu = 00:00:19 ; elapsed = 00:00:10 . Memory (MB): peak = 1201.191 ; gain = 119.465
open_wave_database: Time (s): cpu = 00:00:21 ; elapsed = 00:00:11 . Memory (MB): peak = 1201.191 ; gain = 119.465
close_sim
INFO: [Simtcl 6-16] Simulation closed
exit
INFO: [Common 17-206] Exiting Vivado at Tue Sep  2 19:09:04 2025...
