
*** Running vivado
    with args -log alu.vds -m64 -product Vivado -mode batch -messageDb vivado.pb -notrace -source alu.tcl



****** Vivado v2024.2 (64-bit)
  **** SW Build 5239630 on Fri Nov 08 22:35:27 MST 2024
  **** IP Build 5239520 on Sun Nov 10 16:12:51 MST 2024
  **** SharedData Build 5239561 on Fri Nov 08 14:39:27 MST 2024
  **** Start of session at: Wed Sep 17 23:30:41 2025
    ** Copyright 1986-2022 Xilinx, Inc. All Rights Reserved.
    ** Copyright 2022-2024 Advanced Micro Devices, Inc. All Rights Reserved.

source alu.tcl -notrace
Command: read_checkpoint -auto_incremental -incremental C:/Users/Facun/Desktop/TD1_TPS_Locales/Exercise_Guide_Chapter_15/guia_15/guia_15.srcs/utils_1/imports/synth_1/top.dcp
INFO: [Vivado 12-5825] Read reference checkpoint from C:/Users/Facun/Desktop/TD1_TPS_Locales/Exercise_Guide_Chapter_15/guia_15/guia_15.srcs/utils_1/imports/synth_1/top.dcp for incremental synthesis
INFO: [Vivado 12-7989] Please ensure there are no constraint changes
Command: synth_design -top alu -part xc7z010clg400-1
Starting synth_design
Attempting to get a license for feature 'Synthesis' and/or device 'xc7z010'
INFO: [Common 17-349] Got license for feature 'Synthesis' and/or device 'xc7z010'
INFO: [Synth 8-7079] Multithreading enabled for synth_design using a maximum of 2 processes.
INFO: [Synth 8-7078] Launching helper process for spawning children vivado processes
INFO: [Synth 8-7075] Helper process launched with PID 18372
---------------------------------------------------------------------------------
Starting Synthesize : Time (s): cpu = 00:00:08 ; elapsed = 00:00:08 . Memory (MB): peak = 847.527 ; gain = 472.988
---------------------------------------------------------------------------------
INFO: [Synth 8-638] synthesizing module 'alu' [C:/Users/Facun/Desktop/TD1_TPS_Locales/Exercise_Guide_Chapter_15/guia_15/guia_15.srcs/sources_1/new/alu.vhd:37]
	Parameter N bound to: 16 - type: integer 
INFO: [Synth 8-3491] module 'myFFDREN' declared at 'C:/Users/Facun/Desktop/TD1_TPS_Locales/Exercise_Guide_Chapter_15/guia_15/guia_15.srcs/sources_1/new/myFFDREN.vhd:25' bound to instance 'reg_acc' of component 'myFFDREN' [C:/Users/Facun/Desktop/TD1_TPS_Locales/Exercise_Guide_Chapter_15/guia_15/guia_15.srcs/sources_1/new/alu.vhd:118]
INFO: [Synth 8-638] synthesizing module 'myFFDREN' [C:/Users/Facun/Desktop/TD1_TPS_Locales/Exercise_Guide_Chapter_15/guia_15/guia_15.srcs/sources_1/new/myFFDREN.vhd:34]
	Parameter N bound to: 16 - type: integer 
INFO: [Synth 8-256] done synthesizing module 'myFFDREN' (0#1) [C:/Users/Facun/Desktop/TD1_TPS_Locales/Exercise_Guide_Chapter_15/guia_15/guia_15.srcs/sources_1/new/myFFDREN.vhd:34]
INFO: [Synth 8-3491] module 'myFFDRE' declared at 'C:/Users/Facun/Desktop/TD1_TPS_Locales/Exercise_Guide_Chapter_15/guia_15/guia_15.srcs/sources_1/new/myFFDRE.vhd:25' bound to instance 'reg_carry' of component 'myFFDRE' [C:/Users/Facun/Desktop/TD1_TPS_Locales/Exercise_Guide_Chapter_15/guia_15/guia_15.srcs/sources_1/new/alu.vhd:122]
INFO: [Synth 8-638] synthesizing module 'myFFDRE' [C:/Users/Facun/Desktop/TD1_TPS_Locales/Exercise_Guide_Chapter_15/guia_15/guia_15.srcs/sources_1/new/myFFDRE.vhd:33]
INFO: [Synth 8-256] done synthesizing module 'myFFDRE' (0#1) [C:/Users/Facun/Desktop/TD1_TPS_Locales/Exercise_Guide_Chapter_15/guia_15/guia_15.srcs/sources_1/new/myFFDRE.vhd:33]
INFO: [Synth 8-3491] module 'myFFDRE' declared at 'C:/Users/Facun/Desktop/TD1_TPS_Locales/Exercise_Guide_Chapter_15/guia_15/guia_15.srcs/sources_1/new/myFFDRE.vhd:25' bound to instance 'reg_ovf' of component 'myFFDRE' [C:/Users/Facun/Desktop/TD1_TPS_Locales/Exercise_Guide_Chapter_15/guia_15/guia_15.srcs/sources_1/new/alu.vhd:123]
INFO: [Synth 8-3491] module 'myFFDRE' declared at 'C:/Users/Facun/Desktop/TD1_TPS_Locales/Exercise_Guide_Chapter_15/guia_15/guia_15.srcs/sources_1/new/myFFDRE.vhd:25' bound to instance 'reg_zero' of component 'myFFDRE' [C:/Users/Facun/Desktop/TD1_TPS_Locales/Exercise_Guide_Chapter_15/guia_15/guia_15.srcs/sources_1/new/alu.vhd:124]
INFO: [Synth 8-3491] module 'myFFDRE' declared at 'C:/Users/Facun/Desktop/TD1_TPS_Locales/Exercise_Guide_Chapter_15/guia_15/guia_15.srcs/sources_1/new/myFFDRE.vhd:25' bound to instance 'reg_neg' of component 'myFFDRE' [C:/Users/Facun/Desktop/TD1_TPS_Locales/Exercise_Guide_Chapter_15/guia_15/guia_15.srcs/sources_1/new/alu.vhd:125]
INFO: [Synth 8-3491] module 'myFFDRE' declared at 'C:/Users/Facun/Desktop/TD1_TPS_Locales/Exercise_Guide_Chapter_15/guia_15/guia_15.srcs/sources_1/new/myFFDRE.vhd:25' bound to instance 'reg_sat' of component 'myFFDRE' [C:/Users/Facun/Desktop/TD1_TPS_Locales/Exercise_Guide_Chapter_15/guia_15/guia_15.srcs/sources_1/new/alu.vhd:126]
INFO: [Synth 8-3491] module 'rot' declared at 'C:/Users/Facun/Desktop/TD1_TPS_Locales/Exercise_Guide_Chapter_15/guia_15/guia_15.srcs/sources_1/new/rot.vhd:26' bound to instance 'Rotator' of component 'rot' [C:/Users/Facun/Desktop/TD1_TPS_Locales/Exercise_Guide_Chapter_15/guia_15/guia_15.srcs/sources_1/new/alu.vhd:133]
INFO: [Synth 8-638] synthesizing module 'rot' [C:/Users/Facun/Desktop/TD1_TPS_Locales/Exercise_Guide_Chapter_15/guia_15/guia_15.srcs/sources_1/new/rot.vhd:32]
INFO: [Synth 8-256] done synthesizing module 'rot' (0#1) [C:/Users/Facun/Desktop/TD1_TPS_Locales/Exercise_Guide_Chapter_15/guia_15/guia_15.srcs/sources_1/new/rot.vhd:32]
	Parameter DATA_BITS bound to: 16 - type: integer 
INFO: [Synth 8-3491] module 'miniAlu' declared at 'C:/Users/Facun/Desktop/TD1_TPS_Locales/Exercise_Guide_Chapter_15/guia_15/guia_15.srcs/sources_1/new/miniAlu.vhd:27' bound to instance 'Mini' of component 'miniAlu' [C:/Users/Facun/Desktop/TD1_TPS_Locales/Exercise_Guide_Chapter_15/guia_15/guia_15.srcs/sources_1/new/alu.vhd:143]
INFO: [Synth 8-638] synthesizing module 'miniAlu' [C:/Users/Facun/Desktop/TD1_TPS_Locales/Exercise_Guide_Chapter_15/guia_15/guia_15.srcs/sources_1/new/miniAlu.vhd:41]
	Parameter DATA_BITS bound to: 16 - type: integer 
	Parameter N bound to: 16 - type: integer 
	Parameter ES_SIGNED bound to: 1 - type: bool 
INFO: [Synth 8-3491] module 'SumadorRestador_N_Bits_SignedUnsigned_CinCoutOverflow' declared at 'C:/Users/Facun/Desktop/TD1_TPS_Locales/Exercise_Guide_Chapter_15/guia_15/guia_15.srcs/sources_1/new/SumadorRestador_N_Bits_SignedUnsigned_CinCoutOverflow.vhd:26' bound to instance 'Inst_FullAdderExtended_N_Bits_SI_UN_CinCoutOv' of component 'SumadorRestador_N_Bits_SignedUnsigned_CinCoutOverflow' [C:/Users/Facun/Desktop/TD1_TPS_Locales/Exercise_Guide_Chapter_15/guia_15/guia_15.srcs/sources_1/new/miniAlu.vhd:91]
INFO: [Synth 8-638] synthesizing module 'SumadorRestador_N_Bits_SignedUnsigned_CinCoutOverflow' [C:/Users/Facun/Desktop/TD1_TPS_Locales/Exercise_Guide_Chapter_15/guia_15/guia_15.srcs/sources_1/new/SumadorRestador_N_Bits_SignedUnsigned_CinCoutOverflow.vhd:42]
	Parameter N bound to: 16 - type: integer 
	Parameter ES_SIGNED bound to: 1 - type: bool 
	Parameter N bound to: 16 - type: integer 
	Parameter ES_SIGNED bound to: 1 - type: bool 
INFO: [Synth 8-3491] module 'Sumador_N_Bits_Cin_Cout' declared at 'C:/Users/Facun/Desktop/TD1_TPS_Locales/Exercise_Guide_Chapter_15/guia_15/guia_15.srcs/sources_1/new/Sumador_N_Bits_Cin_Cout.vhd:25' bound to instance 'Inst_Sumador' of component 'Sumador_N_Bits_Cin_Cout' [C:/Users/Facun/Desktop/TD1_TPS_Locales/Exercise_Guide_Chapter_15/guia_15/guia_15.srcs/sources_1/new/SumadorRestador_N_Bits_SignedUnsigned_CinCoutOverflow.vhd:69]
INFO: [Synth 8-638] synthesizing module 'Sumador_N_Bits_Cin_Cout' [C:/Users/Facun/Desktop/TD1_TPS_Locales/Exercise_Guide_Chapter_15/guia_15/guia_15.srcs/sources_1/new/Sumador_N_Bits_Cin_Cout.vhd:39]
	Parameter N bound to: 16 - type: integer 
	Parameter ES_SIGNED bound to: 1 - type: bool 
INFO: [Synth 8-256] done synthesizing module 'Sumador_N_Bits_Cin_Cout' (0#1) [C:/Users/Facun/Desktop/TD1_TPS_Locales/Exercise_Guide_Chapter_15/guia_15/guia_15.srcs/sources_1/new/Sumador_N_Bits_Cin_Cout.vhd:39]
	Parameter N bound to: 16 - type: integer 
	Parameter ES_SIGNED bound to: 1 - type: bool 
INFO: [Synth 8-3491] module 'Restador_N_Bits_Bin_Bout' declared at 'C:/Users/Facun/Desktop/TD1_TPS_Locales/Exercise_Guide_Chapter_15/guia_15/guia_15.srcs/sources_1/new/Restador_N_Bits_Bin_Bout.vhd:25' bound to instance 'Inst_Restador' of component 'Restador_N_Bits_Bin_Bout' [C:/Users/Facun/Desktop/TD1_TPS_Locales/Exercise_Guide_Chapter_15/guia_15/guia_15.srcs/sources_1/new/SumadorRestador_N_Bits_SignedUnsigned_CinCoutOverflow.vhd:80]
INFO: [Synth 8-638] synthesizing module 'Restador_N_Bits_Bin_Bout' [C:/Users/Facun/Desktop/TD1_TPS_Locales/Exercise_Guide_Chapter_15/guia_15/guia_15.srcs/sources_1/new/Restador_N_Bits_Bin_Bout.vhd:39]
	Parameter N bound to: 16 - type: integer 
	Parameter ES_SIGNED bound to: 1 - type: bool 
INFO: [Synth 8-256] done synthesizing module 'Restador_N_Bits_Bin_Bout' (0#1) [C:/Users/Facun/Desktop/TD1_TPS_Locales/Exercise_Guide_Chapter_15/guia_15/guia_15.srcs/sources_1/new/Restador_N_Bits_Bin_Bout.vhd:39]
INFO: [Synth 8-256] done synthesizing module 'SumadorRestador_N_Bits_SignedUnsigned_CinCoutOverflow' (0#1) [C:/Users/Facun/Desktop/TD1_TPS_Locales/Exercise_Guide_Chapter_15/guia_15/guia_15.srcs/sources_1/new/SumadorRestador_N_Bits_SignedUnsigned_CinCoutOverflow.vhd:42]
INFO: [Synth 8-256] done synthesizing module 'miniAlu' (0#1) [C:/Users/Facun/Desktop/TD1_TPS_Locales/Exercise_Guide_Chapter_15/guia_15/guia_15.srcs/sources_1/new/miniAlu.vhd:41]
INFO: [Synth 8-256] done synthesizing module 'alu' (0#1) [C:/Users/Facun/Desktop/TD1_TPS_Locales/Exercise_Guide_Chapter_15/guia_15/guia_15.srcs/sources_1/new/alu.vhd:37]
---------------------------------------------------------------------------------
Finished Synthesize : Time (s): cpu = 00:00:11 ; elapsed = 00:00:11 . Memory (MB): peak = 954.395 ; gain = 579.855
---------------------------------------------------------------------------------
---------------------------------------------------------------------------------
Finished Constraint Validation : Time (s): cpu = 00:00:11 ; elapsed = 00:00:12 . Memory (MB): peak = 954.395 ; gain = 579.855
---------------------------------------------------------------------------------
---------------------------------------------------------------------------------
Start Loading Part and Timing Information
---------------------------------------------------------------------------------
Loading part: xc7z010clg400-1
---------------------------------------------------------------------------------
Finished Loading Part and Timing Information : Time (s): cpu = 00:00:11 ; elapsed = 00:00:12 . Memory (MB): peak = 954.395 ; gain = 579.855
---------------------------------------------------------------------------------
INFO: [Device 21-403] Loading part xc7z010clg400-1
---------------------------------------------------------------------------------
Start Preparing Guide Design
---------------------------------------------------------------------------------
CRITICAL WARNING: [Synth 8-6895] The reference checkpoint C:/Users/Facun/Desktop/TD1_TPS_Locales/Exercise_Guide_Chapter_15/guia_15/guia_15.srcs/utils_1/imports/synth_1/top.dcp is not suitable for use with incremental synthesis for this design. Please regenerate the checkpoint for this design with -incremental_synth switch in the same Vivado session that synth_design has been run. Synthesis will continue with the default flow
---------------------------------------------------------------------------------
Finished Doing Graph Differ : Time (s): cpu = 00:00:12 ; elapsed = 00:00:12 . Memory (MB): peak = 954.395 ; gain = 579.855
---------------------------------------------------------------------------------
---------------------------------------------------------------------------------
Finished Preparing Guide Design : Time (s): cpu = 00:00:12 ; elapsed = 00:00:12 . Memory (MB): peak = 954.395 ; gain = 579.855
---------------------------------------------------------------------------------
---------------------------------------------------------------------------------
Finished RTL Optimization Phase 2 : Time (s): cpu = 00:00:13 ; elapsed = 00:00:12 . Memory (MB): peak = 954.395 ; gain = 579.855
---------------------------------------------------------------------------------


Incremental Synthesis Report Summary:

1. Incremental synthesis run: no

   Reason for not running incremental synthesis : 


INFO: [Synth 8-7130] Flow is switching to default flow due to incremental criteria not met. If you would like to alter this behaviour and have the flow terminate instead, please set the following parameter config_implementation {autoIncr.Synth.RejectBehavior Terminate}
No constraint files found.
---------------------------------------------------------------------------------
Start RTL Component Statistics 
---------------------------------------------------------------------------------
Detailed RTL Component Info : 
+---Adders : 
	   2 Input   18 Bit       Adders := 1     
	   3 Input   18 Bit       Adders := 1     
+---XORs : 
	   2 Input     16 Bit         XORs := 1     
+---Registers : 
	               16 Bit    Registers := 1     
	                1 Bit    Registers := 5     
+---Muxes : 
	   2 Input   16 Bit        Muxes := 3     
	   4 Input   16 Bit        Muxes := 1     
	   3 Input   15 Bit        Muxes := 1     
	   2 Input    4 Bit        Muxes := 1     
	   2 Input    1 Bit        Muxes := 3     
	   3 Input    1 Bit        Muxes := 1     
	   8 Input    1 Bit        Muxes := 2     
---------------------------------------------------------------------------------
Finished RTL Component Statistics 
---------------------------------------------------------------------------------
---------------------------------------------------------------------------------
Start Part Resource Summary
---------------------------------------------------------------------------------
Part Resources:
DSPs: 80 (col length:40)
BRAMs: 120 (col length: RAMB18 40 RAMB36 20)
---------------------------------------------------------------------------------
Finished Part Resource Summary
---------------------------------------------------------------------------------
No constraint files found.
---------------------------------------------------------------------------------
Start Cross Boundary and Area Optimization
---------------------------------------------------------------------------------
WARNING: [Synth 8-7080] Parallel synthesis criteria is not met
---------------------------------------------------------------------------------
Finished Cross Boundary and Area Optimization : Time (s): cpu = 00:00:21 ; elapsed = 00:00:23 . Memory (MB): peak = 1180.145 ; gain = 805.605
---------------------------------------------------------------------------------
No constraint files found.
---------------------------------------------------------------------------------
Start Timing Optimization
---------------------------------------------------------------------------------
---------------------------------------------------------------------------------
Finished Timing Optimization : Time (s): cpu = 00:00:21 ; elapsed = 00:00:23 . Memory (MB): peak = 1189.039 ; gain = 814.500
---------------------------------------------------------------------------------
---------------------------------------------------------------------------------
Start Technology Mapping
---------------------------------------------------------------------------------
---------------------------------------------------------------------------------
Finished Technology Mapping : Time (s): cpu = 00:00:21 ; elapsed = 00:00:24 . Memory (MB): peak = 1189.039 ; gain = 814.500
---------------------------------------------------------------------------------
---------------------------------------------------------------------------------
Start IO Insertion
---------------------------------------------------------------------------------
---------------------------------------------------------------------------------
Start Flattening Before IO Insertion
---------------------------------------------------------------------------------
---------------------------------------------------------------------------------
Finished Flattening Before IO Insertion
---------------------------------------------------------------------------------
---------------------------------------------------------------------------------
Start Final Netlist Cleanup
---------------------------------------------------------------------------------
---------------------------------------------------------------------------------
Finished Final Netlist Cleanup
---------------------------------------------------------------------------------
---------------------------------------------------------------------------------
Finished IO Insertion : Time (s): cpu = 00:00:28 ; elapsed = 00:00:30 . Memory (MB): peak = 1358.207 ; gain = 983.668
---------------------------------------------------------------------------------
---------------------------------------------------------------------------------
Start Renaming Generated Instances
---------------------------------------------------------------------------------
---------------------------------------------------------------------------------
Finished Renaming Generated Instances : Time (s): cpu = 00:00:28 ; elapsed = 00:00:30 . Memory (MB): peak = 1358.207 ; gain = 983.668
---------------------------------------------------------------------------------
---------------------------------------------------------------------------------
Start Rebuilding User Hierarchy
---------------------------------------------------------------------------------
---------------------------------------------------------------------------------
Finished Rebuilding User Hierarchy : Time (s): cpu = 00:00:28 ; elapsed = 00:00:30 . Memory (MB): peak = 1358.207 ; gain = 983.668
---------------------------------------------------------------------------------
---------------------------------------------------------------------------------
Start Renaming Generated Ports
---------------------------------------------------------------------------------
---------------------------------------------------------------------------------
Finished Renaming Generated Ports : Time (s): cpu = 00:00:28 ; elapsed = 00:00:30 . Memory (MB): peak = 1358.207 ; gain = 983.668
---------------------------------------------------------------------------------
---------------------------------------------------------------------------------
Start Handling Custom Attributes
---------------------------------------------------------------------------------
---------------------------------------------------------------------------------
Finished Handling Custom Attributes : Time (s): cpu = 00:00:28 ; elapsed = 00:00:30 . Memory (MB): peak = 1358.207 ; gain = 983.668
---------------------------------------------------------------------------------
---------------------------------------------------------------------------------
Start Renaming Generated Nets
---------------------------------------------------------------------------------
---------------------------------------------------------------------------------
Finished Renaming Generated Nets : Time (s): cpu = 00:00:28 ; elapsed = 00:00:30 . Memory (MB): peak = 1358.207 ; gain = 983.668
---------------------------------------------------------------------------------
---------------------------------------------------------------------------------
Start Writing Synthesis Report
---------------------------------------------------------------------------------

Report BlackBoxes: 
+-+--------------+----------+
| |BlackBox name |Instances |
+-+--------------+----------+
+-+--------------+----------+

Report Cell Usage: 
+------+-------+------+
|      |Cell   |Count |
+------+-------+------+
|1     |BUFG   |     1|
|2     |CARRY4 |    10|
|3     |LUT1   |     1|
|4     |LUT2   |    33|
|5     |LUT3   |    24|
|6     |LUT4   |    28|
|7     |LUT5   |    25|
|8     |LUT6   |   117|
|9     |MUXF7  |     2|
|10    |FDRE   |    21|
|11    |IBUF   |    23|
|12    |OBUF   |    20|
+------+-------+------+

Report Instance Areas: 
+------+--------------------------------------------------+------------------------------------------------------+------+
|      |Instance                                          |Module                                                |Cells |
+------+--------------------------------------------------+------------------------------------------------------+------+
|1     |top                                               |                                                      |   305|
|2     |  Mini                                            |miniAlu                                               |    55|
|3     |    Inst_FullAdderExtended_N_Bits_SI_UN_CinCoutOv |SumadorRestador_N_Bits_SignedUnsigned_CinCoutOverflow |    55|
|4     |      Inst_Restador                               |Restador_N_Bits_Bin_Bout                              |     8|
|5     |      Inst_Sumador                                |Sumador_N_Bits_Cin_Cout                               |    47|
|6     |  reg_acc                                         |myFFDREN                                              |   188|
|7     |  reg_carry                                       |myFFDRE                                               |     5|
|8     |  reg_neg                                         |myFFDRE_0                                             |     3|
|9     |  reg_ovf                                         |myFFDRE_1                                             |     2|
|10    |  reg_sat                                         |myFFDRE_2                                             |     2|
|11    |  reg_zero                                        |myFFDRE_3                                             |     6|
+------+--------------------------------------------------+------------------------------------------------------+------+
---------------------------------------------------------------------------------
Finished Writing Synthesis Report : Time (s): cpu = 00:00:28 ; elapsed = 00:00:30 . Memory (MB): peak = 1358.207 ; gain = 983.668
---------------------------------------------------------------------------------
Synthesis finished with 0 errors, 1 critical warnings and 1 warnings.
Synthesis Optimization Runtime : Time (s): cpu = 00:00:28 ; elapsed = 00:00:30 . Memory (MB): peak = 1358.207 ; gain = 983.668
Synthesis Optimization Complete : Time (s): cpu = 00:00:28 ; elapsed = 00:00:30 . Memory (MB): peak = 1358.207 ; gain = 983.668
INFO: [Project 1-571] Translating synthesized netlist
Netlist sorting complete. Time (s): cpu = 00:00:00 ; elapsed = 00:00:00.009 . Memory (MB): peak = 1373.230 ; gain = 0.000
INFO: [Netlist 29-17] Analyzing 12 Unisim elements for replacement
INFO: [Netlist 29-28] Unisim Transformation completed in 0 CPU seconds
INFO: [Project 1-570] Preparing netlist for logic optimization
INFO: [Opt 31-138] Pushed 0 inverter(s) to 0 load pin(s).
Netlist sorting complete. Time (s): cpu = 00:00:00 ; elapsed = 00:00:00 . Memory (MB): peak = 1487.172 ; gain = 0.000
INFO: [Project 1-111] Unisim Transformation Summary:
No Unisim elements were transformed.

Synth Design complete | Checksum: c45b8c9c
INFO: [Common 17-83] Releasing license: Synthesis
42 Infos, 1 Warnings, 1 Critical Warnings and 0 Errors encountered.
synth_design completed successfully
synth_design: Time (s): cpu = 00:00:30 ; elapsed = 00:00:34 . Memory (MB): peak = 1487.172 ; gain = 1117.980
INFO: [runtcl-6] Synthesis results are not added to the cache due to CRITICAL_WARNING
Write ShapeDB Complete: Time (s): cpu = 00:00:00 ; elapsed = 00:00:00.006 . Memory (MB): peak = 1487.172 ; gain = 0.000
INFO: [Common 17-1381] The checkpoint 'C:/Users/Facun/Desktop/TD1_TPS_Locales/Exercise_Guide_Chapter_15/guia_15/guia_15.runs/synth_1/alu.dcp' has been generated.
INFO: [Vivado 12-24828] Executing command : report_utilization -file alu_utilization_synth.rpt -pb alu_utilization_synth.pb
INFO: [Common 17-206] Exiting Vivado at Wed Sep 17 23:31:23 2025...
