Vivado Simulator v2024.2.0
Copyright 1986-2022 Xilinx, Inc. All Rights Reserved.
Copyright 2022-2024 Advanced Micro Devices, Inc. All Rights Reserved.
Running: C:/Xilinx/Vivado/2024.2/bin/unwrapped/win64.o/xelab.exe --incr --debug typical --relax --mt 2 -L xil_defaultlib -L secureip -L xpm --snapshot blockRamTest0_tb_behav xil_defaultlib.blockRamTest0_tb -log elaborate.log 
Using 2 slave threads.
Starting static elaboration
Completed static elaboration
Starting simulation data flow analysis
Completed simulation data flow analysis
Time Resolution for simulation is 1ps
Compiling package std.standard
Compiling package std.textio
Compiling package ieee.std_logic_1164
Compiling package ieee.numeric_std
Compiling package unisim.vcomponents
Compiling package ieee.std_logic_arith
Compiling package ieee.std_logic_signed
Compiling package ieee.std_logic_textio
Compiling package ieee.vital_timing
Compiling package ieee.vital_primitives
Compiling package unisim.vpkg
Compiling architecture gnd_v of entity unisim.GND [gnd_default]
Compiling architecture rb18_internal_vhdl_v of entity unisim.RB18_INTERNAL_VHDL [\RB18_INTERNAL_VHDL(bram_size=18...]
Compiling architecture ramb18e1_v of entity unisim.RAMB18E1 [\RAMB18E1(init_00="1011101100001...]
Compiling architecture structure of entity xil_defaultlib.blockRamTest0_blk_mem_gen_prim_wrapper_init [blockramtest0_blk_mem_gen_prim_w...]
Compiling architecture structure of entity xil_defaultlib.blockRamTest0_blk_mem_gen_prim_width [blockramtest0_blk_mem_gen_prim_w...]
Compiling architecture structure of entity xil_defaultlib.blockRamTest0_blk_mem_gen_generic_cstr [blockramtest0_blk_mem_gen_generi...]
Compiling architecture structure of entity xil_defaultlib.blockRamTest0_blk_mem_gen_top [blockramtest0_blk_mem_gen_top_de...]
Compiling architecture structure of entity xil_defaultlib.blockRamTest0_blk_mem_gen_v8_4_9_synth [blockramtest0_blk_mem_gen_v8_4_9...]
Compiling architecture structure of entity xil_defaultlib.blockRamTest0_blk_mem_gen_v8_4_9 [blockramtest0_blk_mem_gen_v8_4_9...]
Compiling architecture structure of entity xil_defaultlib.blockRamTest0 [blockramtest0_default]
Compiling architecture behavioral of entity xil_defaultlib.blockramtest0_tb
Built simulation snapshot blockRamTest0_tb_behav
